../Core/Src/ssd1306/ssd1306.c:8:6:ssd1306_Reset	4	static
../Core/Src/ssd1306/ssd1306.c:14:6:ssd1306_WriteCommand	32	static
../Core/Src/ssd1306/ssd1306.c:20:6:ssd1306_WriteData	32	static
../Core/Src/ssd1306/ssd1306.c:68:17:ssd1306_FillBuffer	24	static
../Core/Src/ssd1306/ssd1306.c:79:6:ssd1306_Init	8	static
../Core/Src/ssd1306/ssd1306.c:182:6:ssd1306_Fill	16	static
../Core/Src/ssd1306/ssd1306.c:188:6:ssd1306_UpdateScreen	16	static
../Core/Src/ssd1306/ssd1306.c:210:6:ssd1306_DrawPixel	16	static
../Core/Src/ssd1306/ssd1306.c:231:6:ssd1306_WriteChar	48	static
../Core/Src/ssd1306/ssd1306.c:265:6:ssd1306_WriteString	32	static
../Core/Src/ssd1306/ssd1306.c:280:6:ssd1306_SetCursor	16	static
../Core/Src/ssd1306/ssd1306.c:287:6:ssd1306_Line	48	static
../Core/Src/ssd1306/ssd1306.c:315:6:ssd1306_Polyline	40	static
../Core/Src/ssd1306/ssd1306.c:330:14:ssd1306_DegToRad	16	static
../Core/Src/ssd1306/ssd1306.c:336:17:ssd1306_NormalizeTo0_360	24	static
../Core/Src/ssd1306/ssd1306.c:353:6:ssd1306_DrawArc	56	static
../Core/Src/ssd1306/ssd1306.c:393:6:ssd1306_DrawArcWithRadiusLine	64	static
../Core/Src/ssd1306/ssd1306.c:437:6:ssd1306_DrawCircle	40	static
../Core/Src/ssd1306/ssd1306.c:473:6:ssd1306_FillCircle	48	static
../Core/Src/ssd1306/ssd1306.c:510:6:ssd1306_DrawRectangle	32	static
../Core/Src/ssd1306/ssd1306.c:521:6:ssd1306_FillRectangle	32	static
../Core/Src/ssd1306/ssd1306.c:536:17:ssd1306_InvertRectangle	32	static
../Core/Src/ssd1306/ssd1306.c:568:6:ssd1306_DrawBitmap	24	static
../Core/Src/ssd1306/ssd1306.c:593:6:ssd1306_SetContrast	24	static
../Core/Src/ssd1306/ssd1306.c:600:6:ssd1306_SetDisplayOn	24	static
../Core/Src/ssd1306/ssd1306.c:613:9:ssd1306_GetDisplayOn	4	static
