../Core/Src/ssd1306/ssd1306_tests.c:113:6:ssd1306_TestBorder	16	static
../Core/Src/ssd1306/ssd1306_tests.c:140:6:ssd1306_TestFonts1	24	static
../Core/Src/ssd1306/ssd1306_tests.c:174:6:ssd1306_TestFonts2	32	static
../Core/Src/ssd1306/ssd1306_tests.c:200:6:ssd1306_TestFonts3	16	static
../Core/Src/ssd1306/ssd1306_tests.c:221:6:ssd1306_TestFPS	120	static
../Core/Src/ssd1306/ssd1306_tests.c:260:6:ssd1306_TestLine	16	static
../Core/Src/ssd1306/ssd1306_tests.c:269:6:ssd1306_TestRectangle	32	static
../Core/Src/ssd1306/ssd1306_tests.c:280:6:ssd1306_TestRectangleFill	16	static
../Core/Src/ssd1306/ssd1306_tests.c:289:6:ssd1306_TestRectangleInvert	16	static
../Core/Src/ssd1306/ssd1306_tests.c:314:6:ssd1306_TestCircle	16	static
../Core/Src/ssd1306/ssd1306_tests.c:330:6:ssd1306_TestArc	16	static
../Core/Src/ssd1306/ssd1306_tests.c:338:6:ssd1306_TestPolyline	32	static
../Core/Src/ssd1306/ssd1306_tests.c:355:6:ssd1306_TestDrawBitmap	16	static
../Core/Src/ssd1306/ssd1306_tests.c:370:6:ssd1306_TestAll	8	static
