Archive member included to satisfy reference by file (symbol)

/opt/st/stm32cubeide_1.16.0/plugins/com.st.stm32cube.ide.mcu.externaltools.gnu-tools-for-stm32.12.3.rel1.linux64_1.0.200.202406132123/tools/bin/../lib/gcc/arm-none-eabi/12.3.1/../../../../arm-none-eabi/lib/thumb/v7-m/nofp/libc_nano.a(libc_a-exit.o)
                              /opt/st/stm32cubeide_1.16.0/plugins/com.st.stm32cube.ide.mcu.externaltools.gnu-tools-for-stm32.12.3.rel1.linux64_1.0.200.202406132123/tools/bin/../lib/gcc/arm-none-eabi/12.3.1/../../../../arm-none-eabi/lib/thumb/v7-m/nofp/crt0.o (exit)
/opt/st/stm32cubeide_1.16.0/plugins/com.st.stm32cube.ide.mcu.externaltools.gnu-tools-for-stm32.12.3.rel1.linux64_1.0.200.202406132123/tools/bin/../lib/gcc/arm-none-eabi/12.3.1/../../../../arm-none-eabi/lib/thumb/v7-m/nofp/libc_nano.a(libc_a-findfp.o)
                              ./Middlewares/Third_Party/FreeRTOS/Source/tasks.o (__sf)
/opt/st/stm32cubeide_1.16.0/plugins/com.st.stm32cube.ide.mcu.externaltools.gnu-tools-for-stm32.12.3.rel1.linux64_1.0.200.202406132123/tools/bin/../lib/gcc/arm-none-eabi/12.3.1/../../../../arm-none-eabi/lib/thumb/v7-m/nofp/libc_nano.a(libc_a-fwalk.o)
                              /opt/st/stm32cubeide_1.16.0/plugins/com.st.stm32cube.ide.mcu.externaltools.gnu-tools-for-stm32.12.3.rel1.linux64_1.0.200.202406132123/tools/bin/../lib/gcc/arm-none-eabi/12.3.1/../../../../arm-none-eabi/lib/thumb/v7-m/nofp/libc_nano.a(libc_a-findfp.o) (_fwalk_sglue)
/opt/st/stm32cubeide_1.16.0/plugins/com.st.stm32cube.ide.mcu.externaltools.gnu-tools-for-stm32.12.3.rel1.linux64_1.0.200.202406132123/tools/bin/../lib/gcc/arm-none-eabi/12.3.1/../../../../arm-none-eabi/lib/thumb/v7-m/nofp/libc_nano.a(libc_a-stdio.o)
                              /opt/st/stm32cubeide_1.16.0/plugins/com.st.stm32cube.ide.mcu.externaltools.gnu-tools-for-stm32.12.3.rel1.linux64_1.0.200.202406132123/tools/bin/../lib/gcc/arm-none-eabi/12.3.1/../../../../arm-none-eabi/lib/thumb/v7-m/nofp/libc_nano.a(libc_a-findfp.o) (__sread)
/opt/st/stm32cubeide_1.16.0/plugins/com.st.stm32cube.ide.mcu.externaltools.gnu-tools-for-stm32.12.3.rel1.linux64_1.0.200.202406132123/tools/bin/../lib/gcc/arm-none-eabi/12.3.1/../../../../arm-none-eabi/lib/thumb/v7-m/nofp/libc_nano.a(libc_a-memset.o)
                              /opt/st/stm32cubeide_1.16.0/plugins/com.st.stm32cube.ide.mcu.externaltools.gnu-tools-for-stm32.12.3.rel1.linux64_1.0.200.202406132123/tools/bin/../lib/gcc/arm-none-eabi/12.3.1/../../../../arm-none-eabi/lib/thumb/v7-m/nofp/crt0.o (memset)
/opt/st/stm32cubeide_1.16.0/plugins/com.st.stm32cube.ide.mcu.externaltools.gnu-tools-for-stm32.12.3.rel1.linux64_1.0.200.202406132123/tools/bin/../lib/gcc/arm-none-eabi/12.3.1/../../../../arm-none-eabi/lib/thumb/v7-m/nofp/libc_nano.a(libc_a-closer.o)
                              /opt/st/stm32cubeide_1.16.0/plugins/com.st.stm32cube.ide.mcu.externaltools.gnu-tools-for-stm32.12.3.rel1.linux64_1.0.200.202406132123/tools/bin/../lib/gcc/arm-none-eabi/12.3.1/../../../../arm-none-eabi/lib/thumb/v7-m/nofp/libc_nano.a(libc_a-stdio.o) (_close_r)
/opt/st/stm32cubeide_1.16.0/plugins/com.st.stm32cube.ide.mcu.externaltools.gnu-tools-for-stm32.12.3.rel1.linux64_1.0.200.202406132123/tools/bin/../lib/gcc/arm-none-eabi/12.3.1/../../../../arm-none-eabi/lib/thumb/v7-m/nofp/libc_nano.a(libc_a-reent.o)
                              ./Middlewares/Third_Party/FreeRTOS/Source/tasks.o (_reclaim_reent)
/opt/st/stm32cubeide_1.16.0/plugins/com.st.stm32cube.ide.mcu.externaltools.gnu-tools-for-stm32.12.3.rel1.linux64_1.0.200.202406132123/tools/bin/../lib/gcc/arm-none-eabi/12.3.1/../../../../arm-none-eabi/lib/thumb/v7-m/nofp/libc_nano.a(libc_a-impure.o)
                              ./Middlewares/Third_Party/FreeRTOS/Source/tasks.o (_impure_ptr)
/opt/st/stm32cubeide_1.16.0/plugins/com.st.stm32cube.ide.mcu.externaltools.gnu-tools-for-stm32.12.3.rel1.linux64_1.0.200.202406132123/tools/bin/../lib/gcc/arm-none-eabi/12.3.1/../../../../arm-none-eabi/lib/thumb/v7-m/nofp/libc_nano.a(libc_a-lseekr.o)
                              /opt/st/stm32cubeide_1.16.0/plugins/com.st.stm32cube.ide.mcu.externaltools.gnu-tools-for-stm32.12.3.rel1.linux64_1.0.200.202406132123/tools/bin/../lib/gcc/arm-none-eabi/12.3.1/../../../../arm-none-eabi/lib/thumb/v7-m/nofp/libc_nano.a(libc_a-stdio.o) (_lseek_r)
/opt/st/stm32cubeide_1.16.0/plugins/com.st.stm32cube.ide.mcu.externaltools.gnu-tools-for-stm32.12.3.rel1.linux64_1.0.200.202406132123/tools/bin/../lib/gcc/arm-none-eabi/12.3.1/../../../../arm-none-eabi/lib/thumb/v7-m/nofp/libc_nano.a(libc_a-readr.o)
                              /opt/st/stm32cubeide_1.16.0/plugins/com.st.stm32cube.ide.mcu.externaltools.gnu-tools-for-stm32.12.3.rel1.linux64_1.0.200.202406132123/tools/bin/../lib/gcc/arm-none-eabi/12.3.1/../../../../arm-none-eabi/lib/thumb/v7-m/nofp/libc_nano.a(libc_a-stdio.o) (_read_r)
[...]
Memory Configuration

Name             Origin             Length             Attributes
RAM              0x20000000         0x00005000         xrw
FLASH            0x08000000         0x00020000         xr
*default*        0x00000000         0xffffffff

Linker script and memory map

LOAD /opt/st/stm32cubeide_1.16.0/plugins/com.st.stm32cube.ide.mcu.externaltools.gnu-tools-for-stm32.12.3.rel1.linux64_1.0.200.202406132123/tools/bin/../lib/gcc/arm-none-eabi/12.3.1/thumb/v7-m/nofp/crti.o
LOAD /opt/st/stm32cubeide_1.16.0/plugins/com.st.stm32cube.ide.mcu.externaltools.gnu-tools-for-stm32.12.3.rel1.linux64_1.0.200.202406132123/tools/bin/../lib/gcc/arm-none-eabi/12.3.1/thumb/v7-m/nofp/crtbegin.o
LOAD /opt/st/stm32cubeide_1.16.0/plugins/com.st.stm32cube.ide.mcu.externaltools.gnu-tools-for-stm32.12.3.rel1.linux64_1.0.200.202406132123/tools/bin/../lib/gcc/arm-none-eabi/12.3.1/../../../../arm-none-eabi/lib/thumb/v7-m/nofp/crt0.o
LOAD ./Core/Src/freertos.o
LOAD ./Core/Src/main.o
LOAD ./Core/Src/stm32f1xx_hal_msp.o
LOAD ./Core/Src/stm32f1xx_hal_timebase_tim.o
LOAD ./Core/Src/stm32f1xx_it.o
LOAD ./Core/Src/syscalls.o
LOAD ./Core/Src/sysmem.o
LOAD ./Core/Src/system_stm32f1xx.o
LOAD ./Core/Startup/startup_stm32f103cbtx.o
LOAD ./Drivers/STM32F1xx_HAL_Driver/Src/stm32f1xx_hal.o
LOAD ./Drivers/STM32F1xx_HAL_Driver/Src/stm32f1xx_hal_cortex.o
LOAD ./Drivers/STM32F1xx_HAL_Driver/Src/stm32f1xx_hal_dma.o
LOAD ./Drivers/STM32F1xx_HAL_Driver/Src/stm32f1xx_hal_exti.o
LOAD ./Drivers/STM32F1xx_HAL_Driver/Src/stm32f1xx_hal_flash.o
LOAD ./Drivers/STM32F1xx_HAL_Driver/Src/stm32f1xx_hal_flash_ex.o
LOAD ./Drivers/STM32F1xx_HAL_Driver/Src/stm32f1xx_hal_gpio.o
LOAD ./Drivers/STM32F1xx_HAL_Driver/Src/stm32f1xx_hal_gpio_ex.o
LOAD ./Drivers/STM32F1xx_HAL_Driver/Src/stm32f1xx_hal_i2c.o
LOAD ./Drivers/STM32F1xx_HAL_Driver/Src/stm32f1xx_hal_pcd.o
LOAD ./Drivers/STM32F1xx_HAL_Driver/Src/stm32f1xx_hal_pcd_ex.o
LOAD ./Drivers/STM32F1xx_HAL_Driver/Src/stm32f1xx_hal_pwr.o
LOAD ./Drivers/STM32F1xx_HAL_Driver/Src/stm32f1xx_hal_rcc.o
LOAD ./Drivers/STM32F1xx_HAL_Driver/Src/stm32f1xx_hal_rcc_ex.o
LOAD ./Drivers/STM32F1xx_HAL_Driver/Src/stm32f1xx_hal_tim.o
LOAD ./Drivers/STM32F1xx_HAL_Driver/Src/stm32f1xx_hal_tim_ex.o
LOAD ./Drivers/STM32F1xx_HAL_Driver/Src/stm32f1xx_hal_uart.o
LOAD ./Drivers/STM32F1xx_HAL_Driver/Src/stm32f1xx_ll_usb.o
LOAD ./FATFS/App/fatfs.o
LOAD ./FATFS/Target/user_diskio.o
LOAD ./Middlewares/ST/STM32_USB_Device_Library/Class/MSC/Src/usbd_msc.o
LOAD ./Middlewares/ST/STM32_USB_Device_Library/Class/MSC/Src/usbd_msc_bot.o
LOAD ./Middlewares/ST/STM32_USB_Device_Library/Class/MSC/Src/usbd_msc_data.o
LOAD ./Middlewares/ST/STM32_USB_Device_Library/Class/MSC/Src/usbd_msc_scsi.o
LOAD ./Middlewares/ST/STM32_USB_Device_Library/Core/Src/usbd_core.o
LOAD ./Middlewares/ST/STM32_USB_Device_Library/Core/Src/usbd_ctlreq.o
LOAD ./Middlewares/ST/STM32_USB_Device_Library/Core/Src/usbd_ioreq.o
LOAD ./Middlewares/Third_Party/FatFs/src/diskio.o
LOAD ./Middlewares/Third_Party/FatFs/src/ff.o
LOAD ./Middlewares/Third_Party/FatFs/src/ff_gen_drv.o
LOAD ./Middlewares/Third_Party/FatFs/src/option/syscall.o
LOAD ./Middlewares/Third_Party/FreeRTOS/Source/CMSIS_RTOS_V2/cmsis_os2.o
LOAD ./Middlewares/Third_Party/FreeRTOS/Source/croutine.o
LOAD ./Middlewares/Third_Party/FreeRTOS/Source/event_groups.o
LOAD ./Middlewares/Third_Party/FreeRTOS/Source/list.o
LOAD ./Middlewares/Third_Party/FreeRTOS/Source/queue.o
LOAD ./Middlewares/Third_Party/FreeRTOS/Source/stream_buffer.o
LOAD ./Middlewares/Third_Party/FreeRTOS/Source/tasks.o
LOAD ./Middlewares/Third_Party/FreeRTOS/Source/timers.o
LOAD ./Middlewares/Third_Party/FreeRTOS/Source/portable/GCC/ARM_CM3/port.o
LOAD ./Middlewares/Third_Party/FreeRTOS/Source/portable/MemMang/heap_4.o
LOAD ./USB_DEVICE/App/usb_device.o
LOAD ./USB_DEVICE/App/usbd_desc.o
LOAD ./USB_DEVICE/App/usbd_storage_if.o
LOAD ./USB_DEVICE/Target/usbd_conf.o
START GROUP
LOAD /opt/st/stm32cubeide_1.16.0/plugins/com.st.stm32cube.ide.mcu.externaltools.gnu-tools-for-stm32.12.3.rel1.linux64_1.0.200.202406132123/tools/bin/../lib/gcc/arm-none-eabi/12.3.1/../../../../arm-none-eabi/lib/thumb/v7-m/nofp/libc_nano.a
LOAD /opt/st/stm32cubeide_1.16.0/plugins/com.st.stm32cube.ide.mcu.externaltools.gnu-tools-for-stm32.12.3.rel1.linux64_1.0.200.202406132123/tools/bin/../lib/gcc/arm-none-eabi/12.3.1/../../../../arm-none-eabi/lib/thumb/v7-m/nofp/libm.a
END GROUP
START GROUP
LOAD /opt/st/stm32cubeide_1.16.0/plugins/com.st.stm32cube.ide.mcu.externaltools.gnu-tools-for-stm32.12.3.rel1.linux64_1.0.200.202406132123/tools/bin/../lib/gcc/arm-none-eabi/12.3.1/thumb/v7-m/nofp/libgcc.a
LOAD /opt/st/stm32cubeide_1.16.0/plugins/com.st.stm32cube.ide.mcu.externaltools.gnu-tools-for-stm32.12.3.rel1.linux64_1.0.200.202406132123/tools/bin/../lib/gcc/arm-none-eabi/12.3.1/../../../../arm-none-eabi/lib/thumb/v7-m/nofp/libc_nano.a
END GROUP
START GROUP
LOAD /opt/st/stm32cubeide_1.16.0/plugins/com.st.stm32cube.ide.mcu.externaltools.gnu-tools-for-stm32.12.3.rel1.linux64_1.0.200.202406132123/tools/bin/../lib/gcc/arm-none-eabi/12.3.1/thumb/v7-m/nofp/libgcc.a
LOAD /opt/st/stm32cubeide_1.16.0/plugins/com.st.stm32cube.ide.mcu.externaltools.gnu-tools-for-stm32.12.3.rel1.linux64_1.0.200.202406132123/tools/bin/../lib/gcc/arm-none-eabi/12.3.1/../../../../arm-none-eabi/lib/thumb/v7-m/nofp/libc_nano.a
LOAD /opt/st/stm32cubeide_1.16.0/plugins/com.st.stm32cube.ide.mcu.externaltools.gnu-tools-for-stm32.12.3.rel1.linux64_1.0.200.202406132123/tools/bin/../lib/gcc/arm-none-eabi/12.3.1/../../../../arm-none-eabi/lib/thumb/v7-m/nofp/libnosys.a
END GROUP
START GROUP
LOAD /opt/st/stm32cubeide_1.16.0/plugins/com.st.stm32cube.ide.mcu.externaltools.gnu-tools-for-stm32.12.3.rel1.linux64_1.0.200.202406132123/tools/bin/../lib/gcc/arm-none-eabi/12.3.1/thumb/v7-m/nofp/libgcc.a
LOAD /opt/st/stm32cubeide_1.16.0/plugins/com.st.stm32cube.ide.mcu.externaltools.gnu-tools-for-stm32.12.3.rel1.linux64_1.0.200.202406132123/tools/bin/../lib/gcc/arm-none-eabi/12.3.1/../../../../arm-none-eabi/lib/thumb/v7-m/nofp/libc_nano.a
LOAD /opt/st/stm32cubeide_1.16.0/plugins/com.st.stm32cube.ide.mcu.externaltools.gnu-tools-for-stm32.12.3.rel1.linux64_1.0.200.202406132123/tools/bin/../lib/gcc/arm-none-eabi/12.3.1/../../../../arm-none-eabi/lib/thumb/v7-m/nofp/libnosys.a
END GROUP
LOAD /opt/st/stm32cubeide_1.16.0/plugins/com.st.stm32cube.ide.mcu.externaltools.gnu-tools-for-stm32.12.3.rel1.linux64_1.0.200.202406132123/tools/bin/../lib/gcc/arm-none-eabi/12.3.1/thumb/v7-m/nofp/crtend.o
LOAD /opt/st/stm32cubeide_1.16.0/plugins/com.st.stm32cube.ide.mcu.externaltools.gnu-tools-for-stm32.12.3.rel1.linux64_1.0.200.202406132123/tools/bin/../lib/gcc/arm-none-eabi/12.3.1/thumb/v7-m/nofp/crtn.o
                0x20005000                        _estack = (ORIGIN (RAM) + LENGTH (RAM))
                0x00000200                        _Min_Heap_Size = 0x200
                0x00000400                        _Min_Stack_Size = 0x400

.isr_vector     0x08000000      0x10c
                0x08000000                        . = ALIGN (0x4)
 *(.isr_vector)
 .isr_vector    0x08000000      0x10c ./Core/Startup/startup_stm32f103cbtx.o
                0x08000000                g_pfnVectors
                0x0800010c                        . = ALIGN (0x4)

.text           0x08000110     0xbd18
                0x08000110                        . = ALIGN (0x4)
 *(.text)
 .text          0x08000110       0x40 /opt/st/stm32cubeide_1.16.0/plugins/com.st.stm32cube.ide.mcu.externaltools.gnu-tools-for-stm32.12.3.rel1.linux64_1.0.200.202406132123/tools/bin/../lib/gcc/arm-none-eabi/12.3.1/thumb/v7-m/nofp/crtbegin.o
 *(.text*)
 .text.main     0x08000150       0x48 ./Core/Src/main.o
                0x08000150                main
 .text.SystemClock_Config
                0x08000198       0xb8 ./Core/Src/main.o
                0x08000198                SystemClock_Config
 .text.MX_I2C1_Init
                0x08000250       0x5c ./Core/Src/main.o
 .text.MX_I2C2_Init
                0x080002ac       0x5c ./Core/Src/main.o
 .text.MX_USART1_UART_Init
                0x08000308       0x54 ./Core/Src/main.o
 .text.MX_GPIO_Init
                0x0800035c       0x5c ./Core/Src/main.o
 .text.StartDefaultTask
                0x080003b8       0x14 ./Core/Src/main.o
                0x080003b8                StartDefaultTask
 .text.HAL_TIM_PeriodElapsedCallback
                0x080003cc       0x24 ./Core/Src/main.o
                0x080003cc                HAL_TIM_PeriodElapsedCallback
 .text.Error_Handler
                0x080003f0        0xc ./Core/Src/main.o
                0x080003f0                Error_Handler
 .text.HAL_MspInit
                0x080003fc       0x70 ./Core/Src/stm32f1xx_hal_msp.o
                0x080003fc                HAL_MspInit
 .text.HAL_I2C_MspInit
                0x0800046c       0xd8 ./Core/Src/stm32f1xx_hal_msp.o
                0x0800046c                HAL_I2C_MspInit
 .text.HAL_UART_MspInit
                0x08000544       0x98 ./Core/Src/stm32f1xx_hal_msp.o
                0x08000544                HAL_UART_MspInit
 .text.HAL_InitTick
                0x080005dc       0xe4 ./Core/Src/stm32f1xx_hal_timebase_tim.o
                0x080005dc                HAL_InitTick
 .text.NMI_Handler
                0x080006c0        0xc ./Core/Src/stm32f1xx_it.o
                0x080006c0                NMI_Handler
 .text.HardFault_Handler
                0x080006cc        0x8 ./Core/Src/stm32f1xx_it.o
                0x080006cc                HardFault_Handler
 .text.MemManage_Handler
                0x080006d4        0x8 ./Core/Src/stm32f1xx_it.o
                0x080006d4                MemManage_Handler
 .text.BusFault_Handler
                0x080006dc        0x8 ./Core/Src/stm32f1xx_it.o
                0x080006dc                BusFault_Handler
 .text.UsageFault_Handler
                0x080006e4        0x8 ./Core/Src/stm32f1xx_it.o
                0x080006e4                UsageFault_Handler
 .text.DebugMon_Handler
                0x080006ec        0xc ./Core/Src/stm32f1xx_it.o
                0x080006ec                DebugMon_Handler
 .text.USB_LP_CAN1_RX0_IRQHandler
                0x080006f8       0x14 ./Core/Src/stm32f1xx_it.o
                0x080006f8                USB_LP_CAN1_RX0_IRQHandler
 .text.TIM1_UP_IRQHandler
                0x0800070c       0x14 ./Core/Src/stm32f1xx_it.o
                0x0800070c                TIM1_UP_IRQHandler
 .text.SystemInit
                0x08000720        0xc ./Core/Src/system_stm32f1xx.o
                0x08000720                SystemInit
 .text.Reset_Handler
                0x0800072c       0x48 ./Core/Startup/startup_stm32f103cbtx.o
                0x0800072c                Reset_Handler
 .text.Default_Handler
                0x08000774        0x2 ./Core/Startup/startup_stm32f103cbtx.o
                0x08000774                RTC_Alarm_IRQHandler
                0x08000774                EXTI2_IRQHandler
                0x08000774                TIM1_CC_IRQHandler
                0x08000774                PVD_IRQHandler
                0x08000774                EXTI3_IRQHandler
                0x08000774                EXTI0_IRQHandler
                0x08000774                I2C2_EV_IRQHandler
                0x08000774                ADC1_2_IRQHandler
                0x08000774                SPI1_IRQHandler
                0x08000774                TAMPER_IRQHandler
                0x08000774                DMA1_Channel4_IRQHandler
                0x08000774                USART3_IRQHandler
                0x08000774                RTC_IRQHandler
                0x08000774                DMA1_Channel7_IRQHandler
                0x08000774                CAN1_RX1_IRQHandler
                0x08000774                TIM4_IRQHandler
                0x08000774                I2C1_EV_IRQHandler
                0x08000774                DMA1_Channel6_IRQHandler
                0x08000774                TIM3_IRQHandler
                0x08000774                RCC_IRQHandler
                0x08000774                TIM1_TRG_COM_IRQHandler
                0x08000774                DMA1_Channel1_IRQHandler
                0x08000774                Default_Handler
                0x08000774                EXTI15_10_IRQHandler
                0x08000774                EXTI9_5_IRQHandler
                0x08000774                SPI2_IRQHandler
                0x08000774                DMA1_Channel5_IRQHandler
                0x08000774                EXTI4_IRQHandler
                0x08000774                USB_HP_CAN1_TX_IRQHandler
                0x08000774                DMA1_Channel3_IRQHandler
                0x08000774                WWDG_IRQHandler
                0x08000774                TIM2_IRQHandler
                0x08000774                TIM1_BRK_IRQHandler
                0x08000774                EXTI1_IRQHandler
                0x08000774                USART2_IRQHandler
                0x08000774                I2C2_ER_IRQHandler
                0x08000774                DMA1_Channel2_IRQHandler
                0x08000774                CAN1_SCE_IRQHandler
                0x08000774                FLASH_IRQHandler
                0x08000774                USART1_IRQHandler
                0x08000774                I2C1_ER_IRQHandler
                0x08000774                USBWakeUp_IRQHandler
 *fill*         0x08000776        0x2 
 .text.HAL_Init
                0x08000778       0x2c ./Drivers/STM32F1xx_HAL_Driver/Src/stm32f1xx_hal.o
                0x08000778                HAL_Init
 .text.HAL_IncTick
                0x080007a4       0x24 ./Drivers/STM32F1xx_HAL_Driver/Src/stm32f1xx_hal.o
                0x080007a4                HAL_IncTick
 .text.HAL_GetTick
                0x080007c8       0x14 ./Drivers/STM32F1xx_HAL_Driver/Src/stm32f1xx_hal.o
                0x080007c8                HAL_GetTick
 .text.__NVIC_SetPriorityGrouping
                0x080007dc       0x48 ./Drivers/STM32F1xx_HAL_Driver/Src/stm32f1xx_hal_cortex.o
 .text.__NVIC_GetPriorityGrouping
                0x08000824       0x1c ./Drivers/STM32F1xx_HAL_Driver/Src/stm32f1xx_hal_cortex.o
 .text.__NVIC_EnableIRQ
                0x08000840       0x38 ./Drivers/STM32F1xx_HAL_Driver/Src/stm32f1xx_hal_cortex.o
 .text.__NVIC_SetPriority
                0x08000878       0x54 ./Drivers/STM32F1xx_HAL_Driver/Src/stm32f1xx_hal_cortex.o
 .text.NVIC_EncodePriority
                0x080008cc       0x64 ./Drivers/STM32F1xx_HAL_Driver/Src/stm32f1xx_hal_cortex.o
 .text.HAL_NVIC_SetPriorityGrouping
                0x08000930       0x16 ./Drivers/STM32F1xx_HAL_Driver/Src/stm32f1xx_hal_cortex.o
                0x08000930                HAL_NVIC_SetPriorityGrouping
 .text.HAL_NVIC_SetPriority
                0x08000946       0x38 ./Drivers/STM32F1xx_HAL_Driver/Src/stm32f1xx_hal_cortex.o
                0x08000946                HAL_NVIC_SetPriority
 .text.HAL_NVIC_EnableIRQ
                0x0800097e       0x1c ./Drivers/STM32F1xx_HAL_Driver/Src/stm32f1xx_hal_cortex.o
                0x0800097e                HAL_NVIC_EnableIRQ
 *fill*         0x0800099a        0x2 
 .text.HAL_GPIO_Init
                0x0800099c      0x308 ./Drivers/STM32F1xx_HAL_Driver/Src/stm32f1xx_hal_gpio.o
                0x0800099c                HAL_GPIO_Init
 .text.HAL_I2C_Init
                0x08000ca4      0x288 ./Drivers/STM32F1xx_HAL_Driver/Src/stm32f1xx_hal_i2c.o
                0x08000ca4                HAL_I2C_Init
 .text.HAL_PCD_Init
                0x08000f2c      0x1fe ./Drivers/STM32F1xx_HAL_Driver/Src/stm32f1xx_hal_pcd.o
                0x08000f2c                HAL_PCD_Init
 .text.HAL_PCD_Start
                0x0800112a       0x4c ./Drivers/STM32F1xx_HAL_Driver/Src/stm32f1xx_hal_pcd.o
                0x0800112a                HAL_PCD_Start
 .text.HAL_PCD_IRQHandler
                0x08001176      0x260 ./Drivers/STM32F1xx_HAL_Driver/Src/stm32f1xx_hal_pcd.o
                0x08001176                HAL_PCD_IRQHandler
 .text.HAL_PCD_SetAddress
                0x080013d6       0x4a ./Drivers/STM32F1xx_HAL_Driver/Src/stm32f1xx_hal_pcd.o
                0x080013d6                HAL_PCD_SetAddress
 .text.HAL_PCD_EP_Open
                0x08001420       0xba ./Drivers/STM32F1xx_HAL_Driver/Src/stm32f1xx_hal_pcd.o
                0x08001420                HAL_PCD_EP_Open
 .text.HAL_PCD_EP_Close
                0x080014da       0x90 ./Drivers/STM32F1xx_HAL_Driver/Src/stm32f1xx_hal_pcd.o
                0x080014da                HAL_PCD_EP_Close
 .text.HAL_PCD_EP_Receive
                0x0800156a       0x62 ./Drivers/STM32F1xx_HAL_Driver/Src/stm32f1xx_hal_pcd.o
                0x0800156a                HAL_PCD_EP_Receive
 .text.HAL_PCD_EP_GetRxCount
                0x080015cc       0x2e ./Drivers/STM32F1xx_HAL_Driver/Src/stm32f1xx_hal_pcd.o
                0x080015cc                HAL_PCD_EP_GetRxCount
 .text.HAL_PCD_EP_Transmit
                0x080015fa       0x6e ./Drivers/STM32F1xx_HAL_Driver/Src/stm32f1xx_hal_pcd.o
                0x080015fa                HAL_PCD_EP_Transmit
 .text.HAL_PCD_EP_SetStall
                0x08001668       0xc0 ./Drivers/STM32F1xx_HAL_Driver/Src/stm32f1xx_hal_pcd.o
                0x08001668                HAL_PCD_EP_SetStall
 .text.HAL_PCD_EP_ClrStall
                0x08001728       0xa8 ./Drivers/STM32F1xx_HAL_Driver/Src/stm32f1xx_hal_pcd.o
                0x08001728                HAL_PCD_EP_ClrStall
 .text.HAL_PCD_EP_Flush
                0x080017d0       0x5a ./Drivers/STM32F1xx_HAL_Driver/Src/stm32f1xx_hal_pcd.o
                0x080017d0                HAL_PCD_EP_Flush
 .text.PCD_EP_ISR_Handler
                0x0800182a      0x7a4 ./Drivers/STM32F1xx_HAL_Driver/Src/stm32f1xx_hal_pcd.o
 .text.HAL_PCD_EP_DB_Receive
                0x08001fce      0x21a ./Drivers/STM32F1xx_HAL_Driver/Src/stm32f1xx_hal_pcd.o
 .text.HAL_PCD_EP_DB_Transmit
                0x080021e8      0x7f4 ./Drivers/STM32F1xx_HAL_Driver/Src/stm32f1xx_hal_pcd.o
 .text.HAL_PCDEx_PMAConfig
                0x080029dc       0x84 ./Drivers/STM32F1xx_HAL_Driver/Src/stm32f1xx_hal_pcd_ex.o
                0x080029dc                HAL_PCDEx_PMAConfig
 .text.HAL_RCC_OscConfig
                0x08002a60      0x504 ./Drivers/STM32F1xx_HAL_Driver/Src/stm32f1xx_hal_rcc.o
                0x08002a60                HAL_RCC_OscConfig
 .text.HAL_RCC_ClockConfig
                0x08002f64      0x1d4 ./Drivers/STM32F1xx_HAL_Driver/Src/stm32f1xx_hal_rcc.o
                0x08002f64                HAL_RCC_ClockConfig
 .text.HAL_RCC_EnableCSS
                0x08003138       0x18 ./Drivers/STM32F1xx_HAL_Driver/Src/stm32f1xx_hal_rcc.o
                0x08003138                HAL_RCC_EnableCSS
 .text.HAL_RCC_GetSysClockFreq
                0x08003150       0xac ./Drivers/STM32F1xx_HAL_Driver/Src/stm32f1xx_hal_rcc.o
                0x08003150                HAL_RCC_GetSysClockFreq
 .text.HAL_RCC_GetHCLKFreq
                0x080031fc       0x14 ./Drivers/STM32F1xx_HAL_Driver/Src/stm32f1xx_hal_rcc.o
                0x080031fc                HAL_RCC_GetHCLKFreq
 .text.HAL_RCC_GetPCLK1Freq
                0x08003210       0x28 ./Drivers/STM32F1xx_HAL_Driver/Src/stm32f1xx_hal_rcc.o
                0x08003210                HAL_RCC_GetPCLK1Freq
 .text.HAL_RCC_GetPCLK2Freq
                0x08003238       0x28 ./Drivers/STM32F1xx_HAL_Driver/Src/stm32f1xx_hal_rcc.o
                0x08003238                HAL_RCC_GetPCLK2Freq
 .text.HAL_RCC_GetClockConfig
                0x08003260       0x60 ./Drivers/STM32F1xx_HAL_Driver/Src/stm32f1xx_hal_rcc.o
                0x08003260                HAL_RCC_GetClockConfig
 .text.HAL_RCC_NMI_IRQHandler
                0x080032c0       0x28 ./Drivers/STM32F1xx_HAL_Driver/Src/stm32f1xx_hal_rcc.o
                0x080032c0                HAL_RCC_NMI_IRQHandler
 .text.RCC_Delay
                0x080032e8       0x3c ./Drivers/STM32F1xx_HAL_Driver/Src/stm32f1xx_hal_rcc.o
 .text.HAL_RCC_CSSCallback
                0x08003324        0xc ./Drivers/STM32F1xx_HAL_Driver/Src/stm32f1xx_hal_rcc.o
                0x08003324                HAL_RCC_CSSCallback
 .text.HAL_RCCEx_PeriphCLKConfig
                0x08003330      0x16c ./Drivers/STM32F1xx_HAL_Driver/Src/stm32f1xx_hal_rcc_ex.o
                0x08003330                HAL_RCCEx_PeriphCLKConfig
 .text.HAL_TIM_Base_Init
                0x0800349c       0x9e ./Drivers/STM32F1xx_HAL_Driver/Src/stm32f1xx_hal_tim.o
                0x0800349c                HAL_TIM_Base_Init
 .text.HAL_TIM_Base_MspInit
                0x0800353a       0x12 ./Drivers/STM32F1xx_HAL_Driver/Src/stm32f1xx_hal_tim.o
                0x0800353a                HAL_TIM_Base_MspInit
 .text.HAL_TIM_Base_Start_IT
                0x0800354c       0xa4 ./Drivers/STM32F1xx_HAL_Driver/Src/stm32f1xx_hal_tim.o
                0x0800354c                HAL_TIM_Base_Start_IT
 .text.HAL_TIM_IRQHandler
                0x080035f0      0x210 ./Drivers/STM32F1xx_HAL_Driver/Src/stm32f1xx_hal_tim.o
                0x080035f0                HAL_TIM_IRQHandler
 .text.HAL_TIM_OC_DelayElapsedCallback
                0x08003800       0x12 ./Drivers/STM32F1xx_HAL_Driver/Src/stm32f1xx_hal_tim.o
                0x08003800                HAL_TIM_OC_DelayElapsedCallback
 .text.HAL_TIM_IC_CaptureCallback
                0x08003812       0x12 ./Drivers/STM32F1xx_HAL_Driver/Src/stm32f1xx_hal_tim.o
                0x08003812                HAL_TIM_IC_CaptureCallback
 .text.HAL_TIM_PWM_PulseFinishedCallback
                0x08003824       0x12 ./Drivers/STM32F1xx_HAL_Driver/Src/stm32f1xx_hal_tim.o
                0x08003824                HAL_TIM_PWM_PulseFinishedCallback
 .text.HAL_TIM_TriggerCallback
                0x08003836       0x12 ./Drivers/STM32F1xx_HAL_Driver/Src/stm32f1xx_hal_tim.o
                0x08003836                HAL_TIM_TriggerCallback
 .text.TIM_Base_SetConfig
                0x08003848       0xc4 ./Drivers/STM32F1xx_HAL_Driver/Src/stm32f1xx_hal_tim.o
                0x08003848                TIM_Base_SetConfig
 .text.HAL_TIMEx_CommutCallback
                0x0800390c       0x12 ./Drivers/STM32F1xx_HAL_Driver/Src/stm32f1xx_hal_tim_ex.o
                0x0800390c                HAL_TIMEx_CommutCallback
 .text.HAL_TIMEx_BreakCallback
                0x0800391e       0x12 ./Drivers/STM32F1xx_HAL_Driver/Src/stm32f1xx_hal_tim_ex.o
                0x0800391e                HAL_TIMEx_BreakCallback
 .text.HAL_UART_Init
                0x08003930       0xa0 ./Drivers/STM32F1xx_HAL_Driver/Src/stm32f1xx_hal_uart.o
                0x08003930                HAL_UART_Init
 .text.UART_SetConfig
                0x080039d0      0x11c ./Drivers/STM32F1xx_HAL_Driver/Src/stm32f1xx_hal_uart.o
 .text.USB_CoreInit
                0x08003aec       0x20 ./Drivers/STM32F1xx_HAL_Driver/Src/stm32f1xx_ll_usb.o
                0x08003aec                USB_CoreInit
 .text.USB_EnableGlobalInt
                0x08003b0c       0x2c ./Drivers/STM32F1xx_HAL_Driver/Src/stm32f1xx_ll_usb.o
                0x08003b0c                USB_EnableGlobalInt
 .text.USB_DisableGlobalInt
                0x08003b38       0x34 ./Drivers/STM32F1xx_HAL_Driver/Src/stm32f1xx_ll_usb.o
                0x08003b38                USB_DisableGlobalInt
 .text.USB_SetCurrentMode
                0x08003b6c       0x18 ./Drivers/STM32F1xx_HAL_Driver/Src/stm32f1xx_ll_usb.o
                0x08003b6c                USB_SetCurrentMode
 .text.USB_DevInit
                0x08003b84       0x40 ./Drivers/STM32F1xx_HAL_Driver/Src/stm32f1xx_ll_usb.o
                0x08003b84                USB_DevInit
 .text.USB_FlushTxFifo
                0x08003bc4       0x16 ./Drivers/STM32F1xx_HAL_Driver/Src/stm32f1xx_ll_usb.o
                0x08003bc4                USB_FlushTxFifo
 .text.USB_FlushRxFifo
                0x08003bda       0x14 ./Drivers/STM32F1xx_HAL_Driver/Src/stm32f1xx_ll_usb.o
                0x08003bda                USB_FlushRxFifo
 *fill*         0x08003bee        0x2 
 .text.USB_ActivateEndpoint
                0x08003bf0      0x780 ./Drivers/STM32F1xx_HAL_Driver/Src/stm32f1xx_ll_usb.o
                0x08003bf0                USB_ActivateEndpoint
 .text.USB_DeactivateEndpoint
                0x08004370      0x3d8 ./Drivers/STM32F1xx_HAL_Driver/Src/stm32f1xx_ll_usb.o
                0x08004370                USB_DeactivateEndpoint
 .text.USB_EPStartXfer
                0x08004748     0x1762 ./Drivers/STM32F1xx_HAL_Driver/Src/stm32f1xx_ll_usb.o
                0x08004748                USB_EPStartXfer
 .text.USB_EPSetStall
                0x08005eaa       0xa0 ./Drivers/STM32F1xx_HAL_Driver/Src/stm32f1xx_ll_usb.o
                0x08005eaa                USB_EPSetStall
 .text.USB_EPClearStall
                0x08005f4a      0x15a ./Drivers/STM32F1xx_HAL_Driver/Src/stm32f1xx_ll_usb.o
                0x08005f4a                USB_EPClearStall
 .text.USB_SetDevAddress
                0x080060a4       0x26 ./Drivers/STM32F1xx_HAL_Driver/Src/stm32f1xx_ll_usb.o
                0x080060a4                USB_SetDevAddress
 .text.USB_DevConnect
                0x080060ca       0x14 ./Drivers/STM32F1xx_HAL_Driver/Src/stm32f1xx_ll_usb.o
                0x080060ca                USB_DevConnect
 .text.USB_DevDisconnect
                0x080060de       0x14 ./Drivers/STM32F1xx_HAL_Driver/Src/stm32f1xx_ll_usb.o
                0x080060de                USB_DevDisconnect
 .text.USB_ReadInterrupts
                0x080060f2       0x1e ./Drivers/STM32F1xx_HAL_Driver/Src/stm32f1xx_ll_usb.o
                0x080060f2                USB_ReadInterrupts
 .text.USB_EP0_OutStart
                0x08006110       0x16 ./Drivers/STM32F1xx_HAL_Driver/Src/stm32f1xx_ll_usb.o
                0x08006110                USB_EP0_OutStart
 .text.USB_WritePMA
                0x08006126       0x8a ./Drivers/STM32F1xx_HAL_Driver/Src/stm32f1xx_ll_usb.o
                0x08006126                USB_WritePMA
 .text.USB_ReadPMA
                0x080061b0       0x9e ./Drivers/STM32F1xx_HAL_Driver/Src/stm32f1xx_ll_usb.o
                0x080061b0                USB_ReadPMA
 *fill*         0x0800624e        0x2 
 .text.MX_FATFS_Init
                0x08006250       0x24 ./FATFS/App/fatfs.o
                0x08006250                MX_FATFS_Init
 .text.USER_initialize
                0x08006274       0x24 ./FATFS/Target/user_diskio.o
                0x08006274                USER_initialize
 .text.USER_status
                0x08006298       0x24 ./FATFS/Target/user_diskio.o
                0x08006298                USER_status
 .text.USER_read
                0x080062bc       0x1c ./FATFS/Target/user_diskio.o
                0x080062bc                USER_read
 .text.USER_write
                0x080062d8       0x1c ./FATFS/Target/user_diskio.o
                0x080062d8                USER_write
 .text.USER_ioctl
                0x080062f4       0x20 ./FATFS/Target/user_diskio.o
                0x080062f4                USER_ioctl
 .text.USBD_MSC_Init
                0x08006314       0x94 ./Middlewares/ST/STM32_USB_Device_Library/Class/MSC/Src/usbd_msc.o
                0x08006314                USBD_MSC_Init
 .text.USBD_MSC_DeInit
                0x080063a8       0x58 ./Middlewares/ST/STM32_USB_Device_Library/Class/MSC/Src/usbd_msc.o
                0x080063a8                USBD_MSC_DeInit
 .text.USBD_MSC_Setup
                0x08006400      0x26c ./Middlewares/ST/STM32_USB_Device_Library/Class/MSC/Src/usbd_msc.o
                0x08006400                USBD_MSC_Setup
 .text.USBD_MSC_DataIn
                0x0800666c       0x20 ./Middlewares/ST/STM32_USB_Device_Library/Class/MSC/Src/usbd_msc.o
                0x0800666c                USBD_MSC_DataIn
 .text.USBD_MSC_DataOut
                0x0800668c       0x20 ./Middlewares/ST/STM32_USB_Device_Library/Class/MSC/Src/usbd_msc.o
                0x0800668c                USBD_MSC_DataOut
 .text.USBD_MSC_GetHSCfgDesc
                0x080066ac       0x20 ./Middlewares/ST/STM32_USB_Device_Library/Class/MSC/Src/usbd_msc.o
                0x080066ac                USBD_MSC_GetHSCfgDesc
 .text.USBD_MSC_GetFSCfgDesc
                0x080066cc       0x20 ./Middlewares/ST/STM32_USB_Device_Library/Class/MSC/Src/usbd_msc.o
                0x080066cc                USBD_MSC_GetFSCfgDesc
 .text.USBD_MSC_GetOtherSpeedCfgDesc
                0x080066ec       0x20 ./Middlewares/ST/STM32_USB_Device_Library/Class/MSC/Src/usbd_msc.o
                0x080066ec                USBD_MSC_GetOtherSpeedCfgDesc
 .text.USBD_MSC_GetDeviceQualifierDescriptor
                0x0800670c       0x20 ./Middlewares/ST/STM32_USB_Device_Library/Class/MSC/Src/usbd_msc.o
                0x0800670c                USBD_MSC_GetDeviceQualifierDescriptor
 .text.USBD_MSC_RegisterStorage
                0x0800672c       0x24 ./Middlewares/ST/STM32_USB_Device_Library/Class/MSC/Src/usbd_msc.o
                0x0800672c                USBD_MSC_RegisterStorage
 .text.MSC_BOT_Init
                0x08006750       0x60 ./Middlewares/ST/STM32_USB_Device_Library/Class/MSC/Src/usbd_msc_bot.o
                0x08006750                MSC_BOT_Init
 .text.MSC_BOT_Reset
                0x080067b0       0x34 ./Middlewares/ST/STM32_USB_Device_Library/Class/MSC/Src/usbd_msc_bot.o
                0x080067b0                MSC_BOT_Reset
 .text.MSC_BOT_DeInit
                0x080067e4       0x20 ./Middlewares/ST/STM32_USB_Device_Library/Class/MSC/Src/usbd_msc_bot.o
                0x080067e4                MSC_BOT_DeInit
 .text.MSC_BOT_DataIn
                0x08006804       0x64 ./Middlewares/ST/STM32_USB_Device_Library/Class/MSC/Src/usbd_msc_bot.o
                0x08006804                MSC_BOT_DataIn
 .text.MSC_BOT_DataOut
                0x08006868       0x56 ./Middlewares/ST/STM32_USB_Device_Library/Class/MSC/Src/usbd_msc_bot.o
                0x08006868                MSC_BOT_DataOut
 *fill*         0x080068be        0x2 
 .text.MSC_BOT_CBW_Decode
                0x080068c0      0x10c ./Middlewares/ST/STM32_USB_Device_Library/Class/MSC/Src/usbd_msc_bot.o
 .text.MSC_BOT_SendData
                0x080069cc       0x62 ./Middlewares/ST/STM32_USB_Device_Library/Class/MSC/Src/usbd_msc_bot.o
 *fill*         0x08006a2e        0x2 
 .text.MSC_BOT_SendCSW
                0x08006a30       0x58 ./Middlewares/ST/STM32_USB_Device_Library/Class/MSC/Src/usbd_msc_bot.o
                0x08006a30                MSC_BOT_SendCSW
 .text.MSC_BOT_Abort
                0x08006a88       0x5c ./Middlewares/ST/STM32_USB_Device_Library/Class/MSC/Src/usbd_msc_bot.o
 .text.MSC_BOT_CplClrFeature
                0x08006ae4       0x4e ./Middlewares/ST/STM32_USB_Device_Library/Class/MSC/Src/usbd_msc_bot.o
                0x08006ae4                MSC_BOT_CplClrFeature
 *fill*         0x08006b32        0x2 
 .text.SCSI_ProcessCmd
                0x08006b34      0x250 ./Middlewares/ST/STM32_USB_Device_Library/Class/MSC/Src/usbd_msc_scsi.o
                0x08006b34                SCSI_ProcessCmd
 .text.SCSI_TestUnitReady
                0x08006d84       0x72 ./Middlewares/ST/STM32_USB_Device_Library/Class/MSC/Src/usbd_msc_scsi.o
 *fill*         0x08006df6        0x2 
 .text.SCSI_Inquiry
                0x08006df8       0xbc ./Middlewares/ST/STM32_USB_Device_Library/Class/MSC/Src/usbd_msc_scsi.o
 .text.SCSI_ReadCapacity10
                0x08006eb4       0xce ./Middlewares/ST/STM32_USB_Device_Library/Class/MSC/Src/usbd_msc_scsi.o
 .text.SCSI_ReadFormatCapacity
                0x08006f82       0xc8 ./Middlewares/ST/STM32_USB_Device_Library/Class/MSC/Src/usbd_msc_scsi.o
 *fill*         0x0800704a        0x2 
 .text.SCSI_ModeSense6
                0x0800704c       0x50 ./Middlewares/ST/STM32_USB_Device_Library/Class/MSC/Src/usbd_msc_scsi.o
 .text.SCSI_ModeSense10
                0x0800709c       0x50 ./Middlewares/ST/STM32_USB_Device_Library/Class/MSC/Src/usbd_msc_scsi.o
 .text.SCSI_RequestSense
                0x080070ec       0xd4 ./Middlewares/ST/STM32_USB_Device_Library/Class/MSC/Src/usbd_msc_scsi.o
 .text.SCSI_SenseCode
                0x080071c0       0x72 ./Middlewares/ST/STM32_USB_Device_Library/Class/MSC/Src/usbd_msc_scsi.o
                0x080071c0                SCSI_SenseCode
 .text.SCSI_StartStopUnit
                0x08007232       0x28 ./Middlewares/ST/STM32_USB_Device_Library/Class/MSC/Src/usbd_msc_scsi.o
 .text.SCSI_Read10
                0x0800725a      0x118 ./Middlewares/ST/STM32_USB_Device_Library/Class/MSC/Src/usbd_msc_scsi.o
 .text.SCSI_Write10
                0x08007372      0x160 ./Middlewares/ST/STM32_USB_Device_Library/Class/MSC/Src/usbd_msc_scsi.o
 .text.SCSI_Verify10
                0x080074d2       0x66 ./Middlewares/ST/STM32_USB_Device_Library/Class/MSC/Src/usbd_msc_scsi.o
 .text.SCSI_CheckAddressRange
                0x08007538       0x44 ./Middlewares/ST/STM32_USB_Device_Library/Class/MSC/Src/usbd_msc_scsi.o
 .text.SCSI_ProcessRead
                0x0800757c       0xe8 ./Middlewares/ST/STM32_USB_Device_Library/Class/MSC/Src/usbd_msc_scsi.o
 .text.SCSI_ProcessWrite
                0x08007664      0x108 ./Middlewares/ST/STM32_USB_Device_Library/Class/MSC/Src/usbd_msc_scsi.o
 .text.USBD_Init
                0x0800776c       0x56 ./Middlewares/ST/STM32_USB_Device_Library/Core/Src/usbd_core.o
                0x0800776c                USBD_Init
 .text.USBD_RegisterClass
                0x080077c2       0x32 ./Middlewares/ST/STM32_USB_Device_Library/Core/Src/usbd_core.o
                0x080077c2                USBD_RegisterClass
 .text.USBD_Start
                0x080077f4       0x18 ./Middlewares/ST/STM32_USB_Device_Library/Core/Src/usbd_core.o
                0x080077f4                USBD_Start
 .text.USBD_RunTestMode
                0x0800780c       0x14 ./Middlewares/ST/STM32_USB_Device_Library/Core/Src/usbd_core.o
                0x0800780c                USBD_RunTestMode
 .text.USBD_SetClassConfig
                0x08007820       0x3e ./Middlewares/ST/STM32_USB_Device_Library/Core/Src/usbd_core.o
                0x08007820                USBD_SetClassConfig
 .text.USBD_ClrClassConfig
                0x0800785e       0x26 ./Middlewares/ST/STM32_USB_Device_Library/Core/Src/usbd_core.o
                0x0800785e                USBD_ClrClassConfig
 .text.USBD_LL_SetupStage
                0x08007884       0x9a ./Middlewares/ST/STM32_USB_Device_Library/Core/Src/usbd_core.o
                0x08007884                USBD_LL_SetupStage
 .text.USBD_LL_DataOutStage
                0x0800791e       0xe2 ./Middlewares/ST/STM32_USB_Device_Library/Core/Src/usbd_core.o
                0x0800791e                USBD_LL_DataOutStage
 .text.USBD_LL_DataInStage
                0x08007a00      0x14a ./Middlewares/ST/STM32_USB_Device_Library/Core/Src/usbd_core.o
                0x08007a00                USBD_LL_DataInStage
 .text.USBD_LL_Reset
                0x08007b4a       0x82 ./Middlewares/ST/STM32_USB_Device_Library/Core/Src/usbd_core.o
                0x08007b4a                USBD_LL_Reset
 .text.USBD_LL_SetSpeed
                0x08007bcc       0x1e ./Middlewares/ST/STM32_USB_Device_Library/Core/Src/usbd_core.o
                0x08007bcc                USBD_LL_SetSpeed
 .text.USBD_LL_Suspend
                0x08007bea       0x28 ./Middlewares/ST/STM32_USB_Device_Library/Core/Src/usbd_core.o
                0x08007bea                USBD_LL_Suspend
 .text.USBD_LL_Resume
                0x08007c12       0x2a ./Middlewares/ST/STM32_USB_Device_Library/Core/Src/usbd_core.o
                0x08007c12                USBD_LL_Resume
 .text.USBD_LL_SOF
                0x08007c3c       0x34 ./Middlewares/ST/STM32_USB_Device_Library/Core/Src/usbd_core.o
                0x08007c3c                USBD_LL_SOF
 .text.USBD_StdDevReq
                0x08007c70       0xd4 ./Middlewares/ST/STM32_USB_Device_Library/Core/Src/usbd_ctlreq.o
                0x08007c70                USBD_StdDevReq
 .text.USBD_StdItfReq
                0x08007d44       0x90 ./Middlewares/ST/STM32_USB_Device_Library/Core/Src/usbd_ctlreq.o
                0x08007d44                USBD_StdItfReq
 .text.USBD_StdEPReq
                0x08007dd4      0x2c6 ./Middlewares/ST/STM32_USB_Device_Library/Core/Src/usbd_ctlreq.o
                0x08007dd4                USBD_StdEPReq
 *fill*         0x0800809a        0x2 
 .text.USBD_GetDescriptor
                0x0800809c      0x2d0 ./Middlewares/ST/STM32_USB_Device_Library/Core/Src/usbd_ctlreq.o
 .text.USBD_SetAddress
                0x0800836c       0x86 ./Middlewares/ST/STM32_USB_Device_Library/Core/Src/usbd_ctlreq.o
 *fill*         0x080083f2        0x2 
 .text.USBD_SetConfig
                0x080083f4      0x11c ./Middlewares/ST/STM32_USB_Device_Library/Core/Src/usbd_ctlreq.o
 .text.USBD_GetConfig
                0x08008510       0x6a ./Middlewares/ST/STM32_USB_Device_Library/Core/Src/usbd_ctlreq.o
 .text.USBD_GetStatus
                0x0800857a       0x66 ./Middlewares/ST/STM32_USB_Device_Library/Core/Src/usbd_ctlreq.o
 .text.USBD_SetFeature
                0x080085e0       0x28 ./Middlewares/ST/STM32_USB_Device_Library/Core/Src/usbd_ctlreq.o
 .text.USBD_ClrFeature
                0x08008608       0x42 ./Middlewares/ST/STM32_USB_Device_Library/Core/Src/usbd_ctlreq.o
 .text.USBD_ParseSetupRequest
                0x0800864a       0x72 ./Middlewares/ST/STM32_USB_Device_Library/Core/Src/usbd_ctlreq.o
                0x0800864a                USBD_ParseSetupRequest
 .text.USBD_CtlError
                0x080086bc       0x22 ./Middlewares/ST/STM32_USB_Device_Library/Core/Src/usbd_ctlreq.o
                0x080086bc                USBD_CtlError
 .text.USBD_GetString
                0x080086de       0x84 ./Middlewares/ST/STM32_USB_Device_Library/Core/Src/usbd_ctlreq.o
                0x080086de                USBD_GetString
 .text.USBD_GetLen
                0x08008762       0x2e ./Middlewares/ST/STM32_USB_Device_Library/Core/Src/usbd_ctlreq.o
 .text.USBD_CtlSendData
                0x08008790       0x38 ./Middlewares/ST/STM32_USB_Device_Library/Core/Src/usbd_ioreq.o
                0x08008790                USBD_CtlSendData
 .text.USBD_CtlContinueSendData
                0x080087c8       0x24 ./Middlewares/ST/STM32_USB_Device_Library/Core/Src/usbd_ioreq.o
                0x080087c8                USBD_CtlContinueSendData
 .text.USBD_CtlContinueRx
                0x080087ec       0x24 ./Middlewares/ST/STM32_USB_Device_Library/Core/Src/usbd_ioreq.o
                0x080087ec                USBD_CtlContinueRx
 .text.USBD_CtlSendStatus
                0x08008810       0x26 ./Middlewares/ST/STM32_USB_Device_Library/Core/Src/usbd_ioreq.o
                0x08008810                USBD_CtlSendStatus
 .text.USBD_CtlReceiveStatus
                0x08008836       0x26 ./Middlewares/ST/STM32_USB_Device_Library/Core/Src/usbd_ioreq.o
                0x08008836                USBD_CtlReceiveStatus
 .text.FATFS_LinkDriverEx
                0x0800885c       0x94 ./Middlewares/Third_Party/FatFs/src/ff_gen_drv.o
                0x0800885c                FATFS_LinkDriverEx
 .text.FATFS_LinkDriver
                0x080088f0       0x1e ./Middlewares/Third_Party/FatFs/src/ff_gen_drv.o
                0x080088f0                FATFS_LinkDriver
 *fill*         0x0800890e        0x2 
 .text.osKernelInitialize
                0x08008910       0x64 ./Middlewares/Third_Party/FreeRTOS/Source/CMSIS_RTOS_V2/cmsis_os2.o
                0x08008910                osKernelInitialize
 .text.osKernelStart
                0x08008974       0x68 ./Middlewares/Third_Party/FreeRTOS/Source/CMSIS_RTOS_V2/cmsis_os2.o
                0x08008974                osKernelStart
 .text.osThreadNew
                0x080089dc      0x154 ./Middlewares/Third_Party/FreeRTOS/Source/CMSIS_RTOS_V2/cmsis_os2.o
                0x080089dc                osThreadNew
 .text.osDelay  0x08008b30       0x5c ./Middlewares/Third_Party/FreeRTOS/Source/CMSIS_RTOS_V2/cmsis_os2.o
                0x08008b30                osDelay
 .text.vApplicationGetIdleTaskMemory
                0x08008b8c       0x30 ./Middlewares/Third_Party/FreeRTOS/Source/CMSIS_RTOS_V2/cmsis_os2.o
                0x08008b8c                vApplicationGetIdleTaskMemory
 .text.vApplicationGetTimerTaskMemory
                0x08008bbc       0x34 ./Middlewares/Third_Party/FreeRTOS/Source/CMSIS_RTOS_V2/cmsis_os2.o
                0x08008bbc                vApplicationGetTimerTaskMemory
 .text.vListInitialise
                0x08008bf0       0x3e ./Middlewares/Third_Party/FreeRTOS/Source/list.o
                0x08008bf0                vListInitialise
 .text.vListInitialiseItem
                0x08008c2e       0x18 ./Middlewares/Third_Party/FreeRTOS/Source/list.o
                0x08008c2e                vListInitialiseItem
 .text.vListInsertEnd
                0x08008c46       0x46 ./Middlewares/Third_Party/FreeRTOS/Source/list.o
                0x08008c46                vListInsertEnd
 .text.vListInsert
                0x08008c8c       0x70 ./Middlewares/Third_Party/FreeRTOS/Source/list.o
                0x08008c8c                vListInsert
 .text.uxListRemove
                0x08008cfc       0x52 ./Middlewares/Third_Party/FreeRTOS/Source/list.o
                0x08008cfc                uxListRemove
 *fill*         0x08008d4e        0x2 
 .text.xQueueGenericReset
                0x08008d50       0xd4 ./Middlewares/Third_Party/FreeRTOS/Source/queue.o
                0x08008d50                xQueueGenericReset
 .text.xQueueGenericCreateStatic
                0x08008e24       0xf8 ./Middlewares/Third_Party/FreeRTOS/Source/queue.o
                0x08008e24                xQueueGenericCreateStatic
 .text.prvInitialiseNewQueue
                0x08008f1c       0x46 ./Middlewares/Third_Party/FreeRTOS/Source/queue.o
 *fill*         0x08008f62        0x2 
 .text.xQueueGenericSend
                0x08008f64      0x204 ./Middlewares/Third_Party/FreeRTOS/Source/queue.o
                0x08008f64                xQueueGenericSend
 .text.xQueueGenericSendFromISR
                0x08009168      0x136 ./Middlewares/Third_Party/FreeRTOS/Source/queue.o
                0x08009168                xQueueGenericSendFromISR
 *fill*         0x0800929e        0x2 
 .text.xQueueReceive
                0x080092a0      0x1c4 ./Middlewares/Third_Party/FreeRTOS/Source/queue.o
                0x080092a0                xQueueReceive
 .text.prvCopyDataToQueue
                0x08009464       0xd4 ./Middlewares/Third_Party/FreeRTOS/Source/queue.o
 .text.prvCopyDataFromQueue
                0x08009538       0x4c ./Middlewares/Third_Party/FreeRTOS/Source/queue.o
 .text.prvUnlockQueue
                0x08009584       0xa4 ./Middlewares/Third_Party/FreeRTOS/Source/queue.o
 .text.prvIsQueueEmpty
                0x08009628       0x2c ./Middlewares/Third_Party/FreeRTOS/Source/queue.o
 .text.prvIsQueueFull
                0x08009654       0x30 ./Middlewares/Third_Party/FreeRTOS/Source/queue.o
 .text.vQueueAddToRegistry
                0x08009684       0x50 ./Middlewares/Third_Party/FreeRTOS/Source/queue.o
                0x08009684                vQueueAddToRegistry
 .text.vQueueWaitForMessageRestricted
                0x080096d4       0x68 ./Middlewares/Third_Party/FreeRTOS/Source/queue.o
                0x080096d4                vQueueWaitForMessageRestricted
 .text.xTaskCreateStatic
                0x0800973c       0xbe ./Middlewares/Third_Party/FreeRTOS/Source/tasks.o
                0x0800973c                xTaskCreateStatic
 .text.xTaskCreate
                0x080097fa       0x8a ./Middlewares/Third_Party/FreeRTOS/Source/tasks.o
                0x080097fa                xTaskCreate
 .text.prvInitialiseNewTask
                0x08009884      0x140 ./Middlewares/Third_Party/FreeRTOS/Source/tasks.o
 .text.prvAddNewTaskToReadyList
                0x080099c4       0xe0 ./Middlewares/Third_Party/FreeRTOS/Source/tasks.o
 .text.vTaskDelay
                0x08009aa4       0x6c ./Middlewares/Third_Party/FreeRTOS/Source/tasks.o
                0x08009aa4                vTaskDelay
 .text.vTaskStartScheduler
                0x08009b10       0xe0 ./Middlewares/Third_Party/FreeRTOS/Source/tasks.o
                0x08009b10                vTaskStartScheduler
 .text.vTaskSuspendAll
                0x08009bf0       0x1c ./Middlewares/Third_Party/FreeRTOS/Source/tasks.o
                0x08009bf0                vTaskSuspendAll
 .text.xTaskResumeAll
                0x08009c0c      0x13c ./Middlewares/Third_Party/FreeRTOS/Source/tasks.o
                0x08009c0c                xTaskResumeAll
 .text.xTaskGetTickCount
                0x08009d48       0x1c ./Middlewares/Third_Party/FreeRTOS/Source/tasks.o
                0x08009d48                xTaskGetTickCount
 .text.xTaskIncrementTick
                0x08009d64      0x180 ./Middlewares/Third_Party/FreeRTOS/Source/tasks.o
                0x08009d64                xTaskIncrementTick
 .text.vTaskSwitchContext
                0x08009ee4       0xc8 ./Middlewares/Third_Party/FreeRTOS/Source/tasks.o
                0x08009ee4                vTaskSwitchContext
 .text.vTaskPlaceOnEventList
                0x08009fac       0x4c ./Middlewares/Third_Party/FreeRTOS/Source/tasks.o
                0x08009fac                vTaskPlaceOnEventList
 .text.vTaskPlaceOnEventListRestricted
                0x08009ff8       0x58 ./Middlewares/Third_Party/FreeRTOS/Source/tasks.o
                0x08009ff8                vTaskPlaceOnEventListRestricted
 .text.xTaskRemoveFromEventList
                0x0800a050       0xc8 ./Middlewares/Third_Party/FreeRTOS/Source/tasks.o
                0x0800a050                xTaskRemoveFromEventList
 .text.vTaskInternalSetTimeOutState
                0x0800a118       0x2c ./Middlewares/Third_Party/FreeRTOS/Source/tasks.o
                0x0800a118                vTaskInternalSetTimeOutState
 .text.xTaskCheckForTimeOut
                0x0800a144       0xc8 ./Middlewares/Third_Party/FreeRTOS/Source/tasks.o
                0x0800a144                xTaskCheckForTimeOut
 .text.vTaskMissedYield
                0x0800a20c       0x18 ./Middlewares/Third_Party/FreeRTOS/Source/tasks.o
                0x0800a20c                vTaskMissedYield
 .text.prvIdleTask
                0x0800a224       0x30 ./Middlewares/Third_Party/FreeRTOS/Source/tasks.o
 .text.prvInitialiseTaskLists
                0x0800a254       0x80 ./Middlewares/Third_Party/FreeRTOS/Source/tasks.o
 .text.prvCheckTasksWaitingTermination
                0x0800a2d4       0x5c ./Middlewares/Third_Party/FreeRTOS/Source/tasks.o
 .text.prvDeleteTCB
                0x0800a330       0x6a ./Middlewares/Third_Party/FreeRTOS/Source/tasks.o
 *fill*         0x0800a39a        0x2 
 .text.prvResetNextTaskUnblockTime
                0x0800a39c       0x48 ./Middlewares/Third_Party/FreeRTOS/Source/tasks.o
 .text.xTaskGetSchedulerState
                0x0800a3e4       0x3c ./Middlewares/Third_Party/FreeRTOS/Source/tasks.o
                0x0800a3e4                xTaskGetSchedulerState
 .text.xTaskPriorityDisinherit
                0x0800a420       0xe0 ./Middlewares/Third_Party/FreeRTOS/Source/tasks.o
                0x0800a420                xTaskPriorityDisinherit
 .text.prvAddCurrentTaskToDelayedList
                0x0800a500       0xa8 ./Middlewares/Third_Party/FreeRTOS/Source/tasks.o
 .text.xTimerCreateTimerTask
                0x0800a5a8       0x94 ./Middlewares/Third_Party/FreeRTOS/Source/timers.o
                0x0800a5a8                xTimerCreateTimerTask
 .text.xTimerGenericCommand
                0x0800a63c       0x9c ./Middlewares/Third_Party/FreeRTOS/Source/timers.o
                0x0800a63c                xTimerGenericCommand
 .text.prvProcessExpiredTimer
                0x0800a6d8       0x84 ./Middlewares/Third_Party/FreeRTOS/Source/timers.o
 .text.prvTimerTask
                0x0800a75c       0x26 ./Middlewares/Third_Party/FreeRTOS/Source/timers.o
 *fill*         0x0800a782        0x2 
 .text.prvProcessTimerOrBlockTask
                0x0800a784       0x9c ./Middlewares/Third_Party/FreeRTOS/Source/timers.o
 .text.prvGetNextExpireTime
                0x0800a820       0x48 ./Middlewares/Third_Party/FreeRTOS/Source/timers.o
 .text.prvSampleTimeNow
                0x0800a868       0x40 ./Middlewares/Third_Party/FreeRTOS/Source/timers.o
 .text.prvInsertTimerInActiveList
                0x0800a8a8       0x84 ./Middlewares/Third_Party/FreeRTOS/Source/timers.o
 .text.prvProcessReceivedCommands
                0x0800a92c      0x178 ./Middlewares/Third_Party/FreeRTOS/Source/timers.o
 .text.prvSwitchTimerLists
                0x0800aaa4       0xc4 ./Middlewares/Third_Party/FreeRTOS/Source/timers.o
 .text.prvCheckForValidListAndQueue
                0x0800ab68       0x80 ./Middlewares/Third_Party/FreeRTOS/Source/timers.o
 .text.pxPortInitialiseStack
                0x0800abe8       0x58 ./Middlewares/Third_Party/FreeRTOS/Source/portable/GCC/ARM_CM3/port.o
                0x0800abe8                pxPortInitialiseStack
 .text.prvTaskExitError
                0x0800ac40       0x58 ./Middlewares/Third_Party/FreeRTOS/Source/portable/GCC/ARM_CM3/port.o
 *fill*         0x0800ac98        0x8 
 .text.SVC_Handler
                0x0800aca0       0x28 ./Middlewares/Third_Party/FreeRTOS/Source/portable/GCC/ARM_CM3/port.o
                0x0800aca0                SVC_Handler
 .text.prvPortStartFirstTask
                0x0800acc8       0x20 ./Middlewares/Third_Party/FreeRTOS/Source/portable/GCC/ARM_CM3/port.o
 .text.xPortStartScheduler
                0x0800ace8       0xe4 ./Middlewares/Third_Party/FreeRTOS/Source/portable/GCC/ARM_CM3/port.o
                0x0800ace8                xPortStartScheduler
 .text.vPortEnterCritical
                0x0800adcc       0x60 ./Middlewares/Third_Party/FreeRTOS/Source/portable/GCC/ARM_CM3/port.o
                0x0800adcc                vPortEnterCritical
 .text.vPortExitCritical
                0x0800ae2c       0x54 ./Middlewares/Third_Party/FreeRTOS/Source/portable/GCC/ARM_CM3/port.o
                0x0800ae2c                vPortExitCritical
 .text.PendSV_Handler
                0x0800ae80       0x48 ./Middlewares/Third_Party/FreeRTOS/Source/portable/GCC/ARM_CM3/port.o
                0x0800ae80                PendSV_Handler
 .text.SysTick_Handler
                0x0800aec8       0x44 ./Middlewares/Third_Party/FreeRTOS/Source/portable/GCC/ARM_CM3/port.o
                0x0800aec8                SysTick_Handler
 .text.vPortSetupTimerInterrupt
                0x0800af0c       0x44 ./Middlewares/Third_Party/FreeRTOS/Source/portable/GCC/ARM_CM3/port.o
                0x0800af0c                vPortSetupTimerInterrupt
 .text.vPortValidateInterruptPriority
                0x0800af50       0x80 ./Middlewares/Third_Party/FreeRTOS/Source/portable/GCC/ARM_CM3/port.o
                0x0800af50                vPortValidateInterruptPriority
 .text.pvPortMalloc
                0x0800afd0      0x190 ./Middlewares/Third_Party/FreeRTOS/Source/portable/MemMang/heap_4.o
                0x0800afd0                pvPortMalloc
 .text.vPortFree
                0x0800b160       0xb8 ./Middlewares/Third_Party/FreeRTOS/Source/portable/MemMang/heap_4.o
                0x0800b160                vPortFree
 .text.prvHeapInit
                0x0800b218       0xc4 ./Middlewares/Third_Party/FreeRTOS/Source/portable/MemMang/heap_4.o
 .text.prvInsertBlockIntoFreeList
                0x0800b2dc       0xb0 ./Middlewares/Third_Party/FreeRTOS/Source/portable/MemMang/heap_4.o
 .text.MX_USB_DEVICE_Init
                0x0800b38c       0x60 ./USB_DEVICE/App/usb_device.o
                0x0800b38c                MX_USB_DEVICE_Init
 .text.USBD_FS_DeviceDescriptor
                0x0800b3ec       0x24 ./USB_DEVICE/App/usbd_desc.o
                0x0800b3ec                USBD_FS_DeviceDescriptor
 .text.USBD_FS_LangIDStrDescriptor
                0x0800b410       0x24 ./USB_DEVICE/App/usbd_desc.o
                0x0800b410                USBD_FS_LangIDStrDescriptor
 .text.USBD_FS_ProductStrDescriptor
                0x0800b434       0x3c ./USB_DEVICE/App/usbd_desc.o
                0x0800b434                USBD_FS_ProductStrDescriptor
 .text.USBD_FS_ManufacturerStrDescriptor
                0x0800b470       0x28 ./USB_DEVICE/App/usbd_desc.o
                0x0800b470                USBD_FS_ManufacturerStrDescriptor
 .text.USBD_FS_SerialStrDescriptor
                0x0800b498       0x24 ./USB_DEVICE/App/usbd_desc.o
                0x0800b498                USBD_FS_SerialStrDescriptor
 .text.USBD_FS_ConfigStrDescriptor
                0x0800b4bc       0x3c ./USB_DEVICE/App/usbd_desc.o
                0x0800b4bc                USBD_FS_ConfigStrDescriptor
 .text.USBD_FS_InterfaceStrDescriptor
                0x0800b4f8       0x3c ./USB_DEVICE/App/usbd_desc.o
                0x0800b4f8                USBD_FS_InterfaceStrDescriptor
 .text.Get_SerialNum
                0x0800b534       0x58 ./USB_DEVICE/App/usbd_desc.o
 .text.IntToUnicode
                0x0800b58c       0x7c ./USB_DEVICE/App/usbd_desc.o
 .text.STORAGE_Init_FS
                0x0800b608       0x16 ./USB_DEVICE/App/usbd_storage_if.o
 .text.STORAGE_GetCapacity_FS
                0x0800b61e       0x2a ./USB_DEVICE/App/usbd_storage_if.o
 .text.STORAGE_IsReady_FS
                0x0800b648       0x16 ./USB_DEVICE/App/usbd_storage_if.o
 .text.STORAGE_IsWriteProtected_FS
                0x0800b65e       0x16 ./USB_DEVICE/App/usbd_storage_if.o
 .text.STORAGE_Read_FS
                0x0800b674       0x20 ./USB_DEVICE/App/usbd_storage_if.o
 .text.STORAGE_Write_FS
                0x0800b694       0x20 ./USB_DEVICE/App/usbd_storage_if.o
 .text.STORAGE_GetMaxLun_FS
                0x0800b6b4        0xe ./USB_DEVICE/App/usbd_storage_if.o
 *fill*         0x0800b6c2        0x2 
 .text.HAL_PCD_MspInit
                0x0800b6c4       0x4c ./USB_DEVICE/Target/usbd_conf.o
                0x0800b6c4                HAL_PCD_MspInit
 .text.HAL_PCD_SetupStageCallback
                0x0800b710       0x24 ./USB_DEVICE/Target/usbd_conf.o
                0x0800b710                HAL_PCD_SetupStageCallback
 .text.HAL_PCD_DataOutStageCallback
                0x0800b734       0x36 ./USB_DEVICE/Target/usbd_conf.o
                0x0800b734                HAL_PCD_DataOutStageCallback
 .text.HAL_PCD_DataInStageCallback
                0x0800b76a       0x34 ./USB_DEVICE/Target/usbd_conf.o
                0x0800b76a                HAL_PCD_DataInStageCallback
 .text.HAL_PCD_SOFCallback
                0x0800b79e       0x1c ./USB_DEVICE/Target/usbd_conf.o
                0x0800b79e                HAL_PCD_SOFCallback
 .text.HAL_PCD_ResetCallback
                0x0800b7ba       0x3c ./USB_DEVICE/Target/usbd_conf.o
                0x0800b7ba                HAL_PCD_ResetCallback
 *fill*         0x0800b7f6        0x2 
 .text.HAL_PCD_SuspendCallback
                0x0800b7f8       0x34 ./USB_DEVICE/Target/usbd_conf.o
                0x0800b7f8                HAL_PCD_SuspendCallback
 .text.HAL_PCD_ResumeCallback
                0x0800b82c       0x1c ./USB_DEVICE/Target/usbd_conf.o
                0x0800b82c                HAL_PCD_ResumeCallback
 .text.USBD_LL_Init
                0x0800b848       0xa0 ./USB_DEVICE/Target/usbd_conf.o
                0x0800b848                USBD_LL_Init
 .text.USBD_LL_Start
                0x0800b8e8       0x36 ./USB_DEVICE/Target/usbd_conf.o
                0x0800b8e8                USBD_LL_Start
 .text.USBD_LL_OpenEP
                0x0800b91e       0x4c ./USB_DEVICE/Target/usbd_conf.o
                0x0800b91e                USBD_LL_OpenEP
 .text.USBD_LL_CloseEP
                0x0800b96a       0x3e ./USB_DEVICE/Target/usbd_conf.o
                0x0800b96a                USBD_LL_CloseEP
 .text.USBD_LL_FlushEP
                0x0800b9a8       0x3e ./USB_DEVICE/Target/usbd_conf.o
                0x0800b9a8                USBD_LL_FlushEP
 .text.USBD_LL_StallEP
                0x0800b9e6       0x3e ./USB_DEVICE/Target/usbd_conf.o
                0x0800b9e6                USBD_LL_StallEP
 .text.USBD_LL_ClearStallEP
                0x0800ba24       0x3e ./USB_DEVICE/Target/usbd_conf.o
                0x0800ba24                USBD_LL_ClearStallEP
 .text.USBD_LL_IsStallEP
                0x0800ba62       0x58 ./USB_DEVICE/Target/usbd_conf.o
                0x0800ba62                USBD_LL_IsStallEP
 .text.USBD_LL_SetUSBAddress
                0x0800baba       0x3e ./USB_DEVICE/Target/usbd_conf.o
                0x0800baba                USBD_LL_SetUSBAddress
 .text.USBD_LL_Transmit
                0x0800baf8       0x46 ./USB_DEVICE/Target/usbd_conf.o
                0x0800baf8                USBD_LL_Transmit
 .text.USBD_LL_PrepareReceive
                0x0800bb3e       0x46 ./USB_DEVICE/Target/usbd_conf.o
                0x0800bb3e                USBD_LL_PrepareReceive
 .text.USBD_LL_GetRxDataSize
                0x0800bb84       0x26 ./USB_DEVICE/Target/usbd_conf.o
                0x0800bb84                USBD_LL_GetRxDataSize
 *fill*         0x0800bbaa        0x2 
 .text.USBD_static_malloc
                0x0800bbac       0x18 ./USB_DEVICE/Target/usbd_conf.o
                0x0800bbac                USBD_static_malloc
 .text.USBD_static_free
                0x0800bbc4       0x12 ./USB_DEVICE/Target/usbd_conf.o
                0x0800bbc4                USBD_static_free
 .text.HAL_PCDEx_SetConnectionState
                0x0800bbd6       0x16 ./USB_DEVICE/Target/usbd_conf.o
                0x0800bbd6                HAL_PCDEx_SetConnectionState
 .text.USBD_Get_USB_Status
                0x0800bbec       0x58 ./USB_DEVICE/Target/usbd_conf.o
 .text.memset   0x0800bc44       0x10 /opt/st/stm32cubeide_1.16.0/plugins/com.st.stm32cube.ide.mcu.externaltools.gnu-tools-for-stm32.12.3.rel1.linux64_1.0.200.202406132123/tools/bin/../lib/gcc/arm-none-eabi/12.3.1/../../../../arm-none-eabi/lib/thumb/v7-m/nofp/libc_nano.a(libc_a-memset.o)
                0x0800bc44                memset
 .text._reclaim_reent
                0x0800bc54       0xac /opt/st/stm32cubeide_1.16.0/plugins/com.st.stm32cube.ide.mcu.externaltools.gnu-tools-for-stm32.12.3.rel1.linux64_1.0.200.202406132123/tools/bin/../lib/gcc/arm-none-eabi/12.3.1/../../../../arm-none-eabi/lib/thumb/v7-m/nofp/libc_nano.a(libc_a-reent.o)
                0x0800bc54                _reclaim_reent
 .text.__libc_init_array
                0x0800bd00       0x48 /opt/st/stm32cubeide_1.16.0/plugins/com.st.stm32cube.ide.mcu.externaltools.gnu-tools-for-stm32.12.3.rel1.linux64_1.0.200.202406132123/tools/bin/../lib/gcc/arm-none-eabi/12.3.1/../../../../arm-none-eabi/lib/thumb/v7-m/nofp/libc_nano.a(libc_a-init.o)
                0x0800bd00                __libc_init_array
 .text.__retarget_lock_acquire_recursive
                0x0800bd48        0x2 /opt/st/stm32cubeide_1.16.0/plugins/com.st.stm32cube.ide.mcu.externaltools.gnu-tools-for-stm32.12.3.rel1.linux64_1.0.200.202406132123/tools/bin/../lib/gcc/arm-none-eabi/12.3.1/../../../../arm-none-eabi/lib/thumb/v7-m/nofp/libc_nano.a(libc_a-lock.o)
                0x0800bd48                __retarget_lock_acquire_recursive
 .text.__retarget_lock_release_recursive
                0x0800bd4a        0x2 /opt/st/stm32cubeide_1.16.0/plugins/com.st.stm32cube.ide.mcu.externaltools.gnu-tools-for-stm32.12.3.rel1.linux64_1.0.200.202406132123/tools/bin/../lib/gcc/arm-none-eabi/12.3.1/../../../../arm-none-eabi/lib/thumb/v7-m/nofp/libc_nano.a(libc_a-lock.o)
                0x0800bd4a                __retarget_lock_release_recursive
 .text.memcpy   0x0800bd4c       0x1c /opt/st/stm32cubeide_1.16.0/plugins/com.st.stm32cube.ide.mcu.externaltools.gnu-tools-for-stm32.12.3.rel1.linux64_1.0.200.202406132123/tools/bin/../lib/gcc/arm-none-eabi/12.3.1/../../../../arm-none-eabi/lib/thumb/v7-m/nofp/libc_nano.a(libc_a-memcpy-stub.o)
                0x0800bd4c                memcpy
 .text._free_r  0x0800bd68       0x90 /opt/st/stm32cubeide_1.16.0/plugins/com.st.stm32cube.ide.mcu.externaltools.gnu-tools-for-stm32.12.3.rel1.linux64_1.0.200.202406132123/tools/bin/../lib/gcc/arm-none-eabi/12.3.1/../../../../arm-none-eabi/lib/thumb/v7-m/nofp/libc_nano.a(libc_a-freer.o)
                0x0800bd68                _free_r
 .text.__malloc_lock
                0x0800bdf8        0xc /opt/st/stm32cubeide_1.16.0/plugins/com.st.stm32cube.ide.mcu.externaltools.gnu-tools-for-stm32.12.3.rel1.linux64_1.0.200.202406132123/tools/bin/../lib/gcc/arm-none-eabi/12.3.1/../../../../arm-none-eabi/lib/thumb/v7-m/nofp/libc_nano.a(libc_a-mlock.o)
                0x0800bdf8                __malloc_lock
 .text.__malloc_unlock
                0x0800be04        0xc /opt/st/stm32cubeide_1.16.0/plugins/com.st.stm32cube.ide.mcu.externaltools.gnu-tools-for-stm32.12.3.rel1.linux64_1.0.200.202406132123/tools/bin/../lib/gcc/arm-none-eabi/12.3.1/../../../../arm-none-eabi/lib/thumb/v7-m/nofp/libc_nano.a(libc_a-mlock.o)
                0x0800be04                __malloc_unlock
 *(.glue_7)
 .glue_7        0x0800be10        0x0 linker stubs
 *(.glue_7t)
 .glue_7t       0x0800be10        0x0 linker stubs
 *(.eh_frame)
 .eh_frame      0x0800be10        0x0 /opt/st/stm32cubeide_1.16.0/plugins/com.st.stm32cube.ide.mcu.externaltools.gnu-tools-for-stm32.12.3.rel1.linux64_1.0.200.202406132123/tools/bin/../lib/gcc/arm-none-eabi/12.3.1/thumb/v7-m/nofp/crtbegin.o
 *(.init)
 .init          0x0800be10        0x4 /opt/st/stm32cubeide_1.16.0/plugins/com.st.stm32cube.ide.mcu.externaltools.gnu-tools-for-stm32.12.3.rel1.linux64_1.0.200.202406132123/tools/bin/../lib/gcc/arm-none-eabi/12.3.1/thumb/v7-m/nofp/crti.o
                0x0800be10                _init
 .init          0x0800be14        0x8 /opt/st/stm32cubeide_1.16.0/plugins/com.st.stm32cube.ide.mcu.externaltools.gnu-tools-for-stm32.12.3.rel1.linux64_1.0.200.202406132123/tools/bin/../lib/gcc/arm-none-eabi/12.3.1/thumb/v7-m/nofp/crtn.o
 *(.fini)
 .fini          0x0800be1c        0x4 /opt/st/stm32cubeide_1.16.0/plugins/com.st.stm32cube.ide.mcu.externaltools.gnu-tools-for-stm32.12.3.rel1.linux64_1.0.200.202406132123/tools/bin/../lib/gcc/arm-none-eabi/12.3.1/thumb/v7-m/nofp/crti.o
                0x0800be1c                _fini
 .fini          0x0800be20        0x8 /opt/st/stm32cubeide_1.16.0/plugins/com.st.stm32cube.ide.mcu.externaltools.gnu-tools-for-stm32.12.3.rel1.linux64_1.0.200.202406132123/tools/bin/../lib/gcc/arm-none-eabi/12.3.1/thumb/v7-m/nofp/crtn.o
                0x0800be28                        . = ALIGN (0x4)
                0x0800be28                        _etext = .

.vfp11_veneer   0x0800be28        0x0
 .vfp11_veneer  0x0800be28        0x0 linker stubs

.v4_bx          0x0800be28        0x0
 .v4_bx         0x0800be28        0x0 linker stubs

.iplt           0x0800be28        0x0
 .iplt          0x0800be28        0x0 /opt/st/stm32cubeide_1.16.0/plugins/com.st.stm32cube.ide.mcu.externaltools.gnu-tools-for-stm32.12.3.rel1.linux64_1.0.200.202406132123/tools/bin/../lib/gcc/arm-none-eabi/12.3.1/thumb/v7-m/nofp/crtbegin.o

.rodata         0x0800be28       0xf4
                0x0800be28                        . = ALIGN (0x4)
 *(.rodata)
 .rodata        0x0800be28        0xc ./Core/Src/main.o
 .rodata        0x0800be34        0x5 ./Middlewares/Third_Party/FreeRTOS/Source/tasks.o
 *fill*         0x0800be39        0x3 
 .rodata        0x0800be3c        0xd ./Middlewares/Third_Party/FreeRTOS/Source/timers.o
 *fill*         0x0800be49        0x3 
 .rodata        0x0800be4c       0x42 ./USB_DEVICE/App/usbd_desc.o
 *(.rodata*)
 *fill*         0x0800be8e        0x2 
 .rodata.defaultTask_attributes
                0x0800be90       0x24 ./Core/Src/main.o
                0x0800be90                defaultTask_attributes
 .rodata.AHBPrescTable
                0x0800beb4       0x10 ./Core/Src/system_stm32f1xx.o
                0x0800beb4                AHBPrescTable
 .rodata.APBPrescTable
                0x0800bec4        0x8 ./Core/Src/system_stm32f1xx.o
                0x0800bec4                APBPrescTable
 .rodata.aPLLMULFactorTable.1
                0x0800becc       0x10 ./Drivers/STM32F1xx_HAL_Driver/Src/stm32f1xx_hal_rcc.o
 .rodata.aPredivFactorTable.0
                0x0800bedc        0x2 ./Drivers/STM32F1xx_HAL_Driver/Src/stm32f1xx_hal_rcc.o
 *fill*         0x0800bede        0x2 
 .rodata.MSC_Page00_Inquiry_Data
                0x0800bee0        0x7 ./Middlewares/ST/STM32_USB_Device_Library/Class/MSC/Src/usbd_msc_data.o
                0x0800bee0                MSC_Page00_Inquiry_Data
 *fill*         0x0800bee7        0x1 
 .rodata.MSC_Mode_Sense6_data
                0x0800bee8        0x8 ./Middlewares/ST/STM32_USB_Device_Library/Class/MSC/Src/usbd_msc_data.o
                0x0800bee8                MSC_Mode_Sense6_data
 .rodata.MSC_Mode_Sense10_data
                0x0800bef0        0x8 ./Middlewares/ST/STM32_USB_Device_Library/Class/MSC/Src/usbd_msc_data.o
                0x0800bef0                MSC_Mode_Sense10_data
 .rodata.STORAGE_Inquirydata_FS
                0x0800bef8       0x24 ./USB_DEVICE/App/usbd_storage_if.o
                0x0800bef8                STORAGE_Inquirydata_FS
                0x0800bf1c                        . = ALIGN (0x4)

.ARM.extab      0x0800bf1c        0x0
                0x0800bf1c                        . = ALIGN (0x4)
 *(.ARM.extab* .gnu.linkonce.armextab.*)
                0x0800bf1c                        . = ALIGN (0x4)

.ARM            0x0800bf1c        0x0
                0x0800bf1c                        . = ALIGN (0x4)
                0x0800bf1c                        __exidx_start = .
 *(.ARM.exidx*)
                0x0800bf1c                        __exidx_end = .
                0x0800bf1c                        . = ALIGN (0x4)

.preinit_array  0x0800bf1c        0x0
                0x0800bf1c                        . = ALIGN (0x4)
                0x0800bf1c                        PROVIDE (__preinit_array_start = .)
 *(.preinit_array*)
                0x0800bf1c                        PROVIDE (__preinit_array_end = .)
                0x0800bf1c                        . = ALIGN (0x4)

.init_array     0x0800bf1c        0x4
                0x0800bf1c                        . = ALIGN (0x4)
                0x0800bf1c                        PROVIDE (__init_array_start = .)
 *(SORT_BY_NAME(.init_array.*))
 *(.init_array*)
 .init_array    0x0800bf1c        0x4 /opt/st/stm32cubeide_1.16.0/plugins/com.st.stm32cube.ide.mcu.externaltools.gnu-tools-for-stm32.12.3.rel1.linux64_1.0.200.202406132123/tools/bin/../lib/gcc/arm-none-eabi/12.3.1/thumb/v7-m/nofp/crtbegin.o
                0x0800bf20                        PROVIDE (__init_array_end = .)
                0x0800bf20                        . = ALIGN (0x4)

.fini_array     0x0800bf20        0x4
                0x0800bf20                        . = ALIGN (0x4)
                [!provide]                        PROVIDE (__fini_array_start = .)
 *(SORT_BY_NAME(.fini_array.*))
 *(.fini_array*)
 .fini_array    0x0800bf20        0x4 /opt/st/stm32cubeide_1.16.0/plugins/com.st.stm32cube.ide.mcu.externaltools.gnu-tools-for-stm32.12.3.rel1.linux64_1.0.200.202406132123/tools/bin/../lib/gcc/arm-none-eabi/12.3.1/thumb/v7-m/nofp/crtbegin.o
                [!provide]                        PROVIDE (__fini_array_end = .)
                0x0800bf24                        . = ALIGN (0x4)
                0x0800bf24                        _sidata = LOADADDR (.data)

.rel.dyn        0x0800bf24        0x0
 .rel.iplt      0x0800bf24        0x0 /opt/st/stm32cubeide_1.16.0/plugins/com.st.stm32cube.ide.mcu.externaltools.gnu-tools-for-stm32.12.3.rel1.linux64_1.0.200.202406132123/tools/bin/../lib/gcc/arm-none-eabi/12.3.1/thumb/v7-m/nofp/crtbegin.o

.data           0x20000000      0x188 load address 0x0800bf24
                0x20000000                        . = ALIGN (0x4)
                0x20000000                        _sdata = .
 *(.data)
 *(.data*)
 .data.SystemCoreClock
                0x20000000        0x4 ./Core/Src/system_stm32f1xx.o
                0x20000000                SystemCoreClock
 .data.uwTickPrio
                0x20000004        0x4 ./Drivers/STM32F1xx_HAL_Driver/Src/stm32f1xx_hal.o
                0x20000004                uwTickPrio
 .data.uwTickFreq
                0x20000008        0x1 ./Drivers/STM32F1xx_HAL_Driver/Src/stm32f1xx_hal.o
                0x20000008                uwTickFreq
 .data.Stat     0x20000009        0x1 ./FATFS/Target/user_diskio.o
 *fill*         0x2000000a        0x2 
 .data.USER_Driver
                0x2000000c       0x14 ./FATFS/Target/user_diskio.o
                0x2000000c                USER_Driver
 .data.USBD_MSC
                0x20000020       0x38 ./Middlewares/ST/STM32_USB_Device_Library/Class/MSC/Src/usbd_msc.o
                0x20000020                USBD_MSC
 .data.USBD_MSC_CfgHSDesc
                0x20000058       0x20 ./Middlewares/ST/STM32_USB_Device_Library/Class/MSC/Src/usbd_msc.o
                0x20000058                USBD_MSC_CfgHSDesc
 .data.USBD_MSC_CfgFSDesc
                0x20000078       0x20 ./Middlewares/ST/STM32_USB_Device_Library/Class/MSC/Src/usbd_msc.o
                0x20000078                USBD_MSC_CfgFSDesc
 .data.USBD_MSC_OtherSpeedCfgDesc
                0x20000098       0x20 ./Middlewares/ST/STM32_USB_Device_Library/Class/MSC/Src/usbd_msc.o
                0x20000098                USBD_MSC_OtherSpeedCfgDesc
 .data.USBD_MSC_DeviceQualifierDesc
                0x200000b8        0xa ./Middlewares/ST/STM32_USB_Device_Library/Class/MSC/Src/usbd_msc.o
                0x200000b8                USBD_MSC_DeviceQualifierDesc
 *fill*         0x200000c2        0x2 
 .data.uxCriticalNesting
                0x200000c4        0x4 ./Middlewares/Third_Party/FreeRTOS/Source/portable/GCC/ARM_CM3/port.o
 .data.FS_Desc  0x200000c8       0x1c ./USB_DEVICE/App/usbd_desc.o
                0x200000c8                FS_Desc
 .data.USBD_FS_DeviceDesc
                0x200000e4       0x12 ./USB_DEVICE/App/usbd_desc.o
                0x200000e4                USBD_FS_DeviceDesc
 *fill*         0x200000f6        0x2 
 .data.USBD_LangIDDesc
                0x200000f8        0x4 ./USB_DEVICE/App/usbd_desc.o
                0x200000f8                USBD_LangIDDesc
 .data.USBD_StringSerial
                0x200000fc       0x1a ./USB_DEVICE/App/usbd_desc.o
                0x200000fc                USBD_StringSerial
 *fill*         0x20000116        0x2 
 .data.USBD_Storage_Interface_fops_FS
                0x20000118       0x20 ./USB_DEVICE/App/usbd_storage_if.o
                0x20000118                USBD_Storage_Interface_fops_FS
 .data._impure_ptr
                0x20000138        0x4 /opt/st/stm32cubeide_1.16.0/plugins/com.st.stm32cube.ide.mcu.externaltools.gnu-tools-for-stm32.12.3.rel1.linux64_1.0.200.202406132123/tools/bin/../lib/gcc/arm-none-eabi/12.3.1/../../../../arm-none-eabi/lib/thumb/v7-m/nofp/libc_nano.a(libc_a-impure.o)
                0x20000138                _impure_ptr
 .data._impure_data
                0x2000013c       0x4c /opt/st/stm32cubeide_1.16.0/plugins/com.st.stm32cube.ide.mcu.externaltools.gnu-tools-for-stm32.12.3.rel1.linux64_1.0.200.202406132123/tools/bin/../lib/gcc/arm-none-eabi/12.3.1/../../../../arm-none-eabi/lib/thumb/v7-m/nofp/libc_nano.a(libc_a-impure.o)
                0x2000013c                _impure_data
 *(.RamFunc)
 *(.RamFunc*)
                0x20000188                        . = ALIGN (0x4)
                0x20000188                        _edata = .

.igot.plt       0x20000188        0x0 load address 0x0800c0ac
 .igot.plt      0x20000188        0x0 /opt/st/stm32cubeide_1.16.0/plugins/com.st.stm32cube.ide.mcu.externaltools.gnu-tools-for-stm32.12.3.rel1.linux64_1.0.200.202406132123/tools/bin/../lib/gcc/arm-none-eabi/12.3.1/thumb/v7-m/nofp/crtbegin.o
                0x20000188                        . = ALIGN (0x4)

.bss            0x20000188     0x26b8 load address 0x0800c0ac
                0x20000188                        _sbss = .
                0x20000188                        __bss_start__ = _sbss
 *(.bss)
 .bss           0x20000188       0x1c /opt/st/stm32cubeide_1.16.0/plugins/com.st.stm32cube.ide.mcu.externaltools.gnu-tools-for-stm32.12.3.rel1.linux64_1.0.200.202406132123/tools/bin/../lib/gcc/arm-none-eabi/12.3.1/thumb/v7-m/nofp/crtbegin.o
 *(.bss*)
 .bss.hi2c1     0x200001a4       0x54 ./Core/Src/main.o
                0x200001a4                hi2c1
 .bss.hi2c2     0x200001f8       0x54 ./Core/Src/main.o
                0x200001f8                hi2c2
 .bss.huart1    0x2000024c       0x48 ./Core/Src/main.o
                0x2000024c                huart1
 .bss.defaultTaskHandle
                0x20000294        0x4 ./Core/Src/main.o
                0x20000294                defaultTaskHandle
 .bss.htim1     0x20000298       0x48 ./Core/Src/stm32f1xx_hal_timebase_tim.o
                0x20000298                htim1
 .bss.uwTick    0x200002e0        0x4 ./Drivers/STM32F1xx_HAL_Driver/Src/stm32f1xx_hal.o
                0x200002e0                uwTick
 .bss.retUSER   0x200002e4        0x1 ./FATFS/App/fatfs.o
                0x200002e4                retUSER
 *fill*         0x200002e5        0x3 
 .bss.USERPath  0x200002e8        0x4 ./FATFS/App/fatfs.o
                0x200002e8                USERPath
 .bss.cfgidx.0  0x200002ec        0x1 ./Middlewares/ST/STM32_USB_Device_Library/Core/Src/usbd_ctlreq.o
 *fill*         0x200002ed        0x3 
 .bss.disk      0x200002f0        0xc ./Middlewares/Third_Party/FatFs/src/ff_gen_drv.o
                0x200002f0                disk
 .bss.KernelState
                0x200002fc        0x4 ./Middlewares/Third_Party/FreeRTOS/Source/CMSIS_RTOS_V2/cmsis_os2.o
 .bss.Idle_TCB  0x20000300       0xa8 ./Middlewares/Third_Party/FreeRTOS/Source/CMSIS_RTOS_V2/cmsis_os2.o
 .bss.Idle_Stack
                0x200003a8      0x200 ./Middlewares/Third_Party/FreeRTOS/Source/CMSIS_RTOS_V2/cmsis_os2.o
 .bss.Timer_TCB
                0x200005a8       0xa8 ./Middlewares/Third_Party/FreeRTOS/Source/CMSIS_RTOS_V2/cmsis_os2.o
 .bss.Timer_Stack
                0x20000650      0x400 ./Middlewares/Third_Party/FreeRTOS/Source/CMSIS_RTOS_V2/cmsis_os2.o
 .bss.xQueueRegistry
                0x20000a50       0x40 ./Middlewares/Third_Party/FreeRTOS/Source/queue.o
                0x20000a50                xQueueRegistry
 .bss.pxCurrentTCB
                0x20000a90        0x4 ./Middlewares/Third_Party/FreeRTOS/Source/tasks.o
                0x20000a90                pxCurrentTCB
 .bss.pxReadyTasksLists
                0x20000a94      0x460 ./Middlewares/Third_Party/FreeRTOS/Source/tasks.o
 .bss.xDelayedTaskList1
                0x20000ef4       0x14 ./Middlewares/Third_Party/FreeRTOS/Source/tasks.o
 .bss.xDelayedTaskList2
                0x20000f08       0x14 ./Middlewares/Third_Party/FreeRTOS/Source/tasks.o
 .bss.pxDelayedTaskList
                0x20000f1c        0x4 ./Middlewares/Third_Party/FreeRTOS/Source/tasks.o
 .bss.pxOverflowDelayedTaskList
                0x20000f20        0x4 ./Middlewares/Third_Party/FreeRTOS/Source/tasks.o
 .bss.xPendingReadyList
                0x20000f24       0x14 ./Middlewares/Third_Party/FreeRTOS/Source/tasks.o
 .bss.xTasksWaitingTermination
                0x20000f38       0x14 ./Middlewares/Third_Party/FreeRTOS/Source/tasks.o
 .bss.uxDeletedTasksWaitingCleanUp
                0x20000f4c        0x4 ./Middlewares/Third_Party/FreeRTOS/Source/tasks.o
 .bss.xSuspendedTaskList
                0x20000f50       0x14 ./Middlewares/Third_Party/FreeRTOS/Source/tasks.o
 .bss.uxCurrentNumberOfTasks
                0x20000f64        0x4 ./Middlewares/Third_Party/FreeRTOS/Source/tasks.o
 .bss.xTickCount
                0x20000f68        0x4 ./Middlewares/Third_Party/FreeRTOS/Source/tasks.o
 .bss.uxTopReadyPriority
                0x20000f6c        0x4 ./Middlewares/Third_Party/FreeRTOS/Source/tasks.o
 .bss.xSchedulerRunning
                0x20000f70        0x4 ./Middlewares/Third_Party/FreeRTOS/Source/tasks.o
 .bss.uxPendedTicks
                0x20000f74        0x4 ./Middlewares/Third_Party/FreeRTOS/Source/tasks.o
 .bss.xYieldPending
                0x20000f78        0x4 ./Middlewares/Third_Party/FreeRTOS/Source/tasks.o
 .bss.xNumOfOverflows
                0x20000f7c        0x4 ./Middlewares/Third_Party/FreeRTOS/Source/tasks.o
 .bss.uxTaskNumber
                0x20000f80        0x4 ./Middlewares/Third_Party/FreeRTOS/Source/tasks.o
 .bss.xNextTaskUnblockTime
                0x20000f84        0x4 ./Middlewares/Third_Party/FreeRTOS/Source/tasks.o
 .bss.xIdleTaskHandle
                0x20000f88        0x4 ./Middlewares/Third_Party/FreeRTOS/Source/tasks.o
 .bss.uxSchedulerSuspended
                0x20000f8c        0x4 ./Middlewares/Third_Party/FreeRTOS/Source/tasks.o
 .bss.xActiveTimerList1
                0x20000f90       0x14 ./Middlewares/Third_Party/FreeRTOS/Source/timers.o
 .bss.xActiveTimerList2
                0x20000fa4       0x14 ./Middlewares/Third_Party/FreeRTOS/Source/timers.o
 .bss.pxCurrentTimerList
                0x20000fb8        0x4 ./Middlewares/Third_Party/FreeRTOS/Source/timers.o
 .bss.pxOverflowTimerList
                0x20000fbc        0x4 ./Middlewares/Third_Party/FreeRTOS/Source/timers.o
 .bss.xTimerQueue
                0x20000fc0        0x4 ./Middlewares/Third_Party/FreeRTOS/Source/timers.o
 .bss.xTimerTaskHandle
                0x20000fc4        0x4 ./Middlewares/Third_Party/FreeRTOS/Source/timers.o
 .bss.xLastTime.2
                0x20000fc8        0x4 ./Middlewares/Third_Party/FreeRTOS/Source/timers.o
 .bss.ucStaticTimerQueueStorage.1
                0x20000fcc       0xa0 ./Middlewares/Third_Party/FreeRTOS/Source/timers.o
 .bss.xStaticTimerQueue.0
                0x2000106c       0x50 ./Middlewares/Third_Party/FreeRTOS/Source/timers.o
 .bss.ucMaxSysCallPriority
                0x200010bc        0x1 ./Middlewares/Third_Party/FreeRTOS/Source/portable/GCC/ARM_CM3/port.o
 *fill*         0x200010bd        0x3 
 .bss.ulMaxPRIGROUPValue
                0x200010c0        0x4 ./Middlewares/Third_Party/FreeRTOS/Source/portable/GCC/ARM_CM3/port.o
 .bss.ucHeap    0x200010c4      0xc00 ./Middlewares/Third_Party/FreeRTOS/Source/portable/MemMang/heap_4.o
 .bss.xStart    0x20001cc4        0x8 ./Middlewares/Third_Party/FreeRTOS/Source/portable/MemMang/heap_4.o
 .bss.pxEnd     0x20001ccc        0x4 ./Middlewares/Third_Party/FreeRTOS/Source/portable/MemMang/heap_4.o
 .bss.xFreeBytesRemaining
                0x20001cd0        0x4 ./Middlewares/Third_Party/FreeRTOS/Source/portable/MemMang/heap_4.o
 .bss.xMinimumEverFreeBytesRemaining
                0x20001cd4        0x4 ./Middlewares/Third_Party/FreeRTOS/Source/portable/MemMang/heap_4.o
 .bss.xBlockAllocatedBit
                0x20001cd8        0x4 ./Middlewares/Third_Party/FreeRTOS/Source/portable/MemMang/heap_4.o
 .bss.hUsbDeviceFS
                0x20001cdc      0x2c4 ./USB_DEVICE/App/usb_device.o
                0x20001cdc                hUsbDeviceFS
 .bss.USBD_StrDesc
                0x20001fa0      0x200 ./USB_DEVICE/App/usbd_desc.o
                0x20001fa0                USBD_StrDesc
 .bss.hpcd_USB_FS
                0x200021a0      0x2f0 ./USB_DEVICE/Target/usbd_conf.o
                0x200021a0                hpcd_USB_FS
 .bss.mem.0     0x20002490      0x270 ./USB_DEVICE/Target/usbd_conf.o
 .bss.__sf      0x20002700      0x138 /opt/st/stm32cubeide_1.16.0/plugins/com.st.stm32cube.ide.mcu.externaltools.gnu-tools-for-stm32.12.3.rel1.linux64_1.0.200.202406132123/tools/bin/../lib/gcc/arm-none-eabi/12.3.1/../../../../arm-none-eabi/lib/thumb/v7-m/nofp/libc_nano.a(libc_a-findfp.o)
                0x20002700                __sf
 .bss.__lock___malloc_recursive_mutex
                0x20002838        0x1 /opt/st/stm32cubeide_1.16.0/plugins/com.st.stm32cube.ide.mcu.externaltools.gnu-tools-for-stm32.12.3.rel1.linux64_1.0.200.202406132123/tools/bin/../lib/gcc/arm-none-eabi/12.3.1/../../../../arm-none-eabi/lib/thumb/v7-m/nofp/libc_nano.a(libc_a-lock.o)
                0x20002838                __lock___malloc_recursive_mutex
 *fill*         0x20002839        0x3 
 .bss.__malloc_free_list
                0x2000283c        0x4 /opt/st/stm32cubeide_1.16.0/plugins/com.st.stm32cube.ide.mcu.externaltools.gnu-tools-for-stm32.12.3.rel1.linux64_1.0.200.202406132123/tools/bin/../lib/gcc/arm-none-eabi/12.3.1/../../../../arm-none-eabi/lib/thumb/v7-m/nofp/libc_nano.a(libc_a-mallocr.o)
                0x2000283c                __malloc_free_list
 *(COMMON)
                0x20002840                        . = ALIGN (0x4)
                0x20002840                        _ebss = .
                0x20002840                        __bss_end__ = _ebss

._user_heap_stack
                0x20002840      0x600 load address 0x0800c0ac
                0x20002840                        . = ALIGN (0x8)
                [!provide]                        PROVIDE (end = .)
                0x20002840                        PROVIDE (_end = .)
                0x20002a40                        . = (. + _Min_Heap_Size)
 *fill*         0x20002840      0x200 
                0x20002e40                        . = (. + _Min_Stack_Size)
 *fill*         0x20002a40      0x400 
                0x20002e40                        . = ALIGN (0x8)

/DISCARD/
 libc.a(*)
 libm.a(*)
 libgcc.a(*)

.ARM.attributes
                0x00000000       0x29
 *(.ARM.attributes)
 .ARM.attributes
                0x00000000       0x1d /opt/st/stm32cubeide_1.16.0/plugins/com.st.stm32cube.ide.mcu.externaltools.gnu-tools-for-stm32.12.3.rel1.linux64_1.0.200.202406132123/tools/bin/../lib/gcc/arm-none-eabi/12.3.1/thumb/v7-m/nofp/crti.o
 .ARM.attributes
                0x0000001d       0x2d /opt/st/stm32cubeide_1.16.0/plugins/com.st.stm32cube.ide.mcu.externaltools.gnu-tools-for-stm32.12.3.rel1.linux64_1.0.200.202406132123/tools/bin/../lib/gcc/arm-none-eabi/12.3.1/thumb/v7-m/nofp/crtbegin.o
 .ARM.attributes
                0x0000004a       0x2d ./Core/Src/main.o
 .ARM.attributes
                0x00000077       0x2d ./Core/Src/stm32f1xx_hal_msp.o
 .ARM.attributes
                0x000000a4       0x2d ./Core/Src/stm32f1xx_hal_timebase_tim.o
 .ARM.attributes
                0x000000d1       0x2d ./Core/Src/stm32f1xx_it.o
 .ARM.attributes
                0x000000fe       0x2d ./Core/Src/system_stm32f1xx.o
 .ARM.attributes
                0x0000012b       0x21 ./Core/Startup/startup_stm32f103cbtx.o
 .ARM.attributes
                0x0000014c       0x2d ./Drivers/STM32F1xx_HAL_Driver/Src/stm32f1xx_hal.o
 .ARM.attributes
                0x00000179       0x2d ./Drivers/STM32F1xx_HAL_Driver/Src/stm32f1xx_hal_cortex.o
 .ARM.attributes
                0x000001a6       0x2d ./Drivers/STM32F1xx_HAL_Driver/Src/stm32f1xx_hal_gpio.o
 .ARM.attributes
                0x000001d3       0x2d ./Drivers/STM32F1xx_HAL_Driver/Src/stm32f1xx_hal_i2c.o
 .ARM.attributes
                0x00000200       0x2d ./Drivers/STM32F1xx_HAL_Driver/Src/stm32f1xx_hal_pcd.o
 .ARM.attributes
                0x0000022d       0x2d ./Drivers/STM32F1xx_HAL_Driver/Src/stm32f1xx_hal_pcd_ex.o
 .ARM.attributes
                0x0000025a       0x2d ./Drivers/STM32F1xx_HAL_Driver/Src/stm32f1xx_hal_rcc.o
 .ARM.attributes
                0x00000287       0x2d ./Drivers/STM32F1xx_HAL_Driver/Src/stm32f1xx_hal_rcc_ex.o
 .ARM.attributes
                0x000002b4       0x2d ./Drivers/STM32F1xx_HAL_Driver/Src/stm32f1xx_hal_tim.o
 .ARM.attributes
                0x000002e1       0x2d ./Drivers/STM32F1xx_HAL_Driver/Src/stm32f1xx_hal_tim_ex.o
 .ARM.attributes
                0x0000030e       0x2d ./Drivers/STM32F1xx_HAL_Driver/Src/stm32f1xx_hal_uart.o
 .ARM.attributes
                0x0000033b       0x2d ./Drivers/STM32F1xx_HAL_Driver/Src/stm32f1xx_ll_usb.o
 .ARM.attributes
                0x00000368       0x2d ./FATFS/App/fatfs.o
 .ARM.attributes
                0x00000395       0x2d ./FATFS/Target/user_diskio.o
 .ARM.attributes
                0x000003c2       0x2d ./Middlewares/ST/STM32_USB_Device_Library/Class/MSC/Src/usbd_msc.o
 .ARM.attributes
                0x000003ef       0x2d ./Middlewares/ST/STM32_USB_Device_Library/Class/MSC/Src/usbd_msc_bot.o
 .ARM.attributes
                0x0000041c       0x2d ./Middlewares/ST/STM32_USB_Device_Library/Class/MSC/Src/usbd_msc_data.o
 .ARM.attributes
                0x00000449       0x2d ./Middlewares/ST/STM32_USB_Device_Library/Class/MSC/Src/usbd_msc_scsi.o
 .ARM.attributes
                0x00000476       0x2d ./Middlewares/ST/STM32_USB_Device_Library/Core/Src/usbd_core.o
 .ARM.attributes
                0x000004a3       0x2d ./Middlewares/ST/STM32_USB_Device_Library/Core/Src/usbd_ctlreq.o
 .ARM.attributes
                0x000004d0       0x2d ./Middlewares/ST/STM32_USB_Device_Library/Core/Src/usbd_ioreq.o
 .ARM.attributes
                0x000004fd       0x2d ./Middlewares/Third_Party/FatFs/src/ff_gen_drv.o
 .ARM.attributes
                0x0000052a       0x2d ./Middlewares/Third_Party/FreeRTOS/Source/CMSIS_RTOS_V2/cmsis_os2.o
 .ARM.attributes
                0x00000557       0x2d ./Middlewares/Third_Party/FreeRTOS/Source/list.o
 .ARM.attributes
                0x00000584       0x2d ./Middlewares/Third_Party/FreeRTOS/Source/queue.o
 .ARM.attributes
                0x000005b1       0x2d ./Middlewares/Third_Party/FreeRTOS/Source/tasks.o
 .ARM.attributes
                0x000005de       0x2d ./Middlewares/Third_Party/FreeRTOS/Source/timers.o
 .ARM.attributes
                0x0000060b       0x2d ./Middlewares/Third_Party/FreeRTOS/Source/portable/GCC/ARM_CM3/port.o
 .ARM.attributes
                0x00000638       0x2d ./Middlewares/Third_Party/FreeRTOS/Source/portable/MemMang/heap_4.o
 .ARM.attributes
                0x00000665       0x2d ./USB_DEVICE/App/usb_device.o
 .ARM.attributes
                0x00000692       0x2d ./USB_DEVICE/App/usbd_desc.o
 .ARM.attributes
                0x000006bf       0x2d ./USB_DEVICE/App/usbd_storage_if.o
 .ARM.attributes
                0x000006ec       0x2d ./USB_DEVICE/Target/usbd_conf.o
 .ARM.attributes
                0x00000719       0x2d /opt/st/stm32cubeide_1.16.0/plugins/com.st.stm32cube.ide.mcu.externaltools.gnu-tools-for-stm32.12.3.rel1.linux64_1.0.200.202406132123/tools/bin/../lib/gcc/arm-none-eabi/12.3.1/../../../../arm-none-eabi/lib/thumb/v7-m/nofp/libc_nano.a(libc_a-findfp.o)
 .ARM.attributes
                0x00000746       0x2d /opt/st/stm32cubeide_1.16.0/plugins/com.st.stm32cube.ide.mcu.externaltools.gnu-tools-for-stm32.12.3.rel1.linux64_1.0.200.202406132123/tools/bin/../lib/gcc/arm-none-eabi/12.3.1/../../../../arm-none-eabi/lib/thumb/v7-m/nofp/libc_nano.a(libc_a-memset.o)
 .ARM.attributes
                0x00000773       0x2d /opt/st/stm32cubeide_1.16.0/plugins/com.st.stm32cube.ide.mcu.externaltools.gnu-tools-for-stm32.12.3.rel1.linux64_1.0.200.202406132123/tools/bin/../lib/gcc/arm-none-eabi/12.3.1/../../../../arm-none-eabi/lib/thumb/v7-m/nofp/libc_nano.a(libc_a-reent.o)
 .ARM.attributes
                0x000007a0       0x2d /opt/st/stm32cubeide_1.16.0/plugins/com.st.stm32cube.ide.mcu.externaltools.gnu-tools-for-stm32.12.3.rel1.linux64_1.0.200.202406132123/tools/bin/../lib/gcc/arm-none-eabi/12.3.1/../../../../arm-none-eabi/lib/thumb/v7-m/nofp/libc_nano.a(libc_a-impure.o)
 .ARM.attributes
                0x000007cd       0x2d /opt/st/stm32cubeide_1.16.0/plugins/com.st.stm32cube.ide.mcu.externaltools.gnu-tools-for-stm32.12.3.rel1.linux64_1.0.200.202406132123/tools/bin/../lib/gcc/arm-none-eabi/12.3.1/../../../../arm-none-eabi/lib/thumb/v7-m/nofp/libc_nano.a(libc_a-init.o)
 .ARM.attributes
                0x000007fa       0x2d /opt/st/stm32cubeide_1.16.0/plugins/com.st.stm32cube.ide.mcu.externaltools.gnu-tools-for-stm32.12.3.rel1.linux64_1.0.200.202406132123/tools/bin/../lib/gcc/arm-none-eabi/12.3.1/../../../../arm-none-eabi/lib/thumb/v7-m/nofp/libc_nano.a(libc_a-lock.o)
 .ARM.attributes
                0x00000827       0x2d /opt/st/stm32cubeide_1.16.0/plugins/com.st.stm32cube.ide.mcu.externaltools.gnu-tools-for-stm32.12.3.rel1.linux64_1.0.200.202406132123/tools/bin/../lib/gcc/arm-none-eabi/12.3.1/../../../../arm-none-eabi/lib/thumb/v7-m/nofp/libc_nano.a(libc_a-memcpy-stub.o)
 .ARM.attributes
                0x00000854       0x2d /opt/st/stm32cubeide_1.16.0/plugins/com.st.stm32cube.ide.mcu.externaltools.gnu-tools-for-stm32.12.3.rel1.linux64_1.0.200.202406132123/tools/bin/../lib/gcc/arm-none-eabi/12.3.1/../../../../arm-none-eabi/lib/thumb/v7-m/nofp/libc_nano.a(libc_a-freer.o)
 .ARM.attributes
                0x00000881       0x2d /opt/st/stm32cubeide_1.16.0/plugins/com.st.stm32cube.ide.mcu.externaltools.gnu-tools-for-stm32.12.3.rel1.linux64_1.0.200.202406132123/tools/bin/../lib/gcc/arm-none-eabi/12.3.1/../../../../arm-none-eabi/lib/thumb/v7-m/nofp/libc_nano.a(libc_a-mallocr.o)
 .ARM.attributes
                0x000008ae       0x2d /opt/st/stm32cubeide_1.16.0/plugins/com.st.stm32cube.ide.mcu.externaltools.gnu-tools-for-stm32.12.3.rel1.linux64_1.0.200.202406132123/tools/bin/../lib/gcc/arm-none-eabi/12.3.1/../../../../arm-none-eabi/lib/thumb/v7-m/nofp/libc_nano.a(libc_a-mlock.o)
 .ARM.attributes
                0x000008db       0x1d /opt/st/stm32cubeide_1.16.0/plugins/com.st.stm32cube.ide.mcu.externaltools.gnu-tools-for-stm32.12.3.rel1.linux64_1.0.200.202406132123/tools/bin/../lib/gcc/arm-none-eabi/12.3.1/thumb/v7-m/nofp/crtn.o
OUTPUT(VoltLogV2-MCU-Software.elf elf32-littlearm)
LOAD linker stubs
LOAD /opt/st/stm32cubeide_1.16.0/plugins/com.st.stm32cube.ide.mcu.externaltools.gnu-tools-for-stm32.12.3.rel1.linux64_1.0.200.202406132123/tools/bin/../lib/gcc/arm-none-eabi/12.3.1/../../../../arm-none-eabi/lib/thumb/v7-m/nofp/libc.a
LOAD /opt/st/stm32cubeide_1.16.0/plugins/com.st.stm32cube.ide.mcu.externaltools.gnu-tools-for-stm32.12.3.rel1.linux64_1.0.200.202406132123/tools/bin/../lib/gcc/arm-none-eabi/12.3.1/../../../../arm-none-eabi/lib/thumb/v7-m/nofp/libm.a
LOAD /opt/st/stm32cubeide_1.16.0/plugins/com.st.stm32cube.ide.mcu.externaltools.gnu-tools-for-stm32.12.3.rel1.linux64_1.0.200.202406132123/tools/bin/../lib/gcc/arm-none-eabi/12.3.1/thumb/v7-m/nofp/libgcc.a

.debug_info     0x00000000    0x23d79
 .debug_info    0x00000000     0x1271 ./Core/Src/main.o
 .debug_info    0x00001271      0xcba ./Core/Src/stm32f1xx_hal_msp.o
 .debug_info    0x00001f2b      0x99a ./Core/Src/stm32f1xx_hal_timebase_tim.o
 .debug_info    0x000028c5      0xb3d ./Core/Src/stm32f1xx_it.o
 .debug_info    0x00003402      0x222 ./Core/Src/system_stm32f1xx.o
 .debug_info    0x00003624       0x30 ./Core/Startup/startup_stm32f103cbtx.o
 .debug_info    0x00003654      0x704 ./Drivers/STM32F1xx_HAL_Driver/Src/stm32f1xx_hal.o
 .debug_info    0x00003d58      0xa87 ./Drivers/STM32F1xx_HAL_Driver/Src/stm32f1xx_hal_cortex.o
 .debug_info    0x000047df      0x5ab ./Drivers/STM32F1xx_HAL_Driver/Src/stm32f1xx_hal_gpio.o
 .debug_info    0x00004d8a     0x2515 ./Drivers/STM32F1xx_HAL_Driver/Src/stm32f1xx_hal_i2c.o
 .debug_info    0x0000729f     0x16cf ./Drivers/STM32F1xx_HAL_Driver/Src/stm32f1xx_hal_pcd.o
 .debug_info    0x0000896e      0x6b6 ./Drivers/STM32F1xx_HAL_Driver/Src/stm32f1xx_hal_pcd_ex.o
 .debug_info    0x00009024      0x7d5 ./Drivers/STM32F1xx_HAL_Driver/Src/stm32f1xx_hal_rcc.o
 .debug_info    0x000097f9      0x3c0 ./Drivers/STM32F1xx_HAL_Driver/Src/stm32f1xx_hal_rcc_ex.o
 .debug_info    0x00009bb9     0x293b ./Drivers/STM32F1xx_HAL_Driver/Src/stm32f1xx_hal_tim.o
 .debug_info    0x0000c4f4     0x149b ./Drivers/STM32F1xx_HAL_Driver/Src/stm32f1xx_hal_tim_ex.o
 .debug_info    0x0000d98f     0x2fa8 ./Drivers/STM32F1xx_HAL_Driver/Src/stm32f1xx_hal_uart.o
 .debug_info    0x00010937     0x17a2 ./Drivers/STM32F1xx_HAL_Driver/Src/stm32f1xx_ll_usb.o
 .debug_info    0x000120d9      0x4e8 ./FATFS/App/fatfs.o
 .debug_info    0x000125c1      0x328 ./FATFS/Target/user_diskio.o
 .debug_info    0x000128e9      0xc49 ./Middlewares/ST/STM32_USB_Device_Library/Class/MSC/Src/usbd_msc.o
 .debug_info    0x00013532      0xba1 ./Middlewares/ST/STM32_USB_Device_Library/Class/MSC/Src/usbd_msc_bot.o
 .debug_info    0x000140d3      0x11c ./Middlewares/ST/STM32_USB_Device_Library/Class/MSC/Src/usbd_msc_data.o
 .debug_info    0x000141ef      0xede ./Middlewares/ST/STM32_USB_Device_Library/Class/MSC/Src/usbd_msc_scsi.o
 .debug_info    0x000150cd      0xa52 ./Middlewares/ST/STM32_USB_Device_Library/Core/Src/usbd_core.o
 .debug_info    0x00015b1f      0x91c ./Middlewares/ST/STM32_USB_Device_Library/Core/Src/usbd_ctlreq.o
 .debug_info    0x0001643b      0x6a0 ./Middlewares/ST/STM32_USB_Device_Library/Core/Src/usbd_ioreq.o
 .debug_info    0x00016adb      0x37a ./Middlewares/Third_Party/FatFs/src/ff_gen_drv.o
 .debug_info    0x00016e55     0x4059 ./Middlewares/Third_Party/FreeRTOS/Source/CMSIS_RTOS_V2/cmsis_os2.o
 .debug_info    0x0001aeae      0x2aa ./Middlewares/Third_Party/FreeRTOS/Source/list.o
 .debug_info    0x0001b158     0x1abf ./Middlewares/Third_Party/FreeRTOS/Source/queue.o
 .debug_info    0x0001cc17     0x27b8 ./Middlewares/Third_Party/FreeRTOS/Source/tasks.o
 .debug_info    0x0001f3cf     0x1a7d ./Middlewares/Third_Party/FreeRTOS/Source/timers.o
 .debug_info    0x00020e4c      0x494 ./Middlewares/Third_Party/FreeRTOS/Source/portable/GCC/ARM_CM3/port.o
 .debug_info    0x000212e0      0x3c3 ./Middlewares/Third_Party/FreeRTOS/Source/portable/MemMang/heap_4.o
 .debug_info    0x000216a3      0x694 ./USB_DEVICE/App/usb_device.o
 .debug_info    0x00021d37      0x44a ./USB_DEVICE/App/usbd_desc.o
 .debug_info    0x00022181      0x3a1 ./USB_DEVICE/App/usbd_storage_if.o
 .debug_info    0x00022522     0x1857 ./USB_DEVICE/Target/usbd_conf.o

.debug_abbrev   0x00000000     0x55d9
 .debug_abbrev  0x00000000      0x2d8 ./Core/Src/main.o
 .debug_abbrev  0x000002d8      0x1c8 ./Core/Src/stm32f1xx_hal_msp.o
 .debug_abbrev  0x000004a0      0x1f3 ./Core/Src/stm32f1xx_hal_timebase_tim.o
 .debug_abbrev  0x00000693      0x1c6 ./Core/Src/stm32f1xx_it.o
 .debug_abbrev  0x00000859      0x13f ./Core/Src/system_stm32f1xx.o
 .debug_abbrev  0x00000998       0x24 ./Core/Startup/startup_stm32f103cbtx.o
 .debug_abbrev  0x000009bc      0x201 ./Drivers/STM32F1xx_HAL_Driver/Src/stm32f1xx_hal.o
 .debug_abbrev  0x00000bbd      0x2f8 ./Drivers/STM32F1xx_HAL_Driver/Src/stm32f1xx_hal_cortex.o
 .debug_abbrev  0x00000eb5      0x1ca ./Drivers/STM32F1xx_HAL_Driver/Src/stm32f1xx_hal_gpio.o
 .debug_abbrev  0x0000107f      0x2a3 ./Drivers/STM32F1xx_HAL_Driver/Src/stm32f1xx_hal_i2c.o
 .debug_abbrev  0x00001322      0x2d6 ./Drivers/STM32F1xx_HAL_Driver/Src/stm32f1xx_hal_pcd.o
 .debug_abbrev  0x000015f8      0x189 ./Drivers/STM32F1xx_HAL_Driver/Src/stm32f1xx_hal_pcd_ex.o
 .debug_abbrev  0x00001781      0x2b3 ./Drivers/STM32F1xx_HAL_Driver/Src/stm32f1xx_hal_rcc.o
 .debug_abbrev  0x00001a34      0x188 ./Drivers/STM32F1xx_HAL_Driver/Src/stm32f1xx_hal_rcc_ex.o
 .debug_abbrev  0x00001bbc      0x277 ./Drivers/STM32F1xx_HAL_Driver/Src/stm32f1xx_hal_tim.o
 .debug_abbrev  0x00001e33      0x282 ./Drivers/STM32F1xx_HAL_Driver/Src/stm32f1xx_hal_tim_ex.o
 .debug_abbrev  0x000020b5      0x2f8 ./Drivers/STM32F1xx_HAL_Driver/Src/stm32f1xx_hal_uart.o
 .debug_abbrev  0x000023ad      0x1de ./Drivers/STM32F1xx_HAL_Driver/Src/stm32f1xx_ll_usb.o
 .debug_abbrev  0x0000258b      0x1a8 ./FATFS/App/fatfs.o
 .debug_abbrev  0x00002733      0x13c ./FATFS/Target/user_diskio.o