Archive member included to satisfy reference by file (symbol)

/opt/st/stm32cubeide_1.16.0/plugins/com.st.stm32cube.ide.mcu.externaltools.gnu-tools-for-stm32.12.3.rel1.linux64_1.0.200.202406132123/tools/bin/../lib/gcc/arm-none-eabi/12.3.1/../../../../arm-none-eabi/lib/thumb/v7-m/nofp/libc_nano.a(libc_a-exit.o)
                              /opt/st/stm32cubeide_1.16.0/plugins/com.st.stm32cube.ide.mcu.externaltools.gnu-tools-for-stm32.12.3.rel1.linux64_1.0.200.202406132123/tools/bin/../lib/gcc/arm-none-eabi/12.3.1/../../../../arm-none-eabi/lib/thumb/v7-m/nofp/crt0.o (exit)
/opt/st/stm32cubeide_1.16.0/plugins/com.st.stm32cube.ide.mcu.externaltools.gnu-tools-for-stm32.12.3.rel1.linux64_1.0.200.202406132123/tools/bin/../lib/gcc/arm-none-eabi/12.3.1/../../../../arm-none-eabi/lib/thumb/v7-m/nofp/libc_nano.a(libc_a-findfp.o)
                              ./Middlewares/Third_Party/FreeRTOS/Source/tasks.o (__sf)
/opt/st/stm32cubeide_1.16.0/plugins/com.st.stm32cube.ide.mcu.externaltools.gnu-tools-for-stm32.12.3.rel1.linux64_1.0.200.202406132123/tools/bin/../lib/gcc/arm-none-eabi/12.3.1/../../../../arm-none-eabi/lib/thumb/v7-m/nofp/libc_nano.a(libc_a-fwalk.o)
                              /opt/st/stm32cubeide_1.16.0/plugins/com.st.stm32cube.ide.mcu.externaltools.gnu-tools-for-stm32.12.3.rel1.linux64_1.0.200.202406132123/tools/bin/../lib/gcc/arm-none-eabi/12.3.1/../../../../arm-none-eabi/lib/thumb/v7-m/nofp/libc_nano.a(libc_a-findfp.o) (_fwalk_sglue)
/opt/st/stm32cubeide_1.16.0/plugins/com.st.stm32cube.ide.mcu.externaltools.gnu-tools-for-stm32.12.3.rel1.linux64_1.0.200.202406132123/tools/bin/../lib/gcc/arm-none-eabi/12.3.1/../../../../arm-none-eabi/lib/thumb/v7-m/nofp/libc_nano.a(libc_a-snprintf.o)
                              ./Core/Src/ssd1306/ssd1306_tests.o (snprintf)
/opt/st/stm32cubeide_1.16.0/plugins/com.st.stm32cube.ide.mcu.externaltools.gnu-tools-for-stm32.12.3.rel1.linux64_1.0.200.202406132123/tools/bin/../lib/gcc/arm-none-eabi/12.3.1/../../../../arm-none-eabi/lib/thumb/v7-m/nofp/libc_nano.a(libc_a-sprintf.o)
                              ./Core/Src/main.o (sprintf)
/opt/st/stm32cubeide_1.16.0/plugins/com.st.stm32cube.ide.mcu.externaltools.gnu-tools-for-stm32.12.3.rel1.linux64_1.0.200.202406132123/tools/bin/../lib/gcc/arm-none-eabi/12.3.1/../../../../arm-none-eabi/lib/thumb/v7-m/nofp/libc_nano.a(libc_a-stdio.o)
                              /opt/st/stm32cubeide_1.16.0/plugins/com.st.stm32cube.ide.mcu.externaltools.gnu-tools-for-stm32.12.3.rel1.linux64_1.0.200.202406132123/tools/bin/../lib/gcc/arm-none-eabi/12.3.1/../../../../arm-none-eabi/lib/thumb/v7-m/nofp/libc_nano.a(libc_a-findfp.o) (__sread)
/opt/st/stm32cubeide_1.16.0/plugins/com.st.stm32cube.ide.mcu.externaltools.gnu-tools-for-stm32.12.3.rel1.linux64_1.0.200.202406132123/tools/bin/../lib/gcc/arm-none-eabi/12.3.1/../../../../arm-none-eabi/lib/thumb/v7-m/nofp/libc_nano.a(libc_a-memmove.o)
                              ./Core/Src/ssd1306/ssd1306_tests.o (memmove)
/opt/st/stm32cubeide_1.16.0/plugins/com.st.stm32cube.ide.mcu.externaltools.gnu-tools-for-stm32.12.3.rel1.linux64_1.0.200.202406132123/tools/bin/../lib/gcc/arm-none-eabi/12.3.1/../../../../arm-none-eabi/lib/thumb/v7-m/nofp/libc_nano.a(libc_a-memset.o)
                              /opt/st/stm32cubeide_1.16.0/plugins/com.st.stm32cube.ide.mcu.externaltools.gnu-tools-for-stm32.12.3.rel1.linux64_1.0.200.202406132123/tools/bin/../lib/gcc/arm-none-eabi/12.3.1/../../../../arm-none-eabi/lib/thumb/v7-m/nofp/crt0.o (memset)
/opt/st/stm32cubeide_1.16.0/plugins/com.st.stm32cube.ide.mcu.externaltools.gnu-tools-for-stm32.12.3.rel1.linux64_1.0.200.202406132123/tools/bin/../lib/gcc/arm-none-eabi/12.3.1/../../../../arm-none-eabi/lib/thumb/v7-m/nofp/libc_nano.a(libc_a-closer.o)
                              /opt/st/stm32cubeide_1.16.0/plugins/com.st.stm32cube.ide.mcu.externaltools.gnu-tools-for-stm32.12.3.rel1.linux64_1.0.200.202406132123/tools/bin/../lib/gcc/arm-none-eabi/12.3.1/../../../../arm-none-eabi/lib/thumb/v7-m/nofp/libc_nano.a(libc_a-stdio.o) (_close_r)
/opt/st/stm32cubeide_1.16.0/plugins/com.st.stm32cube.ide.mcu.externaltools.gnu-tools-for-stm32.12.3.rel1.linux64_1.0.200.202406132123/tools/bin/../lib/gcc/arm-none-eabi/12.3.1/../../../../arm-none-eabi/lib/thumb/v7-m/nofp/libc_nano.a(libc_a-reent.o)
                              ./Middlewares/Third_Party/FreeRTOS/Source/tasks.o (_reclaim_reent)
/opt/st/stm32cubeide_1.16.0/plugins/com.st.stm32cube.ide.mcu.externaltools.gnu-tools-for-stm32.12.3.rel1.linux64_1.0.200.202406132123/tools/bin/../lib/gcc/arm-none-eabi/12.3.1/../../../../arm-none-eabi/lib/thumb/v7-m/nofp/libc_nano.a(libc_a-impure.o)
                              ./Middlewares/Third_Party/FreeRTOS/Source/tasks.o (_impure_ptr)
/opt/st/stm32cubeide_1.16.0/plugins/com.st.stm32cube.ide.mcu.externaltools.gnu-tools-for-stm32.12.3.rel1.linux64_1.0.200.202406132123/tools/bin/../lib/gcc/arm-none-eabi/12.3.1/../../../../arm-none-eabi/lib/thumb/v7-m/nofp/libc_nano.a(libc_a-lseekr.o)
[...]
Memory Configuration

Name             Origin             Length             Attributes
RAM              0x20000000         0x00005000         xrw
FLASH            0x08000000         0x00020000         xr
*default*        0x00000000         0xffffffff

Linker script and memory map

LOAD /opt/st/stm32cubeide_1.16.0/plugins/com.st.stm32cube.ide.mcu.externaltools.gnu-tools-for-stm32.12.3.rel1.linux64_1.0.200.202406132123/tools/bin/../lib/gcc/arm-none-eabi/12.3.1/thumb/v7-m/nofp/crti.o
LOAD /opt/st/stm32cubeide_1.16.0/plugins/com.st.stm32cube.ide.mcu.externaltools.gnu-tools-for-stm32.12.3.rel1.linux64_1.0.200.202406132123/tools/bin/../lib/gcc/arm-none-eabi/12.3.1/thumb/v7-m/nofp/crtbegin.o
LOAD /opt/st/stm32cubeide_1.16.0/plugins/com.st.stm32cube.ide.mcu.externaltools.gnu-tools-for-stm32.12.3.rel1.linux64_1.0.200.202406132123/tools/bin/../lib/gcc/arm-none-eabi/12.3.1/../../../../arm-none-eabi/lib/thumb/v7-m/nofp/crt0.o
LOAD ./Core/Src/button_api/button_api.o
LOAD ./Core/Src/freertos.o
LOAD ./Core/Src/main.o
LOAD ./Core/Src/stm32f1xx_hal_msp.o
LOAD ./Core/Src/stm32f1xx_hal_timebase_tim.o
LOAD ./Core/Src/stm32f1xx_it.o
LOAD ./Core/Src/syscalls.o
LOAD ./Core/Src/sysmem.o
LOAD ./Core/Src/system_stm32f1xx.o
LOAD ./Core/Src/ina219/ina219.o
LOAD ./Core/Src/m24m02_eeprom/m24m02_eeprom.o
LOAD ./Core/Src/self_test/self_test_i2c.o
LOAD ./Core/Src/ssd1306/ssd1306.o
LOAD ./Core/Src/ssd1306/ssd1306_fonts.o
LOAD ./Core/Src/ssd1306/ssd1306_tests.o
LOAD ./Core/Src/ui/ui.o
LOAD ./Core/Startup/startup_stm32f103cbtx.o
LOAD ./Drivers/STM32F1xx_HAL_Driver/Src/stm32f1xx_hal.o
LOAD ./Drivers/STM32F1xx_HAL_Driver/Src/stm32f1xx_hal_cortex.o
LOAD ./Drivers/STM32F1xx_HAL_Driver/Src/stm32f1xx_hal_dma.o
LOAD ./Drivers/STM32F1xx_HAL_Driver/Src/stm32f1xx_hal_exti.o
LOAD ./Drivers/STM32F1xx_HAL_Driver/Src/stm32f1xx_hal_flash.o
LOAD ./Drivers/STM32F1xx_HAL_Driver/Src/stm32f1xx_hal_flash_ex.o
LOAD ./Drivers/STM32F1xx_HAL_Driver/Src/stm32f1xx_hal_gpio.o
LOAD ./Drivers/STM32F1xx_HAL_Driver/Src/stm32f1xx_hal_gpio_ex.o
LOAD ./Drivers/STM32F1xx_HAL_Driver/Src/stm32f1xx_hal_i2c.o
LOAD ./Drivers/STM32F1xx_HAL_Driver/Src/stm32f1xx_hal_pcd.o
LOAD ./Drivers/STM32F1xx_HAL_Driver/Src/stm32f1xx_hal_pcd_ex.o
LOAD ./Drivers/STM32F1xx_HAL_Driver/Src/stm32f1xx_hal_pwr.o
LOAD ./Drivers/STM32F1xx_HAL_Driver/Src/stm32f1xx_hal_rcc.o
LOAD ./Drivers/STM32F1xx_HAL_Driver/Src/stm32f1xx_hal_rcc_ex.o
LOAD ./Drivers/STM32F1xx_HAL_Driver/Src/stm32f1xx_hal_tim.o
LOAD ./Drivers/STM32F1xx_HAL_Driver/Src/stm32f1xx_hal_tim_ex.o
LOAD ./Drivers/STM32F1xx_HAL_Driver/Src/stm32f1xx_hal_uart.o
LOAD ./Drivers/STM32F1xx_HAL_Driver/Src/stm32f1xx_ll_usb.o
LOAD ./FATFS/App/fatfs.o
LOAD ./FATFS/Target/user_diskio.o
LOAD ./Middlewares/ST/STM32_USB_Device_Library/Class/MSC/Src/usbd_msc.o
LOAD ./Middlewares/ST/STM32_USB_Device_Library/Class/MSC/Src/usbd_msc_bot.o
LOAD ./Middlewares/ST/STM32_USB_Device_Library/Class/MSC/Src/usbd_msc_data.o
LOAD ./Middlewares/ST/STM32_USB_Device_Library/Class/MSC/Src/usbd_msc_scsi.o
LOAD ./Middlewares/ST/STM32_USB_Device_Library/Core/Src/usbd_core.o
LOAD ./Middlewares/ST/STM32_USB_Device_Library/Core/Src/usbd_ctlreq.o
LOAD ./Middlewares/ST/STM32_USB_Device_Library/Core/Src/usbd_ioreq.o
LOAD ./Middlewares/Third_Party/FatFs/src/diskio.o
LOAD ./Middlewares/Third_Party/FatFs/src/ff.o
LOAD ./Middlewares/Third_Party/FatFs/src/ff_gen_drv.o
LOAD ./Middlewares/Third_Party/FatFs/src/option/syscall.o
LOAD ./Middlewares/Third_Party/FreeRTOS/Source/CMSIS_RTOS/cmsis_os.o
LOAD ./Middlewares/Third_Party/FreeRTOS/Source/croutine.o
LOAD ./Middlewares/Third_Party/FreeRTOS/Source/event_groups.o
LOAD ./Middlewares/Third_Party/FreeRTOS/Source/list.o
LOAD ./Middlewares/Third_Party/FreeRTOS/Source/queue.o
LOAD ./Middlewares/Third_Party/FreeRTOS/Source/stream_buffer.o
LOAD ./Middlewares/Third_Party/FreeRTOS/Source/tasks.o
LOAD ./Middlewares/Third_Party/FreeRTOS/Source/timers.o
LOAD ./Middlewares/Third_Party/FreeRTOS/Source/portable/GCC/ARM_CM3/port.o
LOAD ./Middlewares/Third_Party/FreeRTOS/Source/portable/MemMang/heap_4.o
LOAD ./USB_DEVICE/App/usb_device.o
LOAD ./USB_DEVICE/App/usbd_desc.o
LOAD ./USB_DEVICE/App/usbd_storage_if.o
LOAD ./USB_DEVICE/Target/usbd_conf.o
START GROUP
LOAD /opt/st/stm32cubeide_1.16.0/plugins/com.st.stm32cube.ide.mcu.externaltools.gnu-tools-for-stm32.12.3.rel1.linux64_1.0.200.202406132123/tools/bin/../lib/gcc/arm-none-eabi/12.3.1/../../../../arm-none-eabi/lib/thumb/v7-m/nofp/libc_nano.a
LOAD /opt/st/stm32cubeide_1.16.0/plugins/com.st.stm32cube.ide.mcu.externaltools.gnu-tools-for-stm32.12.3.rel1.linux64_1.0.200.202406132123/tools/bin/../lib/gcc/arm-none-eabi/12.3.1/../../../../arm-none-eabi/lib/thumb/v7-m/nofp/libm.a
END GROUP
START GROUP
LOAD /opt/st/stm32cubeide_1.16.0/plugins/com.st.stm32cube.ide.mcu.externaltools.gnu-tools-for-stm32.12.3.rel1.linux64_1.0.200.202406132123/tools/bin/../lib/gcc/arm-none-eabi/12.3.1/thumb/v7-m/nofp/libgcc.a
LOAD /opt/st/stm32cubeide_1.16.0/plugins/com.st.stm32cube.ide.mcu.externaltools.gnu-tools-for-stm32.12.3.rel1.linux64_1.0.200.202406132123/tools/bin/../lib/gcc/arm-none-eabi/12.3.1/../../../../arm-none-eabi/lib/thumb/v7-m/nofp/libc_nano.a
END GROUP
START GROUP
LOAD /opt/st/stm32cubeide_1.16.0/plugins/com.st.stm32cube.ide.mcu.externaltools.gnu-tools-for-stm32.12.3.rel1.linux64_1.0.200.202406132123/tools/bin/../lib/gcc/arm-none-eabi/12.3.1/thumb/v7-m/nofp/libgcc.a
LOAD /opt/st/stm32cubeide_1.16.0/plugins/com.st.stm32cube.ide.mcu.externaltools.gnu-tools-for-stm32.12.3.rel1.linux64_1.0.200.202406132123/tools/bin/../lib/gcc/arm-none-eabi/12.3.1/../../../../arm-none-eabi/lib/thumb/v7-m/nofp/libc_nano.a
LOAD /opt/st/stm32cubeide_1.16.0/plugins/com.st.stm32cube.ide.mcu.externaltools.gnu-tools-for-stm32.12.3.rel1.linux64_1.0.200.202406132123/tools/bin/../lib/gcc/arm-none-eabi/12.3.1/../../../../arm-none-eabi/lib/thumb/v7-m/nofp/libnosys.a
END GROUP
START GROUP
LOAD /opt/st/stm32cubeide_1.16.0/plugins/com.st.stm32cube.ide.mcu.externaltools.gnu-tools-for-stm32.12.3.rel1.linux64_1.0.200.202406132123/tools/bin/../lib/gcc/arm-none-eabi/12.3.1/thumb/v7-m/nofp/libgcc.a
LOAD /opt/st/stm32cubeide_1.16.0/plugins/com.st.stm32cube.ide.mcu.externaltools.gnu-tools-for-stm32.12.3.rel1.linux64_1.0.200.202406132123/tools/bin/../lib/gcc/arm-none-eabi/12.3.1/../../../../arm-none-eabi/lib/thumb/v7-m/nofp/libc_nano.a
LOAD /opt/st/stm32cubeide_1.16.0/plugins/com.st.stm32cube.ide.mcu.externaltools.gnu-tools-for-stm32.12.3.rel1.linux64_1.0.200.202406132123/tools/bin/../lib/gcc/arm-none-eabi/12.3.1/../../../../arm-none-eabi/lib/thumb/v7-m/nofp/libnosys.a
END GROUP
LOAD /opt/st/stm32cubeide_1.16.0/plugins/com.st.stm32cube.ide.mcu.externaltools.gnu-tools-for-stm32.12.3.rel1.linux64_1.0.200.202406132123/tools/bin/../lib/gcc/arm-none-eabi/12.3.1/thumb/v7-m/nofp/crtend.o
LOAD /opt/st/stm32cubeide_1.16.0/plugins/com.st.stm32cube.ide.mcu.externaltools.gnu-tools-for-stm32.12.3.rel1.linux64_1.0.200.202406132123/tools/bin/../lib/gcc/arm-none-eabi/12.3.1/thumb/v7-m/nofp/crtn.o
                0x20005000                        _estack = (ORIGIN (RAM) + LENGTH (RAM))
                0x00000200                        _Min_Heap_Size = 0x200
                0x00000400                        _Min_Stack_Size = 0x400

.isr_vector     0x08000000      0x10c
                0x08000000                        . = ALIGN (0x4)
 *(.isr_vector)
 .isr_vector    0x08000000      0x10c ./Core/Startup/startup_stm32f103cbtx.o
                0x08000000                g_pfnVectors
                0x0800010c                        . = ALIGN (0x4)

.text           0x08000110     0xd878
                0x08000110                        . = ALIGN (0x4)
 *(.text)
 .text          0x08000110       0x40 /opt/st/stm32cubeide_1.16.0/plugins/com.st.stm32cube.ide.mcu.externaltools.gnu-tools-for-stm32.12.3.rel1.linux64_1.0.200.202406132123/tools/bin/../lib/gcc/arm-none-eabi/12.3.1/thumb/v7-m/nofp/crtbegin.o
 .text          0x08000150       0x10 /opt/st/stm32cubeide_1.16.0/plugins/com.st.stm32cube.ide.mcu.externaltools.gnu-tools-for-stm32.12.3.rel1.linux64_1.0.200.202406132123/tools/bin/../lib/gcc/arm-none-eabi/12.3.1/../../../../arm-none-eabi/lib/thumb/v7-m/nofp/libc_nano.a(libc_a-strlen.o)
                0x08000150                strlen
 .text          0x08000160      0x378 /opt/st/stm32cubeide_1.16.0/plugins/com.st.stm32cube.ide.mcu.externaltools.gnu-tools-for-stm32.12.3.rel1.linux64_1.0.200.202406132123/tools/bin/../lib/gcc/arm-none-eabi/12.3.1/thumb/v7-m/nofp/libgcc.a(_arm_addsubdf3.o)
                0x08000160                __aeabi_drsub
                0x08000168                __aeabi_dsub
                0x08000168                __subdf3
                0x0800016c                __adddf3
                0x0800016c                __aeabi_dadd
                0x080003e4                __aeabi_ui2d
                0x080003e4                __floatunsidf
                0x08000404                __floatsidf
                0x08000404                __aeabi_i2d
                0x08000428                __extendsfdf2
                0x08000428                __aeabi_f2d
                0x0800046c                __aeabi_ul2d
                0x0800046c                __floatundidf
                0x0800047c                __floatdidf
                0x0800047c                __aeabi_l2d
 .text          0x080004d8      0x424 /opt/st/stm32cubeide_1.16.0/plugins/com.st.stm32cube.ide.mcu.externaltools.gnu-tools-for-stm32.12.3.rel1.linux64_1.0.200.202406132123/tools/bin/../lib/gcc/arm-none-eabi/12.3.1/thumb/v7-m/nofp/libgcc.a(_arm_muldivdf3.o)
                0x080004d8                __aeabi_dmul
                0x080004d8                __muldf3
                0x0800072c                __aeabi_ddiv
                0x0800072c                __divdf3
 .text          0x080008fc       0x40 /opt/st/stm32cubeide_1.16.0/plugins/com.st.stm32cube.ide.mcu.externaltools.gnu-tools-for-stm32.12.3.rel1.linux64_1.0.200.202406132123/tools/bin/../lib/gcc/arm-none-eabi/12.3.1/thumb/v7-m/nofp/libgcc.a(_arm_fixunsdfsi.o)
                0x080008fc                __fixunsdfsi
                0x080008fc                __aeabi_d2uiz
 *(.text*)
 .text.buttonStateDebounced
                0x0800093c       0x60 ./Core/Src/button_api/button_api.o
 .text.getButtonEvent
                0x0800099c       0xb8 ./Core/Src/button_api/button_api.o
 .text.getLeftButtonEvent
                0x08000a54       0x18 ./Core/Src/button_api/button_api.o
                0x08000a54                getLeftButtonEvent
 .text.vApplicationGetIdleTaskMemory
                0x08000a6c       0x30 ./Core/Src/freertos.o
                0x08000a6c                vApplicationGetIdleTaskMemory
 .text.main     0x08000a9c       0xfc ./Core/Src/main.o
                0x08000a9c                main
 .text.SystemClock_Config
                0x08000b98       0xb8 ./Core/Src/main.o
                0x08000b98                SystemClock_Config
 .text.MX_I2C1_Init
                0x08000c50       0x5c ./Core/Src/main.o
 .text.MX_I2C2_Init
                0x08000cac       0x5c ./Core/Src/main.o
 .text.MX_USART1_UART_Init
                0x08000d08       0x54 ./Core/Src/main.o
 .text.MX_GPIO_Init
                0x08000d5c       0xb0 ./Core/Src/main.o
 .text.StartDefaultTask
                0x08000e0c       0x14 ./Core/Src/main.o
                0x08000e0c                StartDefaultTask
 .text.ui_button_handle
                0x08000e20       0xc4 ./Core/Src/main.o
                0x08000e20                ui_button_handle
 .text.StartTask03
                0x08000ee4       0x6c ./Core/Src/main.o
                0x08000ee4                StartTask03
 .text.eeprom_task_func
                0x08000f50       0x60 ./Core/Src/main.o
                0x08000f50                eeprom_task_func
 .text.HAL_TIM_PeriodElapsedCallback
                0x08000fb0       0x24 ./Core/Src/main.o
                0x08000fb0                HAL_TIM_PeriodElapsedCallback
 .text.Error_Handler
                0x08000fd4        0xc ./Core/Src/main.o
                0x08000fd4                Error_Handler
 .text.HAL_MspInit
                0x08000fe0       0x70 ./Core/Src/stm32f1xx_hal_msp.o
                0x08000fe0                HAL_MspInit
 .text.HAL_I2C_MspInit
                0x08001050       0xd8 ./Core/Src/stm32f1xx_hal_msp.o
                0x08001050                HAL_I2C_MspInit
 .text.HAL_UART_MspInit
                0x08001128       0x98 ./Core/Src/stm32f1xx_hal_msp.o
                0x08001128                HAL_UART_MspInit
 .text.HAL_InitTick
                0x080011c0       0xe4 ./Core/Src/stm32f1xx_hal_timebase_tim.o
                0x080011c0                HAL_InitTick
 .text.NMI_Handler
                0x080012a4        0xc ./Core/Src/stm32f1xx_it.o
                0x080012a4                NMI_Handler
 .text.HardFault_Handler
                0x080012b0        0x8 ./Core/Src/stm32f1xx_it.o
                0x080012b0                HardFault_Handler
 .text.MemManage_Handler
                0x080012b8        0x8 ./Core/Src/stm32f1xx_it.o
                0x080012b8                MemManage_Handler
 .text.BusFault_Handler
                0x080012c0        0x8 ./Core/Src/stm32f1xx_it.o
                0x080012c0                BusFault_Handler
 .text.UsageFault_Handler
                0x080012c8        0x8 ./Core/Src/stm32f1xx_it.o
                0x080012c8                UsageFault_Handler
 .text.DebugMon_Handler
                0x080012d0        0xc ./Core/Src/stm32f1xx_it.o
                0x080012d0                DebugMon_Handler
 .text.USB_LP_CAN1_RX0_IRQHandler
                0x080012dc       0x14 ./Core/Src/stm32f1xx_it.o
                0x080012dc                USB_LP_CAN1_RX0_IRQHandler
 .text.TIM1_UP_IRQHandler
                0x080012f0       0x14 ./Core/Src/stm32f1xx_it.o
                0x080012f0                TIM1_UP_IRQHandler
 .text._sbrk    0x08001304       0x6c ./Core/Src/sysmem.o
                0x08001304                _sbrk
 .text.SystemInit
                0x08001370        0xc ./Core/Src/system_stm32f1xx.o
                0x08001370                SystemInit
 .text.Read16   0x0800137c       0x44 ./Core/Src/ina219/ina219.o
                0x0800137c                Read16
 .text.Write16  0x080013c0       0x48 ./Core/Src/ina219/ina219.o
                0x080013c0                Write16
 .text.INA219_ReadBusVoltage
                0x08001408       0x26 ./Core/Src/ina219/ina219.o
                0x08001408                INA219_ReadBusVoltage
 .text.INA219_ReadCurrent_raw
                0x0800142e       0x20 ./Core/Src/ina219/ina219.o
                0x0800142e                INA219_ReadCurrent_raw
 *fill*         0x0800144e        0x2 
 .text.INA219_ReadCurrent
                0x08001450       0x30 ./Core/Src/ina219/ina219.o
                0x08001450                INA219_ReadCurrent
 .text.INA219_ReadShuntVolage
                0x08001480       0x48 ./Core/Src/ina219/ina219.o
                0x08001480                INA219_ReadShuntVolage
 .text.INA219_Reset
                0x080014c8       0x22 ./Core/Src/ina219/ina219.o
                0x080014c8                INA219_Reset
 .text.INA219_setCalibration
                0x080014ea       0x20 ./Core/Src/ina219/ina219.o
                0x080014ea                INA219_setCalibration
 .text.INA219_setConfig
                0x0800150a       0x20 ./Core/Src/ina219/ina219.o
                0x0800150a                INA219_setConfig
 *fill*         0x0800152a        0x2 
 .text.INA219_setCalibration_32V_2A
                0x0800152c       0x4c ./Core/Src/ina219/ina219.o
                0x0800152c                INA219_setCalibration_32V_2A
 .text.INA219_Init
                0x08001578       0x60 ./Core/Src/ina219/ina219.o
                0x08001578                INA219_Init
 .text.Write_EEPROM
                0x080015d8       0x54 ./Core/Src/m24m02_eeprom/m24m02_eeprom.o
                0x080015d8                Write_EEPROM
 .text.Read_EEPROM
                0x0800162c       0x40 ./Core/Src/m24m02_eeprom/m24m02_eeprom.o
                0x0800162c                Read_EEPROM
 .text.uart_send_message
                0x0800166c       0x2c ./Core/Src/self_test/self_test_i2c.o
                0x0800166c                uart_send_message
 .text.scan_I2C_bus
                0x08001698       0x7c ./Core/Src/self_test/self_test_i2c.o
                0x08001698                scan_I2C_bus
 .text.ssd1306_Reset
                0x08001714        0xc ./Core/Src/ssd1306/ssd1306.o
                0x08001714                ssd1306_Reset
 .text.ssd1306_WriteCommand
                0x08001720       0x30 ./Core/Src/ssd1306/ssd1306.o
                0x08001720                ssd1306_WriteCommand
 .text.ssd1306_WriteData
                0x08001750       0x34 ./Core/Src/ssd1306/ssd1306.o
                0x08001750                ssd1306_WriteData
 .text.ssd1306_Init
                0x08001784       0xd4 ./Core/Src/ssd1306/ssd1306.o
                0x08001784                ssd1306_Init
 .text.ssd1306_Fill
                0x08001858       0x30 ./Core/Src/ssd1306/ssd1306.o
                0x08001858                ssd1306_Fill
 .text.ssd1306_UpdateScreen
                0x08001888       0x50 ./Core/Src/ssd1306/ssd1306.o
                0x08001888                ssd1306_UpdateScreen
 .text.ssd1306_DrawPixel
                0x080018d8       0xa4 ./Core/Src/ssd1306/ssd1306.o
                0x080018d8                ssd1306_DrawPixel
 .text.ssd1306_WriteChar
                0x0800197c      0x120 ./Core/Src/ssd1306/ssd1306.o
                0x0800197c                ssd1306_WriteChar
 .text.ssd1306_WriteString
                0x08001a9c       0x4c ./Core/Src/ssd1306/ssd1306.o
                0x08001a9c                ssd1306_WriteString
 .text.ssd1306_SetCursor
                0x08001ae8       0x30 ./Core/Src/ssd1306/ssd1306.o
                0x08001ae8                ssd1306_SetCursor
 .text.ssd1306_SetContrast
                0x08001b18       0x26 ./Core/Src/ssd1306/ssd1306.o
                0x08001b18                ssd1306_SetContrast
 *fill*         0x08001b3e        0x2 
 .text.ssd1306_SetDisplayOn
                0x08001b40       0x3c ./Core/Src/ssd1306/ssd1306.o
                0x08001b40                ssd1306_SetDisplayOn
 .text.draw_main_screen
                0x08001b7c       0xec ./Core/Src/ui/ui.o
                0x08001b7c                draw_main_screen
 .text.draw_settings_screen
                0x08001c68      0x124 ./Core/Src/ui/ui.o
                0x08001c68                draw_settings_screen
 .text.Reset_Handler
                0x08001d8c       0x48 ./Core/Startup/startup_stm32f103cbtx.o
                0x08001d8c                Reset_Handler
 .text.Default_Handler
                0x08001dd4        0x2 ./Core/Startup/startup_stm32f103cbtx.o
                0x08001dd4                RTC_Alarm_IRQHandler
                0x08001dd4                EXTI2_IRQHandler
                0x08001dd4                TIM1_CC_IRQHandler
                0x08001dd4                PVD_IRQHandler
                0x08001dd4                EXTI3_IRQHandler
                0x08001dd4                EXTI0_IRQHandler
                0x08001dd4                I2C2_EV_IRQHandler
                0x08001dd4                ADC1_2_IRQHandler
                0x08001dd4                SPI1_IRQHandler
                0x08001dd4                TAMPER_IRQHandler
                0x08001dd4                DMA1_Channel4_IRQHandler
                0x08001dd4                USART3_IRQHandler
                0x08001dd4                RTC_IRQHandler
                0x08001dd4                DMA1_Channel7_IRQHandler
                0x08001dd4                CAN1_RX1_IRQHandler
                0x08001dd4                TIM4_IRQHandler
                0x08001dd4                I2C1_EV_IRQHandler
                0x08001dd4                DMA1_Channel6_IRQHandler
                0x08001dd4                TIM3_IRQHandler
                0x08001dd4                RCC_IRQHandler
                0x08001dd4                TIM1_TRG_COM_IRQHandler
                0x08001dd4                DMA1_Channel1_IRQHandler
                0x08001dd4                Default_Handler
                0x08001dd4                EXTI15_10_IRQHandler
                0x08001dd4                EXTI9_5_IRQHandler
                0x08001dd4                SPI2_IRQHandler
                0x08001dd4                DMA1_Channel5_IRQHandler
                0x08001dd4                EXTI4_IRQHandler
                0x08001dd4                USB_HP_CAN1_TX_IRQHandler
                0x08001dd4                DMA1_Channel3_IRQHandler
                0x08001dd4                WWDG_IRQHandler
                0x08001dd4                TIM2_IRQHandler
                0x08001dd4                TIM1_BRK_IRQHandler
                0x08001dd4                EXTI1_IRQHandler
                0x08001dd4                USART2_IRQHandler
                0x08001dd4                I2C2_ER_IRQHandler
                0x08001dd4                DMA1_Channel2_IRQHandler
                0x08001dd4                CAN1_SCE_IRQHandler
                0x08001dd4                FLASH_IRQHandler
                0x08001dd4                USART1_IRQHandler
                0x08001dd4                I2C1_ER_IRQHandler
                0x08001dd4                USBWakeUp_IRQHandler
 *fill*         0x08001dd6        0x2 
 .text.HAL_Init
                0x08001dd8       0x2c ./Drivers/STM32F1xx_HAL_Driver/Src/stm32f1xx_hal.o
                0x08001dd8                HAL_Init
 .text.HAL_IncTick
                0x08001e04       0x24 ./Drivers/STM32F1xx_HAL_Driver/Src/stm32f1xx_hal.o
                0x08001e04                HAL_IncTick
 .text.HAL_GetTick
                0x08001e28       0x14 ./Drivers/STM32F1xx_HAL_Driver/Src/stm32f1xx_hal.o
                0x08001e28                HAL_GetTick
 .text.HAL_Delay
                0x08001e3c       0x48 ./Drivers/STM32F1xx_HAL_Driver/Src/stm32f1xx_hal.o
                0x08001e3c                HAL_Delay
 .text.__NVIC_SetPriorityGrouping
                0x08001e84       0x48 ./Drivers/STM32F1xx_HAL_Driver/Src/stm32f1xx_hal_cortex.o
 .text.__NVIC_GetPriorityGrouping
                0x08001ecc       0x1c ./Drivers/STM32F1xx_HAL_Driver/Src/stm32f1xx_hal_cortex.o
 .text.__NVIC_EnableIRQ
                0x08001ee8       0x38 ./Drivers/STM32F1xx_HAL_Driver/Src/stm32f1xx_hal_cortex.o
 .text.__NVIC_SetPriority
                0x08001f20       0x54 ./Drivers/STM32F1xx_HAL_Driver/Src/stm32f1xx_hal_cortex.o
 .text.NVIC_EncodePriority
                0x08001f74       0x64 ./Drivers/STM32F1xx_HAL_Driver/Src/stm32f1xx_hal_cortex.o
 .text.HAL_NVIC_SetPriorityGrouping
                0x08001fd8       0x16 ./Drivers/STM32F1xx_HAL_Driver/Src/stm32f1xx_hal_cortex.o
                0x08001fd8                HAL_NVIC_SetPriorityGrouping
 .text.HAL_NVIC_SetPriority
                0x08001fee       0x38 ./Drivers/STM32F1xx_HAL_Driver/Src/stm32f1xx_hal_cortex.o
                0x08001fee                HAL_NVIC_SetPriority
 .text.HAL_NVIC_EnableIRQ
                0x08002026       0x1c ./Drivers/STM32F1xx_HAL_Driver/Src/stm32f1xx_hal_cortex.o
                0x08002026                HAL_NVIC_EnableIRQ
 *fill*         0x08002042        0x2 
 .text.HAL_GPIO_Init
                0x08002044      0x308 ./Drivers/STM32F1xx_HAL_Driver/Src/stm32f1xx_hal_gpio.o
                0x08002044                HAL_GPIO_Init
 .text.HAL_GPIO_ReadPin
                0x0800234c       0x2e ./Drivers/STM32F1xx_HAL_Driver/Src/stm32f1xx_hal_gpio.o
                0x0800234c                HAL_GPIO_ReadPin
 .text.HAL_GPIO_WritePin
                0x0800237a       0x30 ./Drivers/STM32F1xx_HAL_Driver/Src/stm32f1xx_hal_gpio.o
                0x0800237a                HAL_GPIO_WritePin
 *fill*         0x080023aa        0x2 
 .text.HAL_I2C_Init
                0x080023ac      0x288 ./Drivers/STM32F1xx_HAL_Driver/Src/stm32f1xx_hal_i2c.o
                0x080023ac                HAL_I2C_Init
 .text.HAL_I2C_Mem_Write
                0x08002634      0x1f4 ./Drivers/STM32F1xx_HAL_Driver/Src/stm32f1xx_hal_i2c.o
                0x08002634                HAL_I2C_Mem_Write
 .text.HAL_I2C_Mem_Read
                0x08002828      0x4d0 ./Drivers/STM32F1xx_HAL_Driver/Src/stm32f1xx_hal_i2c.o
                0x08002828                HAL_I2C_Mem_Read
 .text.HAL_I2C_IsDeviceReady
                0x08002cf8      0x25c ./Drivers/STM32F1xx_HAL_Driver/Src/stm32f1xx_hal_i2c.o
                0x08002cf8                HAL_I2C_IsDeviceReady
 .text.I2C_RequestMemoryWrite
                0x08002f54      0x12c ./Drivers/STM32F1xx_HAL_Driver/Src/stm32f1xx_hal_i2c.o
 .text.I2C_RequestMemoryRead
                0x08003080      0x1d0 ./Drivers/STM32F1xx_HAL_Driver/Src/stm32f1xx_hal_i2c.o
 .text.I2C_WaitOnFlagUntilTimeout
                0x08003250       0xf4 ./Drivers/STM32F1xx_HAL_Driver/Src/stm32f1xx_hal_i2c.o
 .text.I2C_WaitOnMasterAddressFlagUntilTimeout
                0x08003344      0x140 ./Drivers/STM32F1xx_HAL_Driver/Src/stm32f1xx_hal_i2c.o
 .text.I2C_WaitOnTXEFlagUntilTimeout
                0x08003484       0x90 ./Drivers/STM32F1xx_HAL_Driver/Src/stm32f1xx_hal_i2c.o
 .text.I2C_WaitOnBTFFlagUntilTimeout
                0x08003514       0x90 ./Drivers/STM32F1xx_HAL_Driver/Src/stm32f1xx_hal_i2c.o
 .text.I2C_WaitOnRXNEFlagUntilTimeout
                0x080035a4       0xba ./Drivers/STM32F1xx_HAL_Driver/Src/stm32f1xx_hal_i2c.o
 .text.I2C_IsAcknowledgeFailed
                0x0800365e       0x5c ./Drivers/STM32F1xx_HAL_Driver/Src/stm32f1xx_hal_i2c.o
 .text.HAL_PCD_Init
                0x080036ba      0x1fe ./Drivers/STM32F1xx_HAL_Driver/Src/stm32f1xx_hal_pcd.o
                0x080036ba                HAL_PCD_Init
 .text.HAL_PCD_Start
                0x080038b8       0x4c ./Drivers/STM32F1xx_HAL_Driver/Src/stm32f1xx_hal_pcd.o
                0x080038b8                HAL_PCD_Start
 .text.HAL_PCD_IRQHandler
                0x08003904      0x260 ./Drivers/STM32F1xx_HAL_Driver/Src/stm32f1xx_hal_pcd.o
                0x08003904                HAL_PCD_IRQHandler
 .text.HAL_PCD_SetAddress
                0x08003b64       0x4a ./Drivers/STM32F1xx_HAL_Driver/Src/stm32f1xx_hal_pcd.o
                0x08003b64                HAL_PCD_SetAddress
 .text.HAL_PCD_EP_Open
                0x08003bae       0xba ./Drivers/STM32F1xx_HAL_Driver/Src/stm32f1xx_hal_pcd.o
                0x08003bae                HAL_PCD_EP_Open
 .text.HAL_PCD_EP_Close
                0x08003c68       0x90 ./Drivers/STM32F1xx_HAL_Driver/Src/stm32f1xx_hal_pcd.o
                0x08003c68                HAL_PCD_EP_Close
 .text.HAL_PCD_EP_Receive
                0x08003cf8       0x62 ./Drivers/STM32F1xx_HAL_Driver/Src/stm32f1xx_hal_pcd.o
                0x08003cf8                HAL_PCD_EP_Receive
 .text.HAL_PCD_EP_GetRxCount
                0x08003d5a       0x2e ./Drivers/STM32F1xx_HAL_Driver/Src/stm32f1xx_hal_pcd.o
                0x08003d5a                HAL_PCD_EP_GetRxCount
 .text.HAL_PCD_EP_Transmit
                0x08003d88       0x6e ./Drivers/STM32F1xx_HAL_Driver/Src/stm32f1xx_hal_pcd.o
                0x08003d88                HAL_PCD_EP_Transmit
 .text.HAL_PCD_EP_SetStall
                0x08003df6       0xc0 ./Drivers/STM32F1xx_HAL_Driver/Src/stm32f1xx_hal_pcd.o
                0x08003df6                HAL_PCD_EP_SetStall
 .text.HAL_PCD_EP_ClrStall
                0x08003eb6       0xa8 ./Drivers/STM32F1xx_HAL_Driver/Src/stm32f1xx_hal_pcd.o
                0x08003eb6                HAL_PCD_EP_ClrStall
 .text.HAL_PCD_EP_Flush
                0x08003f5e       0x5a ./Drivers/STM32F1xx_HAL_Driver/Src/stm32f1xx_hal_pcd.o
                0x08003f5e                HAL_PCD_EP_Flush
 .text.PCD_EP_ISR_Handler
                0x08003fb8      0x7a4 ./Drivers/STM32F1xx_HAL_Driver/Src/stm32f1xx_hal_pcd.o
 .text.HAL_PCD_EP_DB_Receive
                0x0800475c      0x21a ./Drivers/STM32F1xx_HAL_Driver/Src/stm32f1xx_hal_pcd.o
 .text.HAL_PCD_EP_DB_Transmit
                0x08004976      0x7f4 ./Drivers/STM32F1xx_HAL_Driver/Src/stm32f1xx_hal_pcd.o
 .text.HAL_PCDEx_PMAConfig
                0x0800516a       0x84 ./Drivers/STM32F1xx_HAL_Driver/Src/stm32f1xx_hal_pcd_ex.o
                0x0800516a                HAL_PCDEx_PMAConfig
 *fill*         0x080051ee        0x2 
 .text.HAL_RCC_OscConfig
                0x080051f0      0x504 ./Drivers/STM32F1xx_HAL_Driver/Src/stm32f1xx_hal_rcc.o
                0x080051f0                HAL_RCC_OscConfig
 .text.HAL_RCC_ClockConfig
                0x080056f4      0x1d4 ./Drivers/STM32F1xx_HAL_Driver/Src/stm32f1xx_hal_rcc.o
                0x080056f4                HAL_RCC_ClockConfig
 .text.HAL_RCC_EnableCSS
                0x080058c8       0x18 ./Drivers/STM32F1xx_HAL_Driver/Src/stm32f1xx_hal_rcc.o
                0x080058c8                HAL_RCC_EnableCSS
 .text.HAL_RCC_GetSysClockFreq
                0x080058e0       0xac ./Drivers/STM32F1xx_HAL_Driver/Src/stm32f1xx_hal_rcc.o
                0x080058e0                HAL_RCC_GetSysClockFreq
 .text.HAL_RCC_GetHCLKFreq
                0x0800598c       0x14 ./Drivers/STM32F1xx_HAL_Driver/Src/stm32f1xx_hal_rcc.o
                0x0800598c                HAL_RCC_GetHCLKFreq
 .text.HAL_RCC_GetPCLK1Freq
                0x080059a0       0x28 ./Drivers/STM32F1xx_HAL_Driver/Src/stm32f1xx_hal_rcc.o
                0x080059a0                HAL_RCC_GetPCLK1Freq
 .text.HAL_RCC_GetPCLK2Freq
                0x080059c8       0x28 ./Drivers/STM32F1xx_HAL_Driver/Src/stm32f1xx_hal_rcc.o
                0x080059c8                HAL_RCC_GetPCLK2Freq
 .text.HAL_RCC_GetClockConfig
                0x080059f0       0x60 ./Drivers/STM32F1xx_HAL_Driver/Src/stm32f1xx_hal_rcc.o
                0x080059f0                HAL_RCC_GetClockConfig
 .text.HAL_RCC_NMI_IRQHandler
                0x08005a50       0x28 ./Drivers/STM32F1xx_HAL_Driver/Src/stm32f1xx_hal_rcc.o
                0x08005a50                HAL_RCC_NMI_IRQHandler
 .text.RCC_Delay
                0x08005a78       0x3c ./Drivers/STM32F1xx_HAL_Driver/Src/stm32f1xx_hal_rcc.o
 .text.HAL_RCC_CSSCallback
                0x08005ab4        0xc ./Drivers/STM32F1xx_HAL_Driver/Src/stm32f1xx_hal_rcc.o
                0x08005ab4                HAL_RCC_CSSCallback
 .text.HAL_RCCEx_PeriphCLKConfig
                0x08005ac0      0x16c ./Drivers/STM32F1xx_HAL_Driver/Src/stm32f1xx_hal_rcc_ex.o
                0x08005ac0                HAL_RCCEx_PeriphCLKConfig
 .text.HAL_TIM_Base_Init
                0x08005c2c       0x9e ./Drivers/STM32F1xx_HAL_Driver/Src/stm32f1xx_hal_tim.o
                0x08005c2c                HAL_TIM_Base_Init
 .text.HAL_TIM_Base_MspInit
                0x08005cca       0x12 ./Drivers/STM32F1xx_HAL_Driver/Src/stm32f1xx_hal_tim.o
                0x08005cca                HAL_TIM_Base_MspInit
 .text.HAL_TIM_Base_Start_IT
                0x08005cdc       0xa4 ./Drivers/STM32F1xx_HAL_Driver/Src/stm32f1xx_hal_tim.o
                0x08005cdc                HAL_TIM_Base_Start_IT
 .text.HAL_TIM_IRQHandler
                0x08005d80      0x210 ./Drivers/STM32F1xx_HAL_Driver/Src/stm32f1xx_hal_tim.o
                0x08005d80                HAL_TIM_IRQHandler
 .text.HAL_TIM_OC_DelayElapsedCallback
                0x08005f90       0x12 ./Drivers/STM32F1xx_HAL_Driver/Src/stm32f1xx_hal_tim.o
                0x08005f90                HAL_TIM_OC_DelayElapsedCallback
 .text.HAL_TIM_IC_CaptureCallback
                0x08005fa2       0x12 ./Drivers/STM32F1xx_HAL_Driver/Src/stm32f1xx_hal_tim.o
                0x08005fa2                HAL_TIM_IC_CaptureCallback
 .text.HAL_TIM_PWM_PulseFinishedCallback
                0x08005fb4       0x12 ./Drivers/STM32F1xx_HAL_Driver/Src/stm32f1xx_hal_tim.o
                0x08005fb4                HAL_TIM_PWM_PulseFinishedCallback
 .text.HAL_TIM_TriggerCallback
                0x08005fc6       0x12 ./Drivers/STM32F1xx_HAL_Driver/Src/stm32f1xx_hal_tim.o
                0x08005fc6                HAL_TIM_TriggerCallback
 .text.TIM_Base_SetConfig
                0x08005fd8       0xc4 ./Drivers/STM32F1xx_HAL_Driver/Src/stm32f1xx_hal_tim.o
                0x08005fd8                TIM_Base_SetConfig
 .text.HAL_TIMEx_CommutCallback
                0x0800609c       0x12 ./Drivers/STM32F1xx_HAL_Driver/Src/stm32f1xx_hal_tim_ex.o
                0x0800609c                HAL_TIMEx_CommutCallback
 .text.HAL_TIMEx_BreakCallback
                0x080060ae       0x12 ./Drivers/STM32F1xx_HAL_Driver/Src/stm32f1xx_hal_tim_ex.o
                0x080060ae                HAL_TIMEx_BreakCallback
 .text.HAL_UART_Init
                0x080060c0       0xa0 ./Drivers/STM32F1xx_HAL_Driver/Src/stm32f1xx_hal_uart.o
                0x080060c0                HAL_UART_Init
 .text.HAL_UART_Transmit
                0x08006160      0x106 ./Drivers/STM32F1xx_HAL_Driver/Src/stm32f1xx_hal_uart.o
                0x08006160                HAL_UART_Transmit
 .text.UART_WaitOnFlagUntilTimeout
                0x08006266       0xdc ./Drivers/STM32F1xx_HAL_Driver/Src/stm32f1xx_hal_uart.o
 *fill*         0x08006342        0x2 
 .text.UART_SetConfig
                0x08006344      0x11c ./Drivers/STM32F1xx_HAL_Driver/Src/stm32f1xx_hal_uart.o
 .text.USB_CoreInit
                0x08006460       0x20 ./Drivers/STM32F1xx_HAL_Driver/Src/stm32f1xx_ll_usb.o
                0x08006460                USB_CoreInit
 .text.USB_EnableGlobalInt
                0x08006480       0x2c ./Drivers/STM32F1xx_HAL_Driver/Src/stm32f1xx_ll_usb.o
                0x08006480                USB_EnableGlobalInt
 .text.USB_DisableGlobalInt
                0x080064ac       0x34 ./Drivers/STM32F1xx_HAL_Driver/Src/stm32f1xx_ll_usb.o
                0x080064ac                USB_DisableGlobalInt
 .text.USB_SetCurrentMode
                0x080064e0       0x18 ./Drivers/STM32F1xx_HAL_Driver/Src/stm32f1xx_ll_usb.o
                0x080064e0                USB_SetCurrentMode
 .text.USB_DevInit
                0x080064f8       0x40 ./Drivers/STM32F1xx_HAL_Driver/Src/stm32f1xx_ll_usb.o
                0x080064f8                USB_DevInit
 .text.USB_FlushTxFifo
                0x08006538       0x16 ./Drivers/STM32F1xx_HAL_Driver/Src/stm32f1xx_ll_usb.o
                0x08006538                USB_FlushTxFifo
 .text.USB_FlushRxFifo
                0x0800654e       0x14 ./Drivers/STM32F1xx_HAL_Driver/Src/stm32f1xx_ll_usb.o
                0x0800654e                USB_FlushRxFifo
 *fill*         0x08006562        0x2 
 .text.USB_ActivateEndpoint
                0x08006564      0x780 ./Drivers/STM32F1xx_HAL_Driver/Src/stm32f1xx_ll_usb.o
                0x08006564                USB_ActivateEndpoint
 .text.USB_DeactivateEndpoint
                0x08006ce4      0x3d8 ./Drivers/STM32F1xx_HAL_Driver/Src/stm32f1xx_ll_usb.o
                0x08006ce4                USB_DeactivateEndpoint
 .text.USB_EPStartXfer
                0x080070bc     0x1762 ./Drivers/STM32F1xx_HAL_Driver/Src/stm32f1xx_ll_usb.o
                0x080070bc                USB_EPStartXfer
 .text.USB_EPSetStall
                0x0800881e       0xa0 ./Drivers/STM32F1xx_HAL_Driver/Src/stm32f1xx_ll_usb.o
                0x0800881e                USB_EPSetStall
 .text.USB_EPClearStall
                0x080088be      0x15a ./Drivers/STM32F1xx_HAL_Driver/Src/stm32f1xx_ll_usb.o
                0x080088be                USB_EPClearStall
 .text.USB_SetDevAddress
                0x08008a18       0x26 ./Drivers/STM32F1xx_HAL_Driver/Src/stm32f1xx_ll_usb.o
                0x08008a18                USB_SetDevAddress
 .text.USB_DevConnect
                0x08008a3e       0x14 ./Drivers/STM32F1xx_HAL_Driver/Src/stm32f1xx_ll_usb.o
                0x08008a3e                USB_DevConnect
 .text.USB_DevDisconnect
                0x08008a52       0x14 ./Drivers/STM32F1xx_HAL_Driver/Src/stm32f1xx_ll_usb.o
                0x08008a52                USB_DevDisconnect
 .text.USB_ReadInterrupts
                0x08008a66       0x1e ./Drivers/STM32F1xx_HAL_Driver/Src/stm32f1xx_ll_usb.o
                0x08008a66                USB_ReadInterrupts
 .text.USB_EP0_OutStart
                0x08008a84       0x16 ./Drivers/STM32F1xx_HAL_Driver/Src/stm32f1xx_ll_usb.o
                0x08008a84                USB_EP0_OutStart
 .text.USB_WritePMA
                0x08008a9a       0x8a ./Drivers/STM32F1xx_HAL_Driver/Src/stm32f1xx_ll_usb.o
                0x08008a9a                USB_WritePMA
 .text.USB_ReadPMA
                0x08008b24       0x9e ./Drivers/STM32F1xx_HAL_Driver/Src/stm32f1xx_ll_usb.o
                0x08008b24                USB_ReadPMA
 *fill*         0x08008bc2        0x2 
 .text.MX_FATFS_Init
                0x08008bc4       0x24 ./FATFS/App/fatfs.o
                0x08008bc4                MX_FATFS_Init
 .text.USER_initialize
                0x08008be8       0x24 ./FATFS/Target/user_diskio.o
                0x08008be8                USER_initialize
 .text.USER_status
                0x08008c0c       0x24 ./FATFS/Target/user_diskio.o
                0x08008c0c                USER_status
 .text.USER_read
                0x08008c30       0x1c ./FATFS/Target/user_diskio.o
                0x08008c30                USER_read
 .text.USER_write
                0x08008c4c       0x1c ./FATFS/Target/user_diskio.o
                0x08008c4c                USER_write
 .text.USER_ioctl
                0x08008c68       0x20 ./FATFS/Target/user_diskio.o
                0x08008c68                USER_ioctl
 .text.USBD_MSC_Init
                0x08008c88       0x94 ./Middlewares/ST/STM32_USB_Device_Library/Class/MSC/Src/usbd_msc.o
                0x08008c88                USBD_MSC_Init
 .text.USBD_MSC_DeInit
                0x08008d1c       0x58 ./Middlewares/ST/STM32_USB_Device_Library/Class/MSC/Src/usbd_msc.o
                0x08008d1c                USBD_MSC_DeInit
 .text.USBD_MSC_Setup
                0x08008d74      0x26c ./Middlewares/ST/STM32_USB_Device_Library/Class/MSC/Src/usbd_msc.o
                0x08008d74                USBD_MSC_Setup
 .text.USBD_MSC_DataIn
                0x08008fe0       0x20 ./Middlewares/ST/STM32_USB_Device_Library/Class/MSC/Src/usbd_msc.o
                0x08008fe0                USBD_MSC_DataIn
 .text.USBD_MSC_DataOut
                0x08009000       0x20 ./Middlewares/ST/STM32_USB_Device_Library/Class/MSC/Src/usbd_msc.o
                0x08009000                USBD_MSC_DataOut
 .text.USBD_MSC_GetHSCfgDesc
                0x08009020       0x20 ./Middlewares/ST/STM32_USB_Device_Library/Class/MSC/Src/usbd_msc.o
                0x08009020                USBD_MSC_GetHSCfgDesc
 .text.USBD_MSC_GetFSCfgDesc
                0x08009040       0x20 ./Middlewares/ST/STM32_USB_Device_Library/Class/MSC/Src/usbd_msc.o
                0x08009040                USBD_MSC_GetFSCfgDesc
 .text.USBD_MSC_GetOtherSpeedCfgDesc
                0x08009060       0x20 ./Middlewares/ST/STM32_USB_Device_Library/Class/MSC/Src/usbd_msc.o
                0x08009060                USBD_MSC_GetOtherSpeedCfgDesc
 .text.USBD_MSC_GetDeviceQualifierDescriptor
                0x08009080       0x20 ./Middlewares/ST/STM32_USB_Device_Library/Class/MSC/Src/usbd_msc.o
                0x08009080                USBD_MSC_GetDeviceQualifierDescriptor
 .text.USBD_MSC_RegisterStorage
                0x080090a0       0x24 ./Middlewares/ST/STM32_USB_Device_Library/Class/MSC/Src/usbd_msc.o
                0x080090a0                USBD_MSC_RegisterStorage
 .text.MSC_BOT_Init
                0x080090c4       0x60 ./Middlewares/ST/STM32_USB_Device_Library/Class/MSC/Src/usbd_msc_bot.o
                0x080090c4                MSC_BOT_Init
 .text.MSC_BOT_Reset
                0x08009124       0x34 ./Middlewares/ST/STM32_USB_Device_Library/Class/MSC/Src/usbd_msc_bot.o
                0x08009124                MSC_BOT_Reset
 .text.MSC_BOT_DeInit
                0x08009158       0x20 ./Middlewares/ST/STM32_USB_Device_Library/Class/MSC/Src/usbd_msc_bot.o
                0x08009158                MSC_BOT_DeInit
 .text.MSC_BOT_DataIn
                0x08009178       0x64 ./Middlewares/ST/STM32_USB_Device_Library/Class/MSC/Src/usbd_msc_bot.o
                0x08009178                MSC_BOT_DataIn
 .text.MSC_BOT_DataOut
                0x080091dc       0x56 ./Middlewares/ST/STM32_USB_Device_Library/Class/MSC/Src/usbd_msc_bot.o
                0x080091dc                MSC_BOT_DataOut
 *fill*         0x08009232        0x2 
 .text.MSC_BOT_CBW_Decode
                0x08009234      0x10c ./Middlewares/ST/STM32_USB_Device_Library/Class/MSC/Src/usbd_msc_bot.o
 .text.MSC_BOT_SendData
                0x08009340       0x62 ./Middlewares/ST/STM32_USB_Device_Library/Class/MSC/Src/usbd_msc_bot.o
 *fill*         0x080093a2        0x2 
 .text.MSC_BOT_SendCSW
                0x080093a4       0x58 ./Middlewares/ST/STM32_USB_Device_Library/Class/MSC/Src/usbd_msc_bot.o
                0x080093a4                MSC_BOT_SendCSW
 .text.MSC_BOT_Abort
                0x080093fc       0x5c ./Middlewares/ST/STM32_USB_Device_Library/Class/MSC/Src/usbd_msc_bot.o
 .text.MSC_BOT_CplClrFeature
                0x08009458       0x4e ./Middlewares/ST/STM32_USB_Device_Library/Class/MSC/Src/usbd_msc_bot.o
                0x08009458                MSC_BOT_CplClrFeature
 *fill*         0x080094a6        0x2 
 .text.SCSI_ProcessCmd
                0x080094a8      0x250 ./Middlewares/ST/STM32_USB_Device_Library/Class/MSC/Src/usbd_msc_scsi.o
                0x080094a8                SCSI_ProcessCmd
 .text.SCSI_TestUnitReady
                0x080096f8       0x72 ./Middlewares/ST/STM32_USB_Device_Library/Class/MSC/Src/usbd_msc_scsi.o
 *fill*         0x0800976a        0x2 
 .text.SCSI_Inquiry
                0x0800976c       0xbc ./Middlewares/ST/STM32_USB_Device_Library/Class/MSC/Src/usbd_msc_scsi.o
 .text.SCSI_ReadCapacity10
                0x08009828       0xce ./Middlewares/ST/STM32_USB_Device_Library/Class/MSC/Src/usbd_msc_scsi.o
 .text.SCSI_ReadFormatCapacity
                0x080098f6       0xc8 ./Middlewares/ST/STM32_USB_Device_Library/Class/MSC/Src/usbd_msc_scsi.o
 *fill*         0x080099be        0x2 
 .text.SCSI_ModeSense6
                0x080099c0       0x50 ./Middlewares/ST/STM32_USB_Device_Library/Class/MSC/Src/usbd_msc_scsi.o
 .text.SCSI_ModeSense10
                0x08009a10       0x50 ./Middlewares/ST/STM32_USB_Device_Library/Class/MSC/Src/usbd_msc_scsi.o
 .text.SCSI_RequestSense
                0x08009a60       0xd4 ./Middlewares/ST/STM32_USB_Device_Library/Class/MSC/Src/usbd_msc_scsi.o
 .text.SCSI_SenseCode
                0x08009b34       0x72 ./Middlewares/ST/STM32_USB_Device_Library/Class/MSC/Src/usbd_msc_scsi.o
                0x08009b34                SCSI_SenseCode
 .text.SCSI_StartStopUnit
                0x08009ba6       0x28 ./Middlewares/ST/STM32_USB_Device_Library/Class/MSC/Src/usbd_msc_scsi.o
 .text.SCSI_Read10
                0x08009bce      0x118 ./Middlewares/ST/STM32_USB_Device_Library/Class/MSC/Src/usbd_msc_scsi.o
 .text.SCSI_Write10
                0x08009ce6      0x160 ./Middlewares/ST/STM32_USB_Device_Library/Class/MSC/Src/usbd_msc_scsi.o
 .text.SCSI_Verify10
                0x08009e46       0x66 ./Middlewares/ST/STM32_USB_Device_Library/Class/MSC/Src/usbd_msc_scsi.o
 .text.SCSI_CheckAddressRange
                0x08009eac       0x44 ./Middlewares/ST/STM32_USB_Device_Library/Class/MSC/Src/usbd_msc_scsi.o
 .text.SCSI_ProcessRead
                0x08009ef0       0xe8 ./Middlewares/ST/STM32_USB_Device_Library/Class/MSC/Src/usbd_msc_scsi.o
 .text.SCSI_ProcessWrite
                0x08009fd8      0x108 ./Middlewares/ST/STM32_USB_Device_Library/Class/MSC/Src/usbd_msc_scsi.o
 .text.USBD_Init
                0x0800a0e0       0x56 ./Middlewares/ST/STM32_USB_Device_Library/Core/Src/usbd_core.o
                0x0800a0e0                USBD_Init
 .text.USBD_RegisterClass
                0x0800a136       0x32 ./Middlewares/ST/STM32_USB_Device_Library/Core/Src/usbd_core.o
                0x0800a136                USBD_RegisterClass
 .text.USBD_Start
                0x0800a168       0x18 ./Middlewares/ST/STM32_USB_Device_Library/Core/Src/usbd_core.o
                0x0800a168                USBD_Start
 .text.USBD_RunTestMode
                0x0800a180       0x14 ./Middlewares/ST/STM32_USB_Device_Library/Core/Src/usbd_core.o
                0x0800a180                USBD_RunTestMode
 .text.USBD_SetClassConfig
                0x0800a194       0x3e ./Middlewares/ST/STM32_USB_Device_Library/Core/Src/usbd_core.o
                0x0800a194                USBD_SetClassConfig
 .text.USBD_ClrClassConfig
                0x0800a1d2       0x26 ./Middlewares/ST/STM32_USB_Device_Library/Core/Src/usbd_core.o
                0x0800a1d2                USBD_ClrClassConfig
 .text.USBD_LL_SetupStage
                0x0800a1f8       0x9a ./Middlewares/ST/STM32_USB_Device_Library/Core/Src/usbd_core.o
                0x0800a1f8                USBD_LL_SetupStage
 .text.USBD_LL_DataOutStage
                0x0800a292       0xe2 ./Middlewares/ST/STM32_USB_Device_Library/Core/Src/usbd_core.o
                0x0800a292                USBD_LL_DataOutStage
 .text.USBD_LL_DataInStage
                0x0800a374      0x14a ./Middlewares/ST/STM32_USB_Device_Library/Core/Src/usbd_core.o
                0x0800a374                USBD_LL_DataInStage
 .text.USBD_LL_Reset
                0x0800a4be       0x82 ./Middlewares/ST/STM32_USB_Device_Library/Core/Src/usbd_core.o
                0x0800a4be                USBD_LL_Reset
 .text.USBD_LL_SetSpeed
                0x0800a540       0x1e ./Middlewares/ST/STM32_USB_Device_Library/Core/Src/usbd_core.o
                0x0800a540                USBD_LL_SetSpeed
 .text.USBD_LL_Suspend
                0x0800a55e       0x28 ./Middlewares/ST/STM32_USB_Device_Library/Core/Src/usbd_core.o
                0x0800a55e                USBD_LL_Suspend
 .text.USBD_LL_Resume
                0x0800a586       0x2a ./Middlewares/ST/STM32_USB_Device_Library/Core/Src/usbd_core.o
                0x0800a586                USBD_LL_Resume
 .text.USBD_LL_SOF
                0x0800a5b0       0x34 ./Middlewares/ST/STM32_USB_Device_Library/Core/Src/usbd_core.o
                0x0800a5b0                USBD_LL_SOF
 .text.USBD_StdDevReq
                0x0800a5e4       0xd4 ./Middlewares/ST/STM32_USB_Device_Library/Core/Src/usbd_ctlreq.o
                0x0800a5e4                USBD_StdDevReq
 .text.USBD_StdItfReq
                0x0800a6b8       0x90 ./Middlewares/ST/STM32_USB_Device_Library/Core/Src/usbd_ctlreq.o
                0x0800a6b8                USBD_StdItfReq
 .text.USBD_StdEPReq
                0x0800a748      0x2c6 ./Middlewares/ST/STM32_USB_Device_Library/Core/Src/usbd_ctlreq.o
                0x0800a748                USBD_StdEPReq
 *fill*         0x0800aa0e        0x2 
 .text.USBD_GetDescriptor
                0x0800aa10      0x2d0 ./Middlewares/ST/STM32_USB_Device_Library/Core/Src/usbd_ctlreq.o
 .text.USBD_SetAddress
                0x0800ace0       0x86 ./Middlewares/ST/STM32_USB_Device_Library/Core/Src/usbd_ctlreq.o
 *fill*         0x0800ad66        0x2 
 .text.USBD_SetConfig
                0x0800ad68      0x11c ./Middlewares/ST/STM32_USB_Device_Library/Core/Src/usbd_ctlreq.o
 .text.USBD_GetConfig
                0x0800ae84       0x6a ./Middlewares/ST/STM32_USB_Device_Library/Core/Src/usbd_ctlreq.o
 .text.USBD_GetStatus
                0x0800aeee       0x66 ./Middlewares/ST/STM32_USB_Device_Library/Core/Src/usbd_ctlreq.o
 .text.USBD_SetFeature
                0x0800af54       0x28 ./Middlewares/ST/STM32_USB_Device_Library/Core/Src/usbd_ctlreq.o
 .text.USBD_ClrFeature
                0x0800af7c       0x42 ./Middlewares/ST/STM32_USB_Device_Library/Core/Src/usbd_ctlreq.o
 .text.USBD_ParseSetupRequest
                0x0800afbe       0x72 ./Middlewares/ST/STM32_USB_Device_Library/Core/Src/usbd_ctlreq.o
                0x0800afbe                USBD_ParseSetupRequest
 .text.USBD_CtlError
                0x0800b030       0x22 ./Middlewares/ST/STM32_USB_Device_Library/Core/Src/usbd_ctlreq.o
                0x0800b030                USBD_CtlError
 .text.USBD_GetString
                0x0800b052       0x84 ./Middlewares/ST/STM32_USB_Device_Library/Core/Src/usbd_ctlreq.o
                0x0800b052                USBD_GetString
 .text.USBD_GetLen
                0x0800b0d6       0x2e ./Middlewares/ST/STM32_USB_Device_Library/Core/Src/usbd_ctlreq.o
 .text.USBD_CtlSendData
                0x0800b104       0x38 ./Middlewares/ST/STM32_USB_Device_Library/Core/Src/usbd_ioreq.o
                0x0800b104                USBD_CtlSendData
 .text.USBD_CtlContinueSendData
                0x0800b13c       0x24 ./Middlewares/ST/STM32_USB_Device_Library/Core/Src/usbd_ioreq.o
                0x0800b13c                USBD_CtlContinueSendData
 .text.USBD_CtlContinueRx
                0x0800b160       0x24 ./Middlewares/ST/STM32_USB_Device_Library/Core/Src/usbd_ioreq.o
                0x0800b160                USBD_CtlContinueRx
 .text.USBD_CtlSendStatus
                0x0800b184       0x26 ./Middlewares/ST/STM32_USB_Device_Library/Core/Src/usbd_ioreq.o
                0x0800b184                USBD_CtlSendStatus
 .text.USBD_CtlReceiveStatus
                0x0800b1aa       0x26 ./Middlewares/ST/STM32_USB_Device_Library/Core/Src/usbd_ioreq.o
                0x0800b1aa                USBD_CtlReceiveStatus
 .text.FATFS_LinkDriverEx
                0x0800b1d0       0x94 ./Middlewares/Third_Party/FatFs/src/ff_gen_drv.o
                0x0800b1d0                FATFS_LinkDriverEx
 .text.FATFS_LinkDriver
                0x0800b264       0x1e ./Middlewares/Third_Party/FatFs/src/ff_gen_drv.o
                0x0800b264                FATFS_LinkDriver
 .text.makeFreeRtosPriority
                0x0800b282       0x2e ./Middlewares/Third_Party/FreeRTOS/Source/CMSIS_RTOS/cmsis_os.o
 .text.osKernelStart
                0x0800b2b0        0xe ./Middlewares/Third_Party/FreeRTOS/Source/CMSIS_RTOS/cmsis_os.o
                0x0800b2b0                osKernelStart
 .text.osThreadCreate
                0x0800b2be       0x98 ./Middlewares/Third_Party/FreeRTOS/Source/CMSIS_RTOS/cmsis_os.o
                0x0800b2be                osThreadCreate
 .text.osDelay  0x0800b356       0x28 ./Middlewares/Third_Party/FreeRTOS/Source/CMSIS_RTOS/cmsis_os.o
                0x0800b356                osDelay
 .text.vListInitialise
                0x0800b37e       0x3e ./Middlewares/Third_Party/FreeRTOS/Source/list.o
                0x0800b37e                vListInitialise
 .text.vListInitialiseItem
                0x0800b3bc       0x18 ./Middlewares/Third_Party/FreeRTOS/Source/list.o
                0x0800b3bc                vListInitialiseItem
 .text.vListInsertEnd
                0x0800b3d4       0x46 ./Middlewares/Third_Party/FreeRTOS/Source/list.o
                0x0800b3d4                vListInsertEnd
 .text.vListInsert
                0x0800b41a       0x70 ./Middlewares/Third_Party/FreeRTOS/Source/list.o
                0x0800b41a                vListInsert
 .text.uxListRemove
                0x0800b48a       0x52 ./Middlewares/Third_Party/FreeRTOS/Source/list.o
                0x0800b48a                uxListRemove
 .text.xTaskCreateStatic
                0x0800b4dc       0xbe ./Middlewares/Third_Party/FreeRTOS/Source/tasks.o
                0x0800b4dc                xTaskCreateStatic
 .text.xTaskCreate
                0x0800b59a       0x8a ./Middlewares/Third_Party/FreeRTOS/Source/tasks.o
                0x0800b59a                xTaskCreate
 .text.prvInitialiseNewTask
                0x0800b624      0x130 ./Middlewares/Third_Party/FreeRTOS/Source/tasks.o
 .text.prvAddNewTaskToReadyList
                0x0800b754       0xd4 ./Middlewares/Third_Party/FreeRTOS/Source/tasks.o
 .text.vTaskDelay
                0x0800b828       0x6c ./Middlewares/Third_Party/FreeRTOS/Source/tasks.o
                0x0800b828                vTaskDelay
 .text.vTaskStartScheduler
                0x0800b894       0xd4 ./Middlewares/Third_Party/FreeRTOS/Source/tasks.o
                0x0800b894                vTaskStartScheduler
 .text.vTaskSuspendAll
                0x0800b968       0x1c ./Middlewares/Third_Party/FreeRTOS/Source/tasks.o
                0x0800b968                vTaskSuspendAll
 .text.xTaskResumeAll
                0x0800b984      0x13c ./Middlewares/Third_Party/FreeRTOS/Source/tasks.o
                0x0800b984                xTaskResumeAll
 .text.xTaskIncrementTick
                0x0800bac0      0x17c ./Middlewares/Third_Party/FreeRTOS/Source/tasks.o
                0x0800bac0                xTaskIncrementTick
 .text.vTaskSwitchContext
                0x0800bc3c       0xc4 ./Middlewares/Third_Party/FreeRTOS/Source/tasks.o
                0x0800bc3c                vTaskSwitchContext
 .text.prvIdleTask
                0x0800bd00       0x30 ./Middlewares/Third_Party/FreeRTOS/Source/tasks.o
 .text.prvInitialiseTaskLists
                0x0800bd30       0x80 ./Middlewares/Third_Party/FreeRTOS/Source/tasks.o
 .text.prvCheckTasksWaitingTermination
                0x0800bdb0       0x5c ./Middlewares/Third_Party/FreeRTOS/Source/tasks.o
 .text.prvDeleteTCB
                0x0800be0c       0x6a ./Middlewares/Third_Party/FreeRTOS/Source/tasks.o
 *fill*         0x0800be76        0x2 
 .text.prvResetNextTaskUnblockTime
                0x0800be78       0x48 ./Middlewares/Third_Party/FreeRTOS/Source/tasks.o
 .text.prvAddCurrentTaskToDelayedList
                0x0800bec0       0xcc ./Middlewares/Third_Party/FreeRTOS/Source/tasks.o
 .text.pxPortInitialiseStack
                0x0800bf8c       0x58 ./Middlewares/Third_Party/FreeRTOS/Source/portable/GCC/ARM_CM3/port.o
                0x0800bf8c                pxPortInitialiseStack
 .text.prvTaskExitError
                0x0800bfe4       0x58 ./Middlewares/Third_Party/FreeRTOS/Source/portable/GCC/ARM_CM3/port.o
 *fill*         0x0800c03c        0x4 
 .text.SVC_Handler
                0x0800c040       0x28 ./Middlewares/Third_Party/FreeRTOS/Source/portable/GCC/ARM_CM3/port.o
                0x0800c040                SVC_Handler
 .text.prvPortStartFirstTask
                0x0800c068       0x20 ./Middlewares/Third_Party/FreeRTOS/Source/portable/GCC/ARM_CM3/port.o
 .text.xPortStartScheduler
                0x0800c088       0xe4 ./Middlewares/Third_Party/FreeRTOS/Source/portable/GCC/ARM_CM3/port.o
                0x0800c088                xPortStartScheduler
 .text.vPortEnterCritical
                0x0800c16c       0x60 ./Middlewares/Third_Party/FreeRTOS/Source/portable/GCC/ARM_CM3/port.o
                0x0800c16c                vPortEnterCritical
 .text.vPortExitCritical
                0x0800c1cc       0x54 ./Middlewares/Third_Party/FreeRTOS/Source/portable/GCC/ARM_CM3/port.o
                0x0800c1cc                vPortExitCritical
 .text.PendSV_Handler
                0x0800c220       0x48 ./Middlewares/Third_Party/FreeRTOS/Source/portable/GCC/ARM_CM3/port.o
                0x0800c220                PendSV_Handler
 .text.SysTick_Handler
                0x0800c268       0x44 ./Middlewares/Third_Party/FreeRTOS/Source/portable/GCC/ARM_CM3/port.o
                0x0800c268                SysTick_Handler
 .text.vPortSetupTimerInterrupt
                0x0800c2ac       0x44 ./Middlewares/Third_Party/FreeRTOS/Source/portable/GCC/ARM_CM3/port.o
                0x0800c2ac                vPortSetupTimerInterrupt
 .text.pvPortMalloc
                0x0800c2f0      0x190 ./Middlewares/Third_Party/FreeRTOS/Source/portable/MemMang/heap_4.o
                0x0800c2f0                pvPortMalloc
 .text.vPortFree
                0x0800c480       0xb8 ./Middlewares/Third_Party/FreeRTOS/Source/portable/MemMang/heap_4.o
                0x0800c480                vPortFree
 .text.prvHeapInit
                0x0800c538       0xc4 ./Middlewares/Third_Party/FreeRTOS/Source/portable/MemMang/heap_4.o
 .text.prvInsertBlockIntoFreeList
                0x0800c5fc       0xb0 ./Middlewares/Third_Party/FreeRTOS/Source/portable/MemMang/heap_4.o
 .text.MX_USB_DEVICE_Init
                0x0800c6ac       0x60 ./USB_DEVICE/App/usb_device.o
                0x0800c6ac                MX_USB_DEVICE_Init
 .text.USBD_FS_DeviceDescriptor
                0x0800c70c       0x24 ./USB_DEVICE/App/usbd_desc.o
                0x0800c70c                USBD_FS_DeviceDescriptor
 .text.USBD_FS_LangIDStrDescriptor
                0x0800c730       0x24 ./USB_DEVICE/App/usbd_desc.o
                0x0800c730                USBD_FS_LangIDStrDescriptor
 .text.USBD_FS_ProductStrDescriptor
                0x0800c754       0x3c ./USB_DEVICE/App/usbd_desc.o
                0x0800c754                USBD_FS_ProductStrDescriptor
 .text.USBD_FS_ManufacturerStrDescriptor
                0x0800c790       0x28 ./USB_DEVICE/App/usbd_desc.o
                0x0800c790                USBD_FS_ManufacturerStrDescriptor
 .text.USBD_FS_SerialStrDescriptor
                0x0800c7b8       0x24 ./USB_DEVICE/App/usbd_desc.o
                0x0800c7b8                USBD_FS_SerialStrDescriptor
 .text.USBD_FS_ConfigStrDescriptor
                0x0800c7dc       0x3c ./USB_DEVICE/App/usbd_desc.o
                0x0800c7dc                USBD_FS_ConfigStrDescriptor
 .text.USBD_FS_InterfaceStrDescriptor
                0x0800c818       0x3c ./USB_DEVICE/App/usbd_desc.o
                0x0800c818                USBD_FS_InterfaceStrDescriptor
 .text.Get_SerialNum
                0x0800c854       0x58 ./USB_DEVICE/App/usbd_desc.o
 .text.IntToUnicode
                0x0800c8ac       0x7c ./USB_DEVICE/App/usbd_desc.o
 .text.STORAGE_Init_FS
                0x0800c928       0x16 ./USB_DEVICE/App/usbd_storage_if.o
 .text.STORAGE_GetCapacity_FS
                0x0800c93e       0x2a ./USB_DEVICE/App/usbd_storage_if.o
 .text.STORAGE_IsReady_FS
                0x0800c968       0x16 ./USB_DEVICE/App/usbd_storage_if.o
 .text.STORAGE_IsWriteProtected_FS
                0x0800c97e       0x16 ./USB_DEVICE/App/usbd_storage_if.o
 .text.STORAGE_Read_FS
                0x0800c994       0x20 ./USB_DEVICE/App/usbd_storage_if.o
 .text.STORAGE_Write_FS
                0x0800c9b4       0x20 ./USB_DEVICE/App/usbd_storage_if.o
 .text.STORAGE_GetMaxLun_FS
                0x0800c9d4        0xe ./USB_DEVICE/App/usbd_storage_if.o
 *fill*         0x0800c9e2        0x2 
 .text.HAL_PCD_MspInit
                0x0800c9e4       0x4c ./USB_DEVICE/Target/usbd_conf.o
                0x0800c9e4                HAL_PCD_MspInit
 .text.HAL_PCD_SetupStageCallback
                0x0800ca30       0x24 ./USB_DEVICE/Target/usbd_conf.o
                0x0800ca30                HAL_PCD_SetupStageCallback
 .text.HAL_PCD_DataOutStageCallback
                0x0800ca54       0x36 ./USB_DEVICE/Target/usbd_conf.o
                0x0800ca54                HAL_PCD_DataOutStageCallback
 .text.HAL_PCD_DataInStageCallback
                0x0800ca8a       0x34 ./USB_DEVICE/Target/usbd_conf.o
                0x0800ca8a                HAL_PCD_DataInStageCallback
 .text.HAL_PCD_SOFCallback
                0x0800cabe       0x1c ./USB_DEVICE/Target/usbd_conf.o
                0x0800cabe                HAL_PCD_SOFCallback
 .text.HAL_PCD_ResetCallback
                0x0800cada       0x3c ./USB_DEVICE/Target/usbd_conf.o
                0x0800cada                HAL_PCD_ResetCallback
 *fill*         0x0800cb16        0x2 
 .text.HAL_PCD_SuspendCallback
                0x0800cb18       0x34 ./USB_DEVICE/Target/usbd_conf.o
                0x0800cb18                HAL_PCD_SuspendCallback
 .text.HAL_PCD_ResumeCallback
                0x0800cb4c       0x1c ./USB_DEVICE/Target/usbd_conf.o
                0x0800cb4c                HAL_PCD_ResumeCallback
 .text.USBD_LL_Init
                0x0800cb68       0xa0 ./USB_DEVICE/Target/usbd_conf.o
                0x0800cb68                USBD_LL_Init
 .text.USBD_LL_Start
                0x0800cc08       0x36 ./USB_DEVICE/Target/usbd_conf.o
                0x0800cc08                USBD_LL_Start
 .text.USBD_LL_OpenEP
                0x0800cc3e       0x4c ./USB_DEVICE/Target/usbd_conf.o
                0x0800cc3e                USBD_LL_OpenEP
 .text.USBD_LL_CloseEP
                0x0800cc8a       0x3e ./USB_DEVICE/Target/usbd_conf.o
                0x0800cc8a                USBD_LL_CloseEP
 .text.USBD_LL_FlushEP
                0x0800ccc8       0x3e ./USB_DEVICE/Target/usbd_conf.o
                0x0800ccc8                USBD_LL_FlushEP
 .text.USBD_LL_StallEP
                0x0800cd06       0x3e ./USB_DEVICE/Target/usbd_conf.o
                0x0800cd06                USBD_LL_StallEP
 .text.USBD_LL_ClearStallEP
                0x0800cd44       0x3e ./USB_DEVICE/Target/usbd_conf.o
                0x0800cd44                USBD_LL_ClearStallEP
 .text.USBD_LL_IsStallEP
                0x0800cd82       0x58 ./USB_DEVICE/Target/usbd_conf.o
                0x0800cd82                USBD_LL_IsStallEP
 .text.USBD_LL_SetUSBAddress
                0x0800cdda       0x3e ./USB_DEVICE/Target/usbd_conf.o
                0x0800cdda                USBD_LL_SetUSBAddress
 .text.USBD_LL_Transmit
                0x0800ce18       0x46 ./USB_DEVICE/Target/usbd_conf.o
                0x0800ce18                USBD_LL_Transmit
 .text.USBD_LL_PrepareReceive
                0x0800ce5e       0x46 ./USB_DEVICE/Target/usbd_conf.o
                0x0800ce5e                USBD_LL_PrepareReceive
 .text.USBD_LL_GetRxDataSize
                0x0800cea4       0x26 ./USB_DEVICE/Target/usbd_conf.o
                0x0800cea4                USBD_LL_GetRxDataSize
 *fill*         0x0800ceca        0x2 
 .text.USBD_static_malloc
                0x0800cecc       0x18 ./USB_DEVICE/Target/usbd_conf.o
                0x0800cecc                USBD_static_malloc
 .text.USBD_static_free
                0x0800cee4       0x12 ./USB_DEVICE/Target/usbd_conf.o
                0x0800cee4                USBD_static_free
 .text.HAL_PCDEx_SetConnectionState
                0x0800cef6       0x16 ./USB_DEVICE/Target/usbd_conf.o
                0x0800cef6                HAL_PCDEx_SetConnectionState
 .text.USBD_Get_USB_Status
                0x0800cf0c       0x58 ./USB_DEVICE/Target/usbd_conf.o
 .text.sprintf  0x0800cf64       0x40 /opt/st/stm32cubeide_1.16.0/plugins/com.st.stm32cube.ide.mcu.externaltools.gnu-tools-for-stm32.12.3.rel1.linux64_1.0.200.202406132123/tools/bin/../lib/gcc/arm-none-eabi/12.3.1/../../../../arm-none-eabi/lib/thumb/v7-m/nofp/libc_nano.a(libc_a-sprintf.o)
                0x0800cf64                sprintf
                0x0800cf64                siprintf
 .text.memmove  0x0800cfa4       0x34 /opt/st/stm32cubeide_1.16.0/plugins/com.st.stm32cube.ide.mcu.externaltools.gnu-tools-for-stm32.12.3.rel1.linux64_1.0.200.202406132123/tools/bin/../lib/gcc/arm-none-eabi/12.3.1/../../../../arm-none-eabi/lib/thumb/v7-m/nofp/libc_nano.a(libc_a-memmove.o)
                0x0800cfa4                memmove
 .text.memset   0x0800cfd8       0x10 /opt/st/stm32cubeide_1.16.0/plugins/com.st.stm32cube.ide.mcu.externaltools.gnu-tools-for-stm32.12.3.rel1.linux64_1.0.200.202406132123/tools/bin/../lib/gcc/arm-none-eabi/12.3.1/../../../../arm-none-eabi/lib/thumb/v7-m/nofp/libc_nano.a(libc_a-memset.o)
                0x0800cfd8                memset
 .text._reclaim_reent
                0x0800cfe8       0xac /opt/st/stm32cubeide_1.16.0/plugins/com.st.stm32cube.ide.mcu.externaltools.gnu-tools-for-stm32.12.3.rel1.linux64_1.0.200.202406132123/tools/bin/../lib/gcc/arm-none-eabi/12.3.1/../../../../arm-none-eabi/lib/thumb/v7-m/nofp/libc_nano.a(libc_a-reent.o)
                0x0800cfe8                _reclaim_reent
 .text.__errno  0x0800d094        0xc /opt/st/stm32cubeide_1.16.0/plugins/com.st.stm32cube.ide.mcu.externaltools.gnu-tools-for-stm32.12.3.rel1.linux64_1.0.200.202406132123/tools/bin/../lib/gcc/arm-none-eabi/12.3.1/../../../../arm-none-eabi/lib/thumb/v7-m/nofp/libc_nano.a(libc_a-errno.o)
                0x0800d094                __errno
 .text.__libc_init_array
                0x0800d0a0       0x48 /opt/st/stm32cubeide_1.16.0/plugins/com.st.stm32cube.ide.mcu.externaltools.gnu-tools-for-stm32.12.3.rel1.linux64_1.0.200.202406132123/tools/bin/../lib/gcc/arm-none-eabi/12.3.1/../../../../arm-none-eabi/lib/thumb/v7-m/nofp/libc_nano.a(libc_a-init.o)
                0x0800d0a0                __libc_init_array
 .text.__retarget_lock_acquire_recursive
                0x0800d0e8        0x2 /opt/st/stm32cubeide_1.16.0/plugins/com.st.stm32cube.ide.mcu.externaltools.gnu-tools-for-stm32.12.3.rel1.linux64_1.0.200.202406132123/tools/bin/../lib/gcc/arm-none-eabi/12.3.1/../../../../arm-none-eabi/lib/thumb/v7-m/nofp/libc_nano.a(libc_a-lock.o)
                0x0800d0e8                __retarget_lock_acquire_recursive
 .text.__retarget_lock_release_recursive
                0x0800d0ea        0x2 /opt/st/stm32cubeide_1.16.0/plugins/com.st.stm32cube.ide.mcu.externaltools.gnu-tools-for-stm32.12.3.rel1.linux64_1.0.200.202406132123/tools/bin/../lib/gcc/arm-none-eabi/12.3.1/../../../../arm-none-eabi/lib/thumb/v7-m/nofp/libc_nano.a(libc_a-lock.o)
                0x0800d0ea                __retarget_lock_release_recursive
 .text.memcpy   0x0800d0ec       0x1c /opt/st/stm32cubeide_1.16.0/plugins/com.st.stm32cube.ide.mcu.externaltools.gnu-tools-for-stm32.12.3.rel1.linux64_1.0.200.202406132123/tools/bin/../lib/gcc/arm-none-eabi/12.3.1/../../../../arm-none-eabi/lib/thumb/v7-m/nofp/libc_nano.a(libc_a-memcpy-stub.o)
                0x0800d0ec                memcpy
 .text._free_r  0x0800d108       0x90 /opt/st/stm32cubeide_1.16.0/plugins/com.st.stm32cube.ide.mcu.externaltools.gnu-tools-for-stm32.12.3.rel1.linux64_1.0.200.202406132123/tools/bin/../lib/gcc/arm-none-eabi/12.3.1/../../../../arm-none-eabi/lib/thumb/v7-m/nofp/libc_nano.a(libc_a-freer.o)
                0x0800d108                _free_r
 .text.sbrk_aligned
                0x0800d198       0x44 /opt/st/stm32cubeide_1.16.0/plugins/com.st.stm32cube.ide.mcu.externaltools.gnu-tools-for-stm32.12.3.rel1.linux64_1.0.200.202406132123/tools/bin/../lib/gcc/arm-none-eabi/12.3.1/../../../../arm-none-eabi/lib/thumb/v7-m/nofp/libc_nano.a(libc_a-mallocr.o)
 .text._malloc_r
                0x0800d1dc      0x100 /opt/st/stm32cubeide_1.16.0/plugins/com.st.stm32cube.ide.mcu.externaltools.gnu-tools-for-stm32.12.3.rel1.linux64_1.0.200.202406132123/tools/bin/../lib/gcc/arm-none-eabi/12.3.1/../../../../arm-none-eabi/lib/thumb/v7-m/nofp/libc_nano.a(libc_a-mallocr.o)
                0x0800d1dc                _malloc_r
 .text.__malloc_lock
                0x0800d2dc        0xc /opt/st/stm32cubeide_1.16.0/plugins/com.st.stm32cube.ide.mcu.externaltools.gnu-tools-for-stm32.12.3.rel1.linux64_1.0.200.202406132123/tools/bin/../lib/gcc/arm-none-eabi/12.3.1/../../../../arm-none-eabi/lib/thumb/v7-m/nofp/libc_nano.a(libc_a-mlock.o)
                0x0800d2dc                __malloc_lock
 .text.__malloc_unlock
                0x0800d2e8        0xc /opt/st/stm32cubeide_1.16.0/plugins/com.st.stm32cube.ide.mcu.externaltools.gnu-tools-for-stm32.12.3.rel1.linux64_1.0.200.202406132123/tools/bin/../lib/gcc/arm-none-eabi/12.3.1/../../../../arm-none-eabi/lib/thumb/v7-m/nofp/libc_nano.a(libc_a-mlock.o)
                0x0800d2e8                __malloc_unlock
 .text.__ssputs_r
                0x0800d2f4       0xb6 /opt/st/stm32cubeide_1.16.0/plugins/com.st.stm32cube.ide.mcu.externaltools.gnu-tools-for-stm32.12.3.rel1.linux64_1.0.200.202406132123/tools/bin/../lib/gcc/arm-none-eabi/12.3.1/../../../../arm-none-eabi/lib/thumb/v7-m/nofp/libc_nano.a(libc_a-nano-svfprintf.o)
                0x0800d2f4                __ssputs_r
 *fill*         0x0800d3aa        0x2 
 .text._svfprintf_r
                0x0800d3ac      0x1f8 /opt/st/stm32cubeide_1.16.0/plugins/com.st.stm32cube.ide.mcu.externaltools.gnu-tools-for-stm32.12.3.rel1.linux64_1.0.200.202406132123/tools/bin/../lib/gcc/arm-none-eabi/12.3.1/../../../../arm-none-eabi/lib/thumb/v7-m/nofp/libc_nano.a(libc_a-nano-svfprintf.o)
                0x0800d3ac                _svfprintf_r
                0x0800d3ac                _svfiprintf_r
 .text._printf_common
                0x0800d5a4       0xe4 /opt/st/stm32cubeide_1.16.0/plugins/com.st.stm32cube.ide.mcu.externaltools.gnu-tools-for-stm32.12.3.rel1.linux64_1.0.200.202406132123/tools/bin/../lib/gcc/arm-none-eabi/12.3.1/../../../../arm-none-eabi/lib/thumb/v7-m/nofp/libc_nano.a(libc_a-nano-vfprintf_i.o)
                0x0800d5a4                _printf_common
 .text._printf_i
                0x0800d688      0x240 /opt/st/stm32cubeide_1.16.0/plugins/com.st.stm32cube.ide.mcu.externaltools.gnu-tools-for-stm32.12.3.rel1.linux64_1.0.200.202406132123/tools/bin/../lib/gcc/arm-none-eabi/12.3.1/../../../../arm-none-eabi/lib/thumb/v7-m/nofp/libc_nano.a(libc_a-nano-vfprintf_i.o)
                0x0800d688                _printf_i
 .text._sbrk_r  0x0800d8c8       0x20 /opt/st/stm32cubeide_1.16.0/plugins/com.st.stm32cube.ide.mcu.externaltools.gnu-tools-for-stm32.12.3.rel1.linux64_1.0.200.202406132123/tools/bin/../lib/gcc/arm-none-eabi/12.3.1/../../../../arm-none-eabi/lib/thumb/v7-m/nofp/libc_nano.a(libc_a-sbrkr.o)
                0x0800d8c8                _sbrk_r
 .text.memchr   0x0800d8e8       0x1c /opt/st/stm32cubeide_1.16.0/plugins/com.st.stm32cube.ide.mcu.externaltools.gnu-tools-for-stm32.12.3.rel1.linux64_1.0.200.202406132123/tools/bin/../lib/gcc/arm-none-eabi/12.3.1/../../../../arm-none-eabi/lib/thumb/v7-m/nofp/libc_nano.a(libc_a-memchr-stub.o)
                0x0800d8e8                memchr
 .text._realloc_r
                0x0800d904       0x5c /opt/st/stm32cubeide_1.16.0/plugins/com.st.stm32cube.ide.mcu.externaltools.gnu-tools-for-stm32.12.3.rel1.linux64_1.0.200.202406132123/tools/bin/../lib/gcc/arm-none-eabi/12.3.1/../../../../arm-none-eabi/lib/thumb/v7-m/nofp/libc_nano.a(libc_a-reallocr.o)
                0x0800d904                _realloc_r
 .text._malloc_usable_size_r
                0x0800d960       0x10 /opt/st/stm32cubeide_1.16.0/plugins/com.st.stm32cube.ide.mcu.externaltools.gnu-tools-for-stm32.12.3.rel1.linux64_1.0.200.202406132123/tools/bin/../lib/gcc/arm-none-eabi/12.3.1/../../../../arm-none-eabi/lib/thumb/v7-m/nofp/libc_nano.a(libc_a-msizer.o)
                0x0800d960                _malloc_usable_size_r
 *(.glue_7)
 .glue_7        0x0800d970        0x0 linker stubs
 *(.glue_7t)
 .glue_7t       0x0800d970        0x0 linker stubs
 *(.eh_frame)
 .eh_frame      0x0800d970        0x0 /opt/st/stm32cubeide_1.16.0/plugins/com.st.stm32cube.ide.mcu.externaltools.gnu-tools-for-stm32.12.3.rel1.linux64_1.0.200.202406132123/tools/bin/../lib/gcc/arm-none-eabi/12.3.1/thumb/v7-m/nofp/crtbegin.o
 *(.init)
 .init          0x0800d970        0x4 /opt/st/stm32cubeide_1.16.0/plugins/com.st.stm32cube.ide.mcu.externaltools.gnu-tools-for-stm32.12.3.rel1.linux64_1.0.200.202406132123/tools/bin/../lib/gcc/arm-none-eabi/12.3.1/thumb/v7-m/nofp/crti.o
                0x0800d970                _init
 .init          0x0800d974        0x8 /opt/st/stm32cubeide_1.16.0/plugins/com.st.stm32cube.ide.mcu.externaltools.gnu-tools-for-stm32.12.3.rel1.linux64_1.0.200.202406132123/tools/bin/../lib/gcc/arm-none-eabi/12.3.1/thumb/v7-m/nofp/crtn.o
 *(.fini)
 .fini          0x0800d97c        0x4 /opt/st/stm32cubeide_1.16.0/plugins/com.st.stm32cube.ide.mcu.externaltools.gnu-tools-for-stm32.12.3.rel1.linux64_1.0.200.202406132123/tools/bin/../lib/gcc/arm-none-eabi/12.3.1/thumb/v7-m/nofp/crti.o
                0x0800d97c                _fini
 .fini          0x0800d980        0x8 /opt/st/stm32cubeide_1.16.0/plugins/com.st.stm32cube.ide.mcu.externaltools.gnu-tools-for-stm32.12.3.rel1.linux64_1.0.200.202406132123/tools/bin/../lib/gcc/arm-none-eabi/12.3.1/thumb/v7-m/nofp/crtn.o
                0x0800d988                        . = ALIGN (0x4)
                0x0800d988                        _etext = .

.vfp11_veneer   0x0800d988        0x0
 .vfp11_veneer  0x0800d988        0x0 linker stubs

.v4_bx          0x0800d988        0x0
 .v4_bx         0x0800d988        0x0 linker stubs

.iplt           0x0800d988        0x0
 .iplt          0x0800d988        0x0 /opt/st/stm32cubeide_1.16.0/plugins/com.st.stm32cube.ide.mcu.externaltools.gnu-tools-for-stm32.12.3.rel1.linux64_1.0.200.202406132123/tools/bin/../lib/gcc/arm-none-eabi/12.3.1/thumb/v7-m/nofp/crtbegin.o

.rodata         0x0800d988     0x179c
                0x0800d988                        . = ALIGN (0x4)
 *(.rodata)
 .rodata        0x0800d988      0x113 ./Core/Src/main.o
 *fill*         0x0800da9b        0x1 
 .rodata        0x0800da9c       0x27 ./Core/Src/self_test/self_test_i2c.o
 *fill*         0x0800dac3        0x1 
 .rodata        0x0800dac4       0x96 ./Core/Src/ui/ui.o
 *fill*         0x0800db5a        0x2 
 .rodata        0x0800db5c        0x5 ./Middlewares/Third_Party/FreeRTOS/Source/tasks.o
 *fill*         0x0800db61        0x3 
 .rodata        0x0800db64       0x42 ./USB_DEVICE/App/usbd_desc.o
 *(.rodata*)
 *fill*         0x0800dba6        0x2 
 .rodata.AHBPrescTable
                0x0800dba8       0x10 ./Core/Src/system_stm32f1xx.o
                0x0800dba8                AHBPrescTable
 .rodata.APBPrescTable
                0x0800dbb8        0x8 ./Core/Src/system_stm32f1xx.o
                0x0800dbb8                APBPrescTable
 .rodata.Font7x10
                0x0800dbc0      0x76c ./Core/Src/ssd1306/ssd1306_fonts.o
 .rodata.Font11x18
                0x0800e32c      0xd5c ./Core/Src/ssd1306/ssd1306_fonts.o
 .rodata.Font_7x10
                0x0800f088        0xc ./Core/Src/ssd1306/ssd1306_fonts.o
                0x0800f088                Font_7x10
 .rodata.Font_11x18
                0x0800f094        0xc ./Core/Src/ssd1306/ssd1306_fonts.o
                0x0800f094                Font_11x18
 .rodata.aPLLMULFactorTable.1
                0x0800f0a0       0x10 ./Drivers/STM32F1xx_HAL_Driver/Src/stm32f1xx_hal_rcc.o
 .rodata.aPredivFactorTable.0
                0x0800f0b0        0x2 ./Drivers/STM32F1xx_HAL_Driver/Src/stm32f1xx_hal_rcc.o
 *fill*         0x0800f0b2        0x2 
 .rodata.MSC_Page00_Inquiry_Data
                0x0800f0b4        0x7 ./Middlewares/ST/STM32_USB_Device_Library/Class/MSC/Src/usbd_msc_data.o
                0x0800f0b4                MSC_Page00_Inquiry_Data
 *fill*         0x0800f0bb        0x1 
 .rodata.MSC_Mode_Sense6_data
                0x0800f0bc        0x8 ./Middlewares/ST/STM32_USB_Device_Library/Class/MSC/Src/usbd_msc_data.o
                0x0800f0bc                MSC_Mode_Sense6_data
 .rodata.MSC_Mode_Sense10_data
                0x0800f0c4        0x8 ./Middlewares/ST/STM32_USB_Device_Library/Class/MSC/Src/usbd_msc_data.o
                0x0800f0c4                MSC_Mode_Sense10_data
 .rodata.STORAGE_Inquirydata_FS
                0x0800f0cc       0x24 ./USB_DEVICE/App/usbd_storage_if.o
                0x0800f0cc                STORAGE_Inquirydata_FS
 .rodata._svfprintf_r.str1.1
                0x0800f0f0       0x11 /opt/st/stm32cubeide_1.16.0/plugins/com.st.stm32cube.ide.mcu.externaltools.gnu-tools-for-stm32.12.3.rel1.linux64_1.0.200.202406132123/tools/bin/../lib/gcc/arm-none-eabi/12.3.1/../../../../arm-none-eabi/lib/thumb/v7-m/nofp/libc_nano.a(libc_a-nano-svfprintf.o)
 .rodata._printf_i.str1.1
                0x0800f101       0x22 /opt/st/stm32cubeide_1.16.0/plugins/com.st.stm32cube.ide.mcu.externaltools.gnu-tools-for-stm32.12.3.rel1.linux64_1.0.200.202406132123/tools/bin/../lib/gcc/arm-none-eabi/12.3.1/../../../../arm-none-eabi/lib/thumb/v7-m/nofp/libc_nano.a(libc_a-nano-vfprintf_i.o)
                0x0800f124                        . = ALIGN (0x4)
 *fill*         0x0800f123        0x1 

.ARM.extab      0x0800f124        0x0
                0x0800f124                        . = ALIGN (0x4)
 *(.ARM.extab* .gnu.linkonce.armextab.*)
                0x0800f124                        . = ALIGN (0x4)

.ARM            0x0800f124        0x8
                0x0800f124                        . = ALIGN (0x4)
                0x0800f124                        __exidx_start = .
 *(.ARM.exidx*)
 .ARM.exidx     0x0800f124        0x8 /opt/st/stm32cubeide_1.16.0/plugins/com.st.stm32cube.ide.mcu.externaltools.gnu-tools-for-stm32.12.3.rel1.linux64_1.0.200.202406132123/tools/bin/../lib/gcc/arm-none-eabi/12.3.1/../../../../arm-none-eabi/lib/thumb/v7-m/nofp/libc_nano.a(libc_a-strlen.o)
                0x0800f12c                        __exidx_end = .
                0x0800f12c                        . = ALIGN (0x4)

.preinit_array  0x0800f12c        0x0
                0x0800f12c                        . = ALIGN (0x4)
                0x0800f12c                        PROVIDE (__preinit_array_start = .)
 *(.preinit_array*)
                0x0800f12c                        PROVIDE (__preinit_array_end = .)
                0x0800f12c                        . = ALIGN (0x4)

.init_array     0x0800f12c        0x4
                0x0800f12c                        . = ALIGN (0x4)
                0x0800f12c                        PROVIDE (__init_array_start = .)
 *(SORT_BY_NAME(.init_array.*))
 *(.init_array*)
 .init_array    0x0800f12c        0x4 /opt/st/stm32cubeide_1.16.0/plugins/com.st.stm32cube.ide.mcu.externaltools.gnu-tools-for-stm32.12.3.rel1.linux64_1.0.200.202406132123/tools/bin/../lib/gcc/arm-none-eabi/12.3.1/thumb/v7-m/nofp/crtbegin.o
                0x0800f130                        PROVIDE (__init_array_end = .)
                0x0800f130                        . = ALIGN (0x4)

.fini_array     0x0800f130        0x4
                0x0800f130                        . = ALIGN (0x4)
                [!provide]                        PROVIDE (__fini_array_start = .)
 *(SORT_BY_NAME(.fini_array.*))
 *(.fini_array*)
 .fini_array    0x0800f130        0x4 /opt/st/stm32cubeide_1.16.0/plugins/com.st.stm32cube.ide.mcu.externaltools.gnu-tools-for-stm32.12.3.rel1.linux64_1.0.200.202406132123/tools/bin/../lib/gcc/arm-none-eabi/12.3.1/thumb/v7-m/nofp/crtbegin.o
                [!provide]                        PROVIDE (__fini_array_end = .)
                0x0800f134                        . = ALIGN (0x4)
                0x0800f134                        _sidata = LOADADDR (.data)

.rel.dyn        0x0800f134        0x0
 .rel.iplt      0x0800f134        0x0 /opt/st/stm32cubeide_1.16.0/plugins/com.st.stm32cube.ide.mcu.externaltools.gnu-tools-for-stm32.12.3.rel1.linux64_1.0.200.202406132123/tools/bin/../lib/gcc/arm-none-eabi/12.3.1/thumb/v7-m/nofp/crtbegin.o

.data           0x20000000      0x18c load address 0x0800f134
                0x20000000                        . = ALIGN (0x4)
                0x20000000                        _sdata = .
 *(.data)
 *(.data*)
 .data.SystemCoreClock
                0x20000000        0x4 ./Core/Src/system_stm32f1xx.o
                0x20000000                SystemCoreClock
 .data.WrBuffer
                0x20000004        0x3 ./Core/Src/m24m02_eeprom/m24m02_eeprom.o
                0x20000004                WrBuffer
 *fill*         0x20000007        0x1 
 .data.uwTickPrio
                0x20000008        0x4 ./Drivers/STM32F1xx_HAL_Driver/Src/stm32f1xx_hal.o
                0x20000008                uwTickPrio
 .data.uwTickFreq
                0x2000000c        0x1 ./Drivers/STM32F1xx_HAL_Driver/Src/stm32f1xx_hal.o
                0x2000000c                uwTickFreq
 .data.Stat     0x2000000d        0x1 ./FATFS/Target/user_diskio.o
 *fill*         0x2000000e        0x2 
 .data.USER_Driver
                0x20000010       0x14 ./FATFS/Target/user_diskio.o
                0x20000010                USER_Driver
 .data.USBD_MSC
                0x20000024       0x38 ./Middlewares/ST/STM32_USB_Device_Library/Class/MSC/Src/usbd_msc.o
                0x20000024                USBD_MSC
 .data.USBD_MSC_CfgHSDesc
                0x2000005c       0x20 ./Middlewares/ST/STM32_USB_Device_Library/Class/MSC/Src/usbd_msc.o
                0x2000005c                USBD_MSC_CfgHSDesc
 .data.USBD_MSC_CfgFSDesc
                0x2000007c       0x20 ./Middlewares/ST/STM32_USB_Device_Library/Class/MSC/Src/usbd_msc.o
                0x2000007c                USBD_MSC_CfgFSDesc
 .data.USBD_MSC_OtherSpeedCfgDesc
                0x2000009c       0x20 ./Middlewares/ST/STM32_USB_Device_Library/Class/MSC/Src/usbd_msc.o
                0x2000009c                USBD_MSC_OtherSpeedCfgDesc
 .data.USBD_MSC_DeviceQualifierDesc
                0x200000bc        0xa ./Middlewares/ST/STM32_USB_Device_Library/Class/MSC/Src/usbd_msc.o
                0x200000bc                USBD_MSC_DeviceQualifierDesc
 *fill*         0x200000c6        0x2 
 .data.uxCriticalNesting
                0x200000c8        0x4 ./Middlewares/Third_Party/FreeRTOS/Source/portable/GCC/ARM_CM3/port.o
 .data.FS_Desc  0x200000cc       0x1c ./USB_DEVICE/App/usbd_desc.o
                0x200000cc                FS_Desc
 .data.USBD_FS_DeviceDesc
                0x200000e8       0x12 ./USB_DEVICE/App/usbd_desc.o
                0x200000e8                USBD_FS_DeviceDesc
 *fill*         0x200000fa        0x2 
 .data.USBD_LangIDDesc
                0x200000fc        0x4 ./USB_DEVICE/App/usbd_desc.o
                0x200000fc                USBD_LangIDDesc
 .data.USBD_StringSerial
                0x20000100       0x1a ./USB_DEVICE/App/usbd_desc.o
                0x20000100                USBD_StringSerial
 *fill*         0x2000011a        0x2 
 .data.USBD_Storage_Interface_fops_FS
                0x2000011c       0x20 ./USB_DEVICE/App/usbd_storage_if.o
                0x2000011c                USBD_Storage_Interface_fops_FS
 .data._impure_ptr
                0x2000013c        0x4 /opt/st/stm32cubeide_1.16.0/plugins/com.st.stm32cube.ide.mcu.externaltools.gnu-tools-for-stm32.12.3.rel1.linux64_1.0.200.202406132123/tools/bin/../lib/gcc/arm-none-eabi/12.3.1/../../../../arm-none-eabi/lib/thumb/v7-m/nofp/libc_nano.a(libc_a-impure.o)
                0x2000013c                _impure_ptr
 .data._impure_data
                0x20000140       0x4c /opt/st/stm32cubeide_1.16.0/plugins/com.st.stm32cube.ide.mcu.externaltools.gnu-tools-for-stm32.12.3.rel1.linux64_1.0.200.202406132123/tools/bin/../lib/gcc/arm-none-eabi/12.3.1/../../../../arm-none-eabi/lib/thumb/v7-m/nofp/libc_nano.a(libc_a-impure.o)
                0x20000140                _impure_data
 *(.RamFunc)
 *(.RamFunc*)
                0x2000018c                        . = ALIGN (0x4)
                0x2000018c                        _edata = .

.igot.plt       0x2000018c        0x0 load address 0x0800f2c0
 .igot.plt      0x2000018c        0x0 /opt/st/stm32cubeide_1.16.0/plugins/com.st.stm32cube.ide.mcu.externaltools.gnu-tools-for-stm32.12.3.rel1.linux64_1.0.200.202406132123/tools/bin/../lib/gcc/arm-none-eabi/12.3.1/thumb/v7-m/nofp/crtbegin.o
                0x2000018c                        . = ALIGN (0x4)

.bss            0x2000018c     0x2118 load address 0x0800f2c0
                0x2000018c                        _sbss = .
                0x2000018c                        __bss_start__ = _sbss
 *(.bss)
 .bss           0x2000018c       0x1c /opt/st/stm32cubeide_1.16.0/plugins/com.st.stm32cube.ide.mcu.externaltools.gnu-tools-for-stm32.12.3.rel1.linux64_1.0.200.202406132123/tools/bin/../lib/gcc/arm-none-eabi/12.3.1/thumb/v7-m/nofp/crtbegin.o
 *(.bss*)
 .bss.last_debounce_ts.5
                0x200001a8        0x4 ./Core/Src/button_api/button_api.o
 .bss.button_down.4
                0x200001ac        0x1 ./Core/Src/button_api/button_api.o
 *fill*         0x200001ad        0x3 
 .bss.button_down_ts.3
                0x200001b0        0x4 ./Core/Src/button_api/button_api.o
 .bss.button_up_ts.2
                0x200001b4        0x4 ./Core/Src/button_api/button_api.o
 .bss.double_pending.1
                0x200001b8        0x1 ./Core/Src/button_api/button_api.o
 .bss.long_press_pending.0
                0x200001b9        0x1 ./Core/Src/button_api/button_api.o
 *fill*         0x200001ba        0x2 
 .bss.xIdleTaskTCBBuffer
                0x200001bc       0xa0 ./Core/Src/freertos.o
 .bss.xIdleStack
                0x2000025c      0x200 ./Core/Src/freertos.o
 .bss.hi2c1     0x2000045c       0x54 ./Core/Src/main.o
                0x2000045c                hi2c1
 .bss.hi2c2     0x200004b0       0x54 ./Core/Src/main.o
                0x200004b0                hi2c2
 .bss.ina219    0x20000504        0x8 ./Core/Src/main.o
                0x20000504                ina219
 .bss.vbus      0x2000050c        0x2 ./Core/Src/main.o
                0x2000050c                vbus
 .bss.vshunt    0x2000050e        0x2 ./Core/Src/main.o
                0x2000050e                vshunt
 .bss.current   0x20000510        0x2 ./Core/Src/main.o
                0x20000510                current
 .bss.is_menu_is_activated
                0x20000512        0x1 ./Core/Src/main.o
                0x20000512                is_menu_is_activated
 .bss.allowed_record_to_memory
                0x20000513        0x1 ./Core/Src/main.o
                0x20000513                allowed_record_to_memory
 .bss.huart1    0x20000514       0x48 ./Core/Src/main.o
                0x20000514                huart1
 .bss.defaultTaskHandle
                0x2000055c        0x4 ./Core/Src/main.o
                0x2000055c                defaultTaskHandle
 .bss.ui_buttonHandle
                0x20000560        0x4 ./Core/Src/main.o
                0x20000560                ui_buttonHandle
 .bss.ui_screen_handlHandle
                0x20000564        0x4 ./Core/Src/main.o
                0x20000564                ui_screen_handlHandle
 .bss.eeprom_taskHandle
                0x20000568        0x4 ./Core/Src/main.o
                0x20000568                eeprom_taskHandle
 .bss.htim1     0x2000056c       0x48 ./Core/Src/stm32f1xx_hal_timebase_tim.o
                0x2000056c                htim1
 .bss.__sbrk_heap_end
                0x200005b4        0x4 ./Core/Src/sysmem.o
 .bss.ina219_calibrationValue
                0x200005b8        0x2 ./Core/Src/ina219/ina219.o
                0x200005b8                ina219_calibrationValue
 .bss.ina219_currentDivider_mA
                0x200005ba        0x2 ./Core/Src/ina219/ina219.o
                0x200005ba                ina219_currentDivider_mA
 .bss.ina219_powerMultiplier_mW
                0x200005bc        0x2 ./Core/Src/ina219/ina219.o
                0x200005bc                ina219_powerMultiplier_mW
 *fill*         0x200005be        0x2 
 .bss.RdBuffer  0x200005c0        0x3 ./Core/Src/m24m02_eeprom/m24m02_eeprom.o
                0x200005c0                RdBuffer
 *fill*         0x200005c3        0x1 
 .bss.I2CMemAddress
                0x200005c4        0x2 ./Core/Src/m24m02_eeprom/m24m02_eeprom.o
                0x200005c4                I2CMemAddress
 *fill*         0x200005c6        0x2 
 .bss.SSD1306_Buffer
                0x200005c8      0x400 ./Core/Src/ssd1306/ssd1306.o
 .bss.SSD1306   0x200009c8        0x6 ./Core/Src/ssd1306/ssd1306.o
 *fill*         0x200009ce        0x2 
 .bss.uwTick    0x200009d0        0x4 ./Drivers/STM32F1xx_HAL_Driver/Src/stm32f1xx_hal.o
                0x200009d0                uwTick
 .bss.retUSER   0x200009d4        0x1 ./FATFS/App/fatfs.o
                0x200009d4                retUSER
 *fill*         0x200009d5        0x3 
 .bss.USERPath  0x200009d8        0x4 ./FATFS/App/fatfs.o
                0x200009d8                USERPath
 .bss.cfgidx.0  0x200009dc        0x1 ./Middlewares/ST/STM32_USB_Device_Library/Core/Src/usbd_ctlreq.o
 *fill*         0x200009dd        0x3 
 .bss.disk      0x200009e0        0xc ./Middlewares/Third_Party/FatFs/src/ff_gen_drv.o
                0x200009e0                disk
 .bss.pxCurrentTCB
                0x200009ec        0x4 ./Middlewares/Third_Party/FreeRTOS/Source/tasks.o
                0x200009ec                pxCurrentTCB
 .bss.pxReadyTasksLists
                0x200009f0       0x8c ./Middlewares/Third_Party/FreeRTOS/Source/tasks.o
 .bss.xDelayedTaskList1
                0x20000a7c       0x14 ./Middlewares/Third_Party/FreeRTOS/Source/tasks.o
 .bss.xDelayedTaskList2
                0x20000a90       0x14 ./Middlewares/Third_Party/FreeRTOS/Source/tasks.o
 .bss.pxDelayedTaskList
                0x20000aa4        0x4 ./Middlewares/Third_Party/FreeRTOS/Source/tasks.o
 .bss.pxOverflowDelayedTaskList
                0x20000aa8        0x4 ./Middlewares/Third_Party/FreeRTOS/Source/tasks.o
 .bss.xPendingReadyList
                0x20000aac       0x14 ./Middlewares/Third_Party/FreeRTOS/Source/tasks.o
 .bss.xTasksWaitingTermination
                0x20000ac0       0x14 ./Middlewares/Third_Party/FreeRTOS/Source/tasks.o
 .bss.uxDeletedTasksWaitingCleanUp
                0x20000ad4        0x4 ./Middlewares/Third_Party/FreeRTOS/Source/tasks.o
 .bss.xSuspendedTaskList
                0x20000ad8       0x14 ./Middlewares/Third_Party/FreeRTOS/Source/tasks.o
 .bss.uxCurrentNumberOfTasks
                0x20000aec        0x4 ./Middlewares/Third_Party/FreeRTOS/Source/tasks.o
 .bss.xTickCount
                0x20000af0        0x4 ./Middlewares/Third_Party/FreeRTOS/Source/tasks.o
 .bss.uxTopReadyPriority
                0x20000af4        0x4 ./Middlewares/Third_Party/FreeRTOS/Source/tasks.o
 .bss.xSchedulerRunning
                0x20000af8        0x4 ./Middlewares/Third_Party/FreeRTOS/Source/tasks.o
 .bss.uxPendedTicks
                0x20000afc        0x4 ./Middlewares/Third_Party/FreeRTOS/Source/tasks.o
 .bss.xYieldPending
                0x20000b00        0x4 ./Middlewares/Third_Party/FreeRTOS/Source/tasks.o
 .bss.xNumOfOverflows
                0x20000b04        0x4 ./Middlewares/Third_Party/FreeRTOS/Source/tasks.o
 .bss.uxTaskNumber
                0x20000b08        0x4 ./Middlewares/Third_Party/FreeRTOS/Source/tasks.o
 .bss.xNextTaskUnblockTime
                0x20000b0c        0x4 ./Middlewares/Third_Party/FreeRTOS/Source/tasks.o
 .bss.xIdleTaskHandle
                0x20000b10        0x4 ./Middlewares/Third_Party/FreeRTOS/Source/tasks.o
 .bss.uxSchedulerSuspended
                0x20000b14        0x4 ./Middlewares/Third_Party/FreeRTOS/Source/tasks.o
 .bss.ucMaxSysCallPriority
                0x20000b18        0x1 ./Middlewares/Third_Party/FreeRTOS/Source/portable/GCC/ARM_CM3/port.o
 *fill*         0x20000b19        0x3 
 .bss.ulMaxPRIGROUPValue
                0x20000b1c        0x4 ./Middlewares/Third_Party/FreeRTOS/Source/portable/GCC/ARM_CM3/port.o
 .bss.ucHeap    0x20000b20      0xc00 ./Middlewares/Third_Party/FreeRTOS/Source/portable/MemMang/heap_4.o
 .bss.xStart    0x20001720        0x8 ./Middlewares/Third_Party/FreeRTOS/Source/portable/MemMang/heap_4.o
 .bss.pxEnd     0x20001728        0x4 ./Middlewares/Third_Party/FreeRTOS/Source/portable/MemMang/heap_4.o
 .bss.xFreeBytesRemaining
                0x2000172c        0x4 ./Middlewares/Third_Party/FreeRTOS/Source/portable/MemMang/heap_4.o
 .bss.xMinimumEverFreeBytesRemaining
                0x20001730        0x4 ./Middlewares/Third_Party/FreeRTOS/Source/portable/MemMang/heap_4.o
 .bss.xBlockAllocatedBit
                0x20001734        0x4 ./Middlewares/Third_Party/FreeRTOS/Source/portable/MemMang/heap_4.o
 .bss.hUsbDeviceFS
                0x20001738      0x2c4 ./USB_DEVICE/App/usb_device.o
                0x20001738                hUsbDeviceFS
 .bss.USBD_StrDesc
                0x200019fc      0x200 ./USB_DEVICE/App/usbd_desc.o
                0x200019fc                USBD_StrDesc
 .bss.hpcd_USB_FS
                0x20001bfc      0x2f0 ./USB_DEVICE/Target/usbd_conf.o
                0x20001bfc                hpcd_USB_FS
 .bss.mem.0     0x20001eec      0x270 ./USB_DEVICE/Target/usbd_conf.o
 .bss.__sf      0x2000215c      0x138 /opt/st/stm32cubeide_1.16.0/plugins/com.st.stm32cube.ide.mcu.externaltools.gnu-tools-for-stm32.12.3.rel1.linux64_1.0.200.202406132123/tools/bin/../lib/gcc/arm-none-eabi/12.3.1/../../../../arm-none-eabi/lib/thumb/v7-m/nofp/libc_nano.a(libc_a-findfp.o)
                0x2000215c                __sf
 .bss.errno     0x20002294        0x4 /opt/st/stm32cubeide_1.16.0/plugins/com.st.stm32cube.ide.mcu.externaltools.gnu-tools-for-stm32.12.3.rel1.linux64_1.0.200.202406132123/tools/bin/../lib/gcc/arm-none-eabi/12.3.1/../../../../arm-none-eabi/lib/thumb/v7-m/nofp/libc_nano.a(libc_a-reent.o)
                0x20002294                errno
 .bss.__lock___malloc_recursive_mutex
                0x20002298        0x1 /opt/st/stm32cubeide_1.16.0/plugins/com.st.stm32cube.ide.mcu.externaltools.gnu-tools-for-stm32.12.3.rel1.linux64_1.0.200.202406132123/tools/bin/../lib/gcc/arm-none-eabi/12.3.1/../../../../arm-none-eabi/lib/thumb/v7-m/nofp/libc_nano.a(libc_a-lock.o)
                0x20002298                __lock___malloc_recursive_mutex
 *fill*         0x20002299        0x3 
 .bss.__malloc_sbrk_start
                0x2000229c        0x4 /opt/st/stm32cubeide_1.16.0/plugins/com.st.stm32cube.ide.mcu.externaltools.gnu-tools-for-stm32.12.3.rel1.linux64_1.0.200.202406132123/tools/bin/../lib/gcc/arm-none-eabi/12.3.1/../../../../arm-none-eabi/lib/thumb/v7-m/nofp/libc_nano.a(libc_a-mallocr.o)
                0x2000229c                __malloc_sbrk_start
 .bss.__malloc_free_list
                0x200022a0        0x4 /opt/st/stm32cubeide_1.16.0/plugins/com.st.stm32cube.ide.mcu.externaltools.gnu-tools-for-stm32.12.3.rel1.linux64_1.0.200.202406132123/tools/bin/../lib/gcc/arm-none-eabi/12.3.1/../../../../arm-none-eabi/lib/thumb/v7-m/nofp/libc_nano.a(libc_a-mallocr.o)
                0x200022a0                __malloc_free_list
 *(COMMON)
                0x200022a4                        . = ALIGN (0x4)
                0x200022a4                        _ebss = .
                0x200022a4                        __bss_end__ = _ebss

._user_heap_stack
                0x200022a4      0x604 load address 0x0800f2c0
                0x200022a8                        . = ALIGN (0x8)
 *fill*         0x200022a4        0x4 
                [!provide]                        PROVIDE (end = .)
                0x200022a8                        PROVIDE (_end = .)
                0x200024a8                        . = (. + _Min_Heap_Size)
 *fill*         0x200022a8      0x200 
                0x200028a8                        . = (. + _Min_Stack_Size)
 *fill*         0x200024a8      0x400 
                0x200028a8                        . = ALIGN (0x8)

/DISCARD/
 libc.a(*)
 libm.a(*)
 libgcc.a(*)

.ARM.attributes
                0x00000000       0x29
 *(.ARM.attributes)
 .ARM.attributes
                0x00000000       0x1d /opt/st/stm32cubeide_1.16.0/plugins/com.st.stm32cube.ide.mcu.externaltools.gnu-tools-for-stm32.12.3.rel1.linux64_1.0.200.202406132123/tools/bin/../lib/gcc/arm-none-eabi/12.3.1/thumb/v7-m/nofp/crti.o
 .ARM.attributes
                0x0000001d       0x2d /opt/st/stm32cubeide_1.16.0/plugins/com.st.stm32cube.ide.mcu.externaltools.gnu-tools-for-stm32.12.3.rel1.linux64_1.0.200.202406132123/tools/bin/../lib/gcc/arm-none-eabi/12.3.1/thumb/v7-m/nofp/crtbegin.o
 .ARM.attributes
                0x0000004a       0x2d ./Core/Src/button_api/button_api.o
 .ARM.attributes
                0x00000077       0x2d ./Core/Src/freertos.o
 .ARM.attributes
                0x000000a4       0x2d ./Core/Src/main.o
 .ARM.attributes
                0x000000d1       0x2d ./Core/Src/stm32f1xx_hal_msp.o
 .ARM.attributes